Archive member included to satisfy reference by file (symbol)

../StdPeriphDriver\libISP583.a(ISP583.o)
                              ./Task/app_db.o (FLASH_EEPROM_CMD)
d:/软件工具/mounriver_studio_setup_v142/mounriver_studio/toolchain/risc-v embedded gcc/bin/../lib/gcc/riscv-none-embed/8.2.0/../../../../riscv-none-embed/lib/rv32imac/ilp32\libm.a(lib_a-s_cos.o)
                              ./Task/app_gps.o (cos)
d:/软件工具/mounriver_studio_setup_v142/mounriver_studio/toolchain/risc-v embedded gcc/bin/../lib/gcc/riscv-none-embed/8.2.0/../../../../riscv-none-embed/lib/rv32imac/ilp32\libm.a(lib_a-s_sin.o)
                              ./Task/app_gps.o (sin)
d:/软件工具/mounriver_studio_setup_v142/mounriver_studio/toolchain/risc-v embedded gcc/bin/../lib/gcc/riscv-none-embed/8.2.0/../../../../riscv-none-embed/lib/rv32imac/ilp32\libm.a(lib_a-w_asin.o)
                              ./Task/app_gps.o (asin)
d:/软件工具/mounriver_studio_setup_v142/mounriver_studio/toolchain/risc-v embedded gcc/bin/../lib/gcc/riscv-none-embed/8.2.0/../../../../riscv-none-embed/lib/rv32imac/ilp32\libm.a(lib_a-w_pow.o)
                              ./Task/app_gps.o (pow)
d:/软件工具/mounriver_studio_setup_v142/mounriver_studio/toolchain/risc-v embedded gcc/bin/../lib/gcc/riscv-none-embed/8.2.0/../../../../riscv-none-embed/lib/rv32imac/ilp32\libm.a(lib_a-w_sqrt.o)
                              ./Task/app_gps.o (sqrt)
d:/软件工具/mounriver_studio_setup_v142/mounriver_studio/toolchain/risc-v embedded gcc/bin/../lib/gcc/riscv-none-embed/8.2.0/../../../../riscv-none-embed/lib/rv32imac/ilp32\libm.a(lib_a-e_asin.o)
                              d:/软件工具/mounriver_studio_setup_v142/mounriver_studio/toolchain/risc-v embedded gcc/bin/../lib/gcc/riscv-none-embed/8.2.0/../../../../riscv-none-embed/lib/rv32imac/ilp32\libm.a(lib_a-w_asin.o) (__ieee754_asin)
d:/软件工具/mounriver_studio_setup_v142/mounriver_studio/toolchain/risc-v embedded gcc/bin/../lib/gcc/riscv-none-embed/8.2.0/../../../../riscv-none-embed/lib/rv32imac/ilp32\libm.a(lib_a-e_pow.o)
                              d:/软件工具/mounriver_studio_setup_v142/mounriver_studio/toolchain/risc-v embedded gcc/bin/../lib/gcc/riscv-none-embed/8.2.0/../../../../riscv-none-embed/lib/rv32imac/ilp32\libm.a(lib_a-w_pow.o) (__ieee754_pow)
d:/软件工具/mounriver_studio_setup_v142/mounriver_studio/toolchain/risc-v embedded gcc/bin/../lib/gcc/riscv-none-embed/8.2.0/../../../../riscv-none-embed/lib/rv32imac/ilp32\libm.a(lib_a-e_rem_pio2.o)
                              d:/软件工具/mounriver_studio_setup_v142/mounriver_studio/toolchain/risc-v embedded gcc/bin/../lib/gcc/riscv-none-embed/8.2.0/../../../../riscv-none-embed/lib/rv32imac/ilp32\libm.a(lib_a-s_cos.o) (__ieee754_rem_pio2)
d:/软件工具/mounriver_studio_setup_v142/mounriver_studio/toolchain/risc-v embedded gcc/bin/../lib/gcc/riscv-none-embed/8.2.0/../../../../riscv-none-embed/lib/rv32imac/ilp32\libm.a(lib_a-e_sqrt.o)
                              d:/软件工具/mounriver_studio_setup_v142/mounriver_studio/toolchain/risc-v embedded gcc/bin/../lib/gcc/riscv-none-embed/8.2.0/../../../../riscv-none-embed/lib/rv32imac/ilp32\libm.a(lib_a-w_sqrt.o) (__ieee754_sqrt)
d:/软件工具/mounriver_studio_setup_v142/mounriver_studio/toolchain/risc-v embedded gcc/bin/../lib/gcc/riscv-none-embed/8.2.0/../../../../riscv-none-embed/lib/rv32imac/ilp32\libm.a(lib_a-k_cos.o)
                              d:/软件工具/mounriver_studio_setup_v142/mounriver_studio/toolchain/risc-v embedded gcc/bin/../lib/gcc/riscv-none-embed/8.2.0/../../../../riscv-none-embed/lib/rv32imac/ilp32\libm.a(lib_a-s_cos.o) (__kernel_cos)
d:/软件工具/mounriver_studio_setup_v142/mounriver_studio/toolchain/risc-v embedded gcc/bin/../lib/gcc/riscv-none-embed/8.2.0/../../../../riscv-none-embed/lib/rv32imac/ilp32\libm.a(lib_a-k_rem_pio2.o)
                              d:/软件工具/mounriver_studio_setup_v142/mounriver_studio/toolchain/risc-v embedded gcc/bin/../lib/gcc/riscv-none-embed/8.2.0/../../../../riscv-none-embed/lib/rv32imac/ilp32\libm.a(lib_a-e_rem_pio2.o) (__kernel_rem_pio2)
d:/软件工具/mounriver_studio_setup_v142/mounriver_studio/toolchain/risc-v embedded gcc/bin/../lib/gcc/riscv-none-embed/8.2.0/../../../../riscv-none-embed/lib/rv32imac/ilp32\libm.a(lib_a-k_sin.o)
                              d:/软件工具/mounriver_studio_setup_v142/mounriver_studio/toolchain/risc-v embedded gcc/bin/../lib/gcc/riscv-none-embed/8.2.0/../../../../riscv-none-embed/lib/rv32imac/ilp32\libm.a(lib_a-s_cos.o) (__kernel_sin)
d:/软件工具/mounriver_studio_setup_v142/mounriver_studio/toolchain/risc-v embedded gcc/bin/../lib/gcc/riscv-none-embed/8.2.0/../../../../riscv-none-embed/lib/rv32imac/ilp32\libm.a(lib_a-s_fabs.o)
                              d:/软件工具/mounriver_studio_setup_v142/mounriver_studio/toolchain/risc-v embedded gcc/bin/../lib/gcc/riscv-none-embed/8.2.0/../../../../riscv-none-embed/lib/rv32imac/ilp32\libm.a(lib_a-w_asin.o) (fabs)
[...]
Memory Configuration

Name             Origin             Length             Attributes
FLASH            0x0000000000000000 0x0000000000064000 xr
RAM              0x0000000020000000 0x0000000000008000 xrw
*default*        0x0000000000000000 0xffffffffffffffff

Linker script and memory map

LOAD ./Task/aes.o
LOAD ./Task/app_atcmd.o
LOAD ./Task/app_bleRelay.o
LOAD ./Task/app_bleprotocol.o
LOAD ./Task/app_db.o
LOAD ./Task/app_encrypt.o
LOAD ./Task/app_gps.o
LOAD ./Task/app_instructioncmd.o
LOAD ./Task/app_jt808.o
LOAD ./Task/app_kernal.o
LOAD ./Task/app_mir3da.o
LOAD ./Task/app_net.o
LOAD ./Task/app_param.o
LOAD ./Task/app_port.o
LOAD ./Task/app_protocol.o
LOAD ./Task/app_server.o
LOAD ./Task/app_sn.o
LOAD ./Task/app_socket.o
LOAD ./Task/app_sys.o
LOAD ./Task/app_task.o
LOAD ./StdPeriphDriver/CH58x_adc.o
LOAD ./StdPeriphDriver/CH58x_clk.o
LOAD ./StdPeriphDriver/CH58x_flash.o
LOAD ./StdPeriphDriver/CH58x_gpio.o
LOAD ./StdPeriphDriver/CH58x_i2c.o
LOAD ./StdPeriphDriver/CH58x_pwm.o
LOAD ./StdPeriphDriver/CH58x_pwr.o
LOAD ./StdPeriphDriver/CH58x_spi0.o
LOAD ./StdPeriphDriver/CH58x_spi1.o
LOAD ./StdPeriphDriver/CH58x_sys.o
LOAD ./StdPeriphDriver/CH58x_timer0.o
LOAD ./StdPeriphDriver/CH58x_timer1.o
LOAD ./StdPeriphDriver/CH58x_timer2.o
LOAD ./StdPeriphDriver/CH58x_timer3.o
LOAD ./StdPeriphDriver/CH58x_uart0.o
LOAD ./StdPeriphDriver/CH58x_uart1.o
LOAD ./StdPeriphDriver/CH58x_uart2.o
LOAD ./StdPeriphDriver/CH58x_uart3.o
LOAD ./StdPeriphDriver/CH58x_usb2dev.o
LOAD ./StdPeriphDriver/CH58x_usb2hostBase.o
LOAD ./StdPeriphDriver/CH58x_usb2hostClass.o
LOAD ./StdPeriphDriver/CH58x_usbdev.o
LOAD ./StdPeriphDriver/CH58x_usbhostBase.o
LOAD ./StdPeriphDriver/CH58x_usbhostClass.o
LOAD ./Startup/startup_CH583.o
LOAD ./RVMSIS/core_riscv.o
LOAD ./HAL/KEY.o
LOAD ./HAL/LED.o
LOAD ./HAL/MCU.o
LOAD ./HAL/RTC.o
LOAD ./HAL/SLEEP.o
LOAD ./APP/app_broadcaster.o
LOAD ./APP/app_central.o
LOAD ./APP/app_hid.o
LOAD ./APP/app_main.o
LOAD ./APP/app_peripheral.o
LOAD ../StdPeriphDriver\libISP583.a
LOAD d:/软件工具/mounriver_studio_setup_v142/mounriver_studio/toolchain/risc-v embedded gcc/bin/../lib/gcc/riscv-none-embed/8.2.0/../../../../riscv-none-embed/lib/rv32imac/ilp32\libm.a
LOAD R:\ZTProject\G3N_EC800M\g3n_ec800m_app\LIB\libCH58xBLE.a
LOAD d:/软件工具/mounriver_studio_setup_v142/mounriver_studio/toolchain/risc-v embedded gcc/bin/../lib/gcc/riscv-none-embed/8.2.0/rv32imac/ilp32\libgcc.a
LOAD d:/软件工具/mounriver_studio_setup_v142/mounriver_studio/toolchain/risc-v embedded gcc/bin/../lib/gcc/riscv-none-embed/8.2.0/../../../../riscv-none-embed/lib/rv32imac/ilp32\libg_nano.a
LOAD d:/软件工具/mounriver_studio_setup_v142/mounriver_studio/toolchain/risc-v embedded gcc/bin/../lib/gcc/riscv-none-embed/8.2.0/../../../../riscv-none-embed/lib/rv32imac/ilp32\libc_nano.a
LOAD d:/软件工具/mounriver_studio_setup_v142/mounriver_studio/toolchain/risc-v embedded gcc/bin/../lib/gcc/riscv-none-embed/8.2.0/rv32imac/ilp32\libgcc.a
START GROUP
LOAD d:/软件工具/mounriver_studio_setup_v142/mounriver_studio/toolchain/risc-v embedded gcc/bin/../lib/gcc/riscv-none-embed/8.2.0/rv32imac/ilp32\libgcc.a
LOAD d:/软件工具/mounriver_studio_setup_v142/mounriver_studio/toolchain/risc-v embedded gcc/bin/../lib/gcc/riscv-none-embed/8.2.0/../../../../riscv-none-embed/lib/rv32imac/ilp32\libc_nano.a
LOAD d:/软件工具/mounriver_studio_setup_v142/mounriver_studio/toolchain/risc-v embedded gcc/bin/../lib/gcc/riscv-none-embed/8.2.0/../../../../riscv-none-embed/lib/rv32imac/ilp32\libnosys.a
END GROUP
START GROUP
LOAD d:/软件工具/mounriver_studio_setup_v142/mounriver_studio/toolchain/risc-v embedded gcc/bin/../lib/gcc/riscv-none-embed/8.2.0/rv32imac/ilp32\libgcc.a
LOAD d:/软件工具/mounriver_studio_setup_v142/mounriver_studio/toolchain/risc-v embedded gcc/bin/../lib/gcc/riscv-none-embed/8.2.0/../../../../riscv-none-embed/lib/rv32imac/ilp32\libc_nano.a
LOAD d:/软件工具/mounriver_studio_setup_v142/mounriver_studio/toolchain/risc-v embedded gcc/bin/../lib/gcc/riscv-none-embed/8.2.0/../../../../riscv-none-embed/lib/rv32imac/ilp32\libnosys.a
END GROUP

.init           0x0000000000000000        0x4
                0x0000000000000000                _sinit = .
                0x0000000000000000                . = ALIGN (0x4)
 *(SORT_NONE(.init))
 .init          0x0000000000000000        0x4 ./Startup/startup_CH583.o
                0x0000000000000000                _start
                0x0000000000000004                . = ALIGN (0x4)
                0x0000000000000004                _einit = .

.highcodelalign
                0x0000000000000004        0x0
                0x0000000000000004                . = ALIGN (0x4)
                0x0000000000000004                PROVIDE (_highcode_lma = .)

.highcode       0x0000000020000000     0x24a8 load address 0x0000000000000004
                0x0000000020000000                . = ALIGN (0x4)
                0x0000000020000000                PROVIDE (_highcode_vma_start = .)
 *(.vector)
 .vector        0x0000000020000000       0x90 ./Startup/startup_CH583.o
 *(SORT_NONE(.vector_handler))
 .vector_handler
                0x0000000020000090       0x36 ./Startup/startup_CH583.o
                0x0000000020000090                NMI_Handler
                0x0000000020000094                Ecall_M_Mode_Handler
                0x0000000020000096                Ecall_U_Mode_Handler
                0x0000000020000098                Break_Point_Handler
                0x000000002000009a                SysTick_Handler
                0x000000002000009c                SW_Handler
                0x000000002000009e                TMR0_IRQHandler
                0x00000000200000a4                SPI0_IRQHandler
                0x00000000200000a6                BB_IRQHandler
                0x00000000200000a8                LLE_IRQHandler
                0x00000000200000aa                USB_IRQHandler
                0x00000000200000ac                USB2_IRQHandler
                0x00000000200000ae                TMR1_IRQHandler
                0x00000000200000b0                TMR2_IRQHandler
                0x00000000200000b8                ADC_IRQHandler
                0x00000000200000ba                I2C_IRQHandler
                0x00000000200000bc                PWMX_IRQHandler
                0x00000000200000be                TMR3_IRQHandler
                0x00000000200000c4                WDOG_BAT_IRQHandler
 *(.highcode)
 .highcode      0x00000000200000c6      0x2bc ./Task/app_port.o
                0x00000000200000c6                UART0_IRQHandler
                0x000000002000015e                UART1_IRQHandler
                0x00000000200001f6                UART2_IRQHandler
                0x000000002000028e                UART3_IRQHandler
                0x0000000020000326                GPIOA_IRQHandler
                0x0000000020000354                GPIOB_IRQHandler
 .highcode      0x0000000020000382      0x29e ./StdPeriphDriver/CH58x_pwr.o
                0x0000000020000382                LowPower_Idle
                0x00000000200003c0                LowPower_Halt
                0x0000000020000474                LowPower_Sleep
                0x000000002000053e                LowPower_Shutdown
 .highcode      0x0000000020000620      0x1c6 ./StdPeriphDriver/CH58x_sys.o
                0x0000000020000620                SetSysClock
                0x0000000020000776                HardFault_Handler
                0x00000000200007b0                mDelayuS
                0x00000000200007be                mDelaymS
 .highcode      0x00000000200007e6       0x1a ./HAL/RTC.o
                0x00000000200007e6                RTC_IRQHandler
 .highcode      0x0000000020000800        0x8 ./APP/app_main.o
                0x0000000020000800                Main_Circulation
 .highcode      0x0000000020000808      0x426 ../StdPeriphDriver\libISP583.a(ISP583.o)
                0x0000000020000808                FLASH_ROM_BEG
                0x000000002000081a                FLASH_ROM_END
                0x0000000020000828                FLASH_ROM_IN
                0x0000000020000836                FLASH_ROM_OUT
                0x0000000020000844                FLASH_ROM_ADDR
                0x000000002000088c                FLASH_ROM_WAIT
                0x00000000200008c4                FLASH_EEPROM_CMD
 .highcode      0x0000000020000c2e      0x434 R:\ZTProject\G3N_EC800M\g3n_ec800m_app\LIB\libCH58xBLE.a(tmos.o)
                0x0000000020000c2e                tmos_memcpy
                0x0000000020000c4e                tmos_memcpy_word
                0x0000000020000c66                tmos_memset
                0x0000000020000c78                tmos_strlen
                0x0000000020000c8c                tmos_memdup
                0x0000000020000cbe                tmos_memcmp
                0x0000000020000cec                tmos_revmemcpy
                0x0000000020000d08                tmos_isbufset
                0x0000000020000d2a                tmos_proces_system_time
                0x0000000020000e76                TMOS_SystemProcess
 .highcode      0x0000000020001062       0x4a R:\ZTProject\G3N_EC800M\g3n_ec800m_app\LIB\libCH58xBLE.a(tmos_hw.o)
 .highcode      0x00000000200010ac      0x2d2 R:\ZTProject\G3N_EC800M\g3n_ec800m_app\LIB\libCH58xBLE.a(ll_connect.o)
                0x00000000200010ac                ll_connect_send_data
                0x00000000200011bc                ll_connect_recv_data
                0x000000002000129c                ll_connect_event_continue
 .highcode      0x000000002000137e      0x310 R:\ZTProject\G3N_EC800M\g3n_ec800m_app\LIB\libCH58xBLE.a(ll_hop.o)
                0x000000002000137e                LL_HopGetChannel
                0x0000000020001424                LL_HopGetChannel2
 .highcode      0x000000002000168e       0xd8 R:\ZTProject\G3N_EC800M\g3n_ec800m_app\LIB\libCH58xBLE.a(ll_resolvinglist.o)
                0x000000002000168e                LL_ResolvinglistPeerIdentifyAddressGetIrk
                0x00000000200016e2                LL_ResolvinglistPeerRpaAddressGetIrk
                0x0000000020001724                LL_ResolvinglistLocalRpaAddressGetIrk
 .highcode      0x0000000020001766       0x50 R:\ZTProject\G3N_EC800M\g3n_ec800m_app\LIB\libCH58xBLE.a(ll_whitelist.o)
                0x0000000020001766                LL_WhitelistLookup
 .highcode      0x00000000200017b6      0x1b8 R:\ZTProject\G3N_EC800M\g3n_ec800m_app\LIB\libCH58xBLE.a(aes.o)
                0x00000000200017b6                AES_DevAESEnc
 .highcode      0x000000002000196e      0x14e R:\ZTProject\G3N_EC800M\g3n_ec800m_app\LIB\libCH58xBLE.a(bb.o)
                0x000000002000196e                BB_RAM_IRQHandler
 .highcode      0x0000000020001abc      0x41e R:\ZTProject\G3N_EC800M\g3n_ec800m_app\LIB\libCH58xBLE.a(ip.o)
                0x0000000020001abc                ll_rx_wait_finish
                0x0000000020001af4                ble_ll_chkcrc
                0x0000000020001bba                ll_tx_wait_finish
                0x0000000020001d18                BLE_CheckHoppingMap
 .highcode      0x0000000020001eda      0x212 R:\ZTProject\G3N_EC800M\g3n_ec800m_app\LIB\libCH58xBLE.a(lle.o)
                0x0000000020001eda                LLE_RAM_IRQHandler
 .highcode      0x00000000200020ec      0x1d2 R:\ZTProject\G3N_EC800M\g3n_ec800m_app\LIB\libCH58xBLE.a(rf_fh.o)
                0x00000000200020ec                RF_HopGetChannel
                0x000000002000216e                RF_FrequencyHoppingGet
                0x0000000020002224                RF_FrequencyHoppingChange
 .highcode      0x00000000200022be       0x30 R:\ZTProject\G3N_EC800M\g3n_ec800m_app\LIB\libCH58xBLE.a(rfend.o)
                0x00000000200022be                RFEND_WaitTune
 .highcode      0x00000000200022ee      0x1ba R:\ZTProject\G3N_EC800M\g3n_ec800m_app\LIB\libCH58xBLE.a(memory.o)
                0x00000000200022ee                tmos_memory_allocate
                0x00000000200023c0                tmos_memory_free
 *(.highcode.*)
                0x00000000200024a8                . = ALIGN (0x4)
                0x00000000200024a8                PROVIDE (_highcode_vma_end = .)

.text           0x00000000000024b0    0x3dcac
                0x00000000000024b0                . = ALIGN (0x4)
 *(SORT_NONE(.handle_reset))
 .handle_reset  0x00000000000024b0       0xb2 ./Startup/startup_CH583.o
                0x00000000000024b0                handle_reset
 *(.text)
 .text          0x0000000000002562       0xa8 d:/软件工具/mounriver_studio_setup_v142/mounriver_studio/toolchain/risc-v embedded gcc/bin/../lib/gcc/riscv-none-embed/8.2.0/../../../../riscv-none-embed/lib/rv32imac/ilp32\libg_nano.a(lib_a-memset.o)
                0x0000000000002562                memset
 .text          0x000000000000260a      0x11e d:/软件工具/mounriver_studio_setup_v142/mounriver_studio/toolchain/risc-v embedded gcc/bin/../lib/gcc/riscv-none-embed/8.2.0/../../../../riscv-none-embed/lib/rv32imac/ilp32\libg_nano.a(lib_a-strcmp.o)
                0x000000000000260a                strcmp
 *(.text.*)
 .text.convertToIntArray
                0x0000000000002728       0x2a ./Task/aes.o
 .text.splitIntToArray
                0x0000000000002752       0x22 ./Task/aes.o
 .text.leftLoop4int
                0x0000000000002774       0x34 ./Task/aes.o
 .text.extendKey
                0x00000000000027a8       0xf0 ./Task/aes.o
 .text.addRoundKey
                0x0000000000002898       0x5e ./Task/aes.o
 .text.shiftRows
                0x00000000000028f6       0x70 ./Task/aes.o
 .text.GFMul2   0x0000000000002966       0x12 ./Task/aes.o
 .text.GFMul4   0x0000000000002978        0xc ./Task/aes.o
 .text.convertArrayToStr
                0x0000000000002984       0x2c ./Task/aes.o
 .text.subBytes
                0x00000000000029b0       0x38 ./Task/aes.o
 .text.GFMul    0x00000000000029e8       0x84 ./Task/aes.o
 .text.aes      0x0000000000002a6c      0x146 ./Task/aes.o
                0x0000000000002a6c                aes
 .text.encryptData
                0x0000000000002bb2       0xae ./Task/aes.o
                0x0000000000002bb2                encryptData
 .text.atCmdIMEIParser
                0x0000000000002c60       0x2c ./Task/app_atcmd.o
                0x0000000000002c60                atCmdIMEIParser
 .text.atCmdParserFunction
                0x0000000000002c8c      0x710 ./Task/app_atcmd.o
                0x0000000000002c8c                atCmdParserFunction
 .text.bleRelaySetReq
                0x000000000000339c       0x2e ./Task/app_bleRelay.o
                0x000000000000339c                bleRelaySetReq
 .text.bleRelaySetAllReq
                0x00000000000033ca       0x2e ./Task/app_bleRelay.o
                0x00000000000033ca                bleRelaySetAllReq
 .text.bleRelayClearReq
                0x00000000000033f8       0x32 ./Task/app_bleRelay.o
                0x00000000000033f8                bleRelayClearReq
 .text.bleRelayClearAllReq
                0x000000000000342a       0x50 ./Task/app_bleRelay.o
                0x000000000000342a                bleRelayClearAllReq
 .text.bleRelayInsert
                0x000000000000347a       0x84 ./Task/app_bleRelay.o
                0x000000000000347a                bleRelayInsert
 .text.bleRelayDeleteAll
                0x00000000000034fe       0x1e ./Task/app_bleRelay.o
                0x00000000000034fe                bleRelayDeleteAll
 .text.bleRelayGeInfo
                0x000000000000351c       0x2a ./Task/app_bleRelay.o
                0x000000000000351c                bleRelayGeInfo
 .text.createBleProtocolHead
                0x0000000000003546       0x2a ./Task/app_bleprotocol.o
                0x0000000000003546                createBleProtocolHead
 .text.createBleProtocolTail
                0x0000000000003570       0xa4 ./Task/app_bleprotocol.o
                0x0000000000003570                createBleProtocolTail
 .text.createBleProtocolUpload
                0x0000000000003614       0x44 ./Task/app_bleprotocol.o
                0x0000000000003614                createBleProtocolUpload
 .text.dbInfoWrite
                0x0000000000003658       0x34 ./Task/app_db.o
 .text.dbSectionWrite
                0x000000000000368c      0x14a ./Task/app_db.o
 .text.dbInfoClear
                0x00000000000037d6       0x36 ./Task/app_db.o
                0x00000000000037d6                dbInfoClear
 .text.dbInfoRead
                0x000000000000380c       0x42 ./Task/app_db.o
                0x000000000000380c                dbInfoRead
 .text.dbUpload
                0x000000000000384e      0x120 ./Task/app_db.o
                0x000000000000384e                dbUpload
 .text.dbCircularWrite
                0x000000000000396e       0xb4 ./Task/app_db.o
                0x000000000000396e                dbCircularWrite
 .text.dbSaveRelease
                0x0000000000003a22       0x50 ./Task/app_db.o
                0x0000000000003a22                dbSaveRelease
 .text.dbSave   0x0000000000003a72       0x60 ./Task/app_db.o
                0x0000000000003a72                dbSave
 .text.dbCircularRead
                0x0000000000003ad2      0x10a ./Task/app_db.o
                0x0000000000003ad2                dbCircularRead
 .text.initLastPoint
                0x0000000000003bdc       0x38 ./Task/app_gps.o
 .text.charstrToHexValue
                0x0000000000003c14       0xda ./Task/app_gps.o
                0x0000000000003c14                charstrToHexValue
 .text.parse_GSA
                0x0000000000003cee       0x3a ./Task/app_gps.o
                0x0000000000003cee                parse_GSA
 .text.parse_GSV
                0x0000000000003d28      0x1fa ./Task/app_gps.o
                0x0000000000003d28                parse_GSV
 .text.parse_GGA
                0x0000000000003f22       0x4c ./Task/app_gps.o
                0x0000000000003f22                parse_GGA
 .text.latitude_to_double
                0x0000000000003f6e       0xbc ./Task/app_gps.o
                0x0000000000003f6e                latitude_to_double
 .text.longitude_to_double
                0x000000000000402a       0xbc ./Task/app_gps.o
                0x000000000000402a                longitude_to_double
 .text.changeUTCTimeToLocalTime
                0x00000000000040e6      0x17e ./Task/app_gps.o
                0x00000000000040e6                changeUTCTimeToLocalTime
 .text.updateLocalRTCTime
                0x0000000000004264       0x86 ./Task/app_gps.o
                0x0000000000004264                updateLocalRTCTime
 .text.showgpsinfo
                0x00000000000042ea      0x1b6 ./Task/app_gps.o
                0x00000000000042ea                showgpsinfo
 .text.parse_RMC
                0x00000000000044a0      0x242 ./Task/app_gps.o
                0x00000000000044a0                parse_RMC
 .text.parseGPS
                0x00000000000046e2      0x164 ./Task/app_gps.o
                0x00000000000046e2                parseGPS
 .text.nmeaParser
                0x0000000000004846       0x80 ./Task/app_gps.o
                0x0000000000004846                nmeaParser
 .text.gpsClearCurrentGPSInfo
                0x00000000000048c6       0x2e ./Task/app_gps.o
                0x00000000000048c6                gpsClearCurrentGPSInfo
 .text.getCurrentGPSInfo
                0x00000000000048f4       0x16 ./Task/app_gps.o
                0x00000000000048f4                getCurrentGPSInfo
 .text.getLastFixedGPSInfo
                0x000000000000490a        0x6 ./Task/app_gps.o
                0x000000000000490a                getLastFixedGPSInfo
 .text.gpsUploadPointToServer
                0x0000000000004910      0x422 ./Task/app_gps.o
                0x0000000000004910                gpsUploadPointToServer
 .text.serverChangeCallBack
                0x0000000000004d32       0x38 ./Task/app_instructioncmd.o
 .text.sendMsgWithMode
                0x0000000000004d6a       0x90 ./Task/app_instructioncmd.o
 .text.dorequestSend123
                0x0000000000004dfa       0xe0 ./Task/app_instructioncmd.o
                0x0000000000004dfa                dorequestSend123
 .text.do123Instruction
                0x0000000000004eda       0x80 ./Task/app_instructioncmd.o
                0x0000000000004eda                do123Instruction
 .text.doAPNInstruction
                0x0000000000004f5a       0xf4 ./Task/app_instructioncmd.o
                0x0000000000004f5a                doAPNInstruction
 .text.doUPSInstruction
                0x000000000000504e       0xe8 ./Task/app_instructioncmd.o
                0x000000000000504e                doUPSInstruction
 .text.doLOWWInstruction
                0x0000000000005136       0xaa ./Task/app_instructioncmd.o
                0x0000000000005136                doLOWWInstruction
 .text.doLEDInstruction
                0x00000000000051e0       0x7a ./Task/app_instructioncmd.o
                0x00000000000051e0                doLEDInstruction
 .text.doPOITYPEInstruction
                0x000000000000525a       0xde ./Task/app_instructioncmd.o
                0x000000000000525a                doPOITYPEInstruction
 .text.doResetInstruction
                0x0000000000005338       0x28 ./Task/app_instructioncmd.o
                0x0000000000005338                doResetInstruction
 .text.doUTCInstruction
                0x0000000000005360       0xc4 ./Task/app_instructioncmd.o
                0x0000000000005360                doUTCInstruction
 .text.doDebugInstrucion
                0x0000000000005424       0xcc ./Task/app_instructioncmd.o
                0x0000000000005424                doDebugInstrucion
 .text.doACCCTLGNSSInstrucion
                0x00000000000054f0       0x94 ./Task/app_instructioncmd.o
                0x00000000000054f0                doACCCTLGNSSInstrucion
 .text.doAccdetmodeInstruction
                0x0000000000005584       0xac ./Task/app_instructioncmd.o
                0x0000000000005584                doAccdetmodeInstruction
 .text.doFenceInstrucion
                0x0000000000005630       0x5c ./Task/app_instructioncmd.o
                0x0000000000005630                doFenceInstrucion
 .text.doIccidInstrucion
                0x000000000000568c       0x2a ./Task/app_instructioncmd.o
                0x000000000000568c                doIccidInstrucion
 .text.doFactoryInstrucion
                0x00000000000056b6       0x44 ./Task/app_instructioncmd.o
                0x00000000000056b6                doFactoryInstrucion
 .text.doSetAgpsInstruction
                0x00000000000056fa       0xd2 ./Task/app_instructioncmd.o
                0x00000000000056fa                doSetAgpsInstruction
 .text.doBFInstruction
                0x00000000000057cc       0x2a ./Task/app_instructioncmd.o
                0x00000000000057cc                doBFInstruction
 .text.doCFInstruction
                0x00000000000057f6       0x28 ./Task/app_instructioncmd.o
                0x00000000000057f6                doCFInstruction
 .text.doProtectVolInstrucion
                0x000000000000581e       0x88 ./Task/app_instructioncmd.o
                0x000000000000581e                doProtectVolInstrucion
 .text.doTimerInstrucion
                0x00000000000058a6       0xa4 ./Task/app_instructioncmd.o
                0x00000000000058a6                doTimerInstrucion
 .text.doSOSInstruction
                0x000000000000594a      0x206 ./Task/app_instructioncmd.o
                0x000000000000594a                doSOSInstruction
 .text.doCenterInstruction
                0x0000000000005b50      0x19a ./Task/app_instructioncmd.o
                0x0000000000005b50                doCenterInstruction
 .text.doSosAlmInstruction
                0x0000000000005cea      0x104 ./Task/app_instructioncmd.o
                0x0000000000005cea                doSosAlmInstruction
 .text.instructionParser
                0x0000000000005dee     0x16b4 ./Task/app_instructioncmd.o
                0x0000000000005dee                instructionParser
 .text.jt808GetSerial
                0x00000000000074a2       0x12 ./Task/app_jt808.o
 .text.jt808PackMessageTail
                0x00000000000074b4       0x54 ./Task/app_jt808.o
 .text.byteToBcd
                0x0000000000007508       0x1c ./Task/app_jt808.o
 .text.jt808gpsRestoreChange
                0x0000000000007524       0xee ./Task/app_jt808.o
 .text.jt808Escape
                0x0000000000007612       0xea ./Task/app_jt808.o
 .text.jt808UpdateStatus.part.5
                0x00000000000076fc       0x10 ./Task/app_jt808.o
 .text.jt808PackGpsinfo
                0x000000000000770c      0x1f2 ./Task/app_jt808.o
 .text.jt808PositionInfo.constprop.15
                0x00000000000078fe      0x1fe ./Task/app_jt808.o
 .text.jt808PackMessageHead.constprop.19
                0x0000000000007afc       0x4a ./Task/app_jt808.o
 .text.jt808TerminalPosition.constprop.14
                0x0000000000007b46       0xae ./Task/app_jt808.o
 .text.jt808CreateSn
                0x0000000000007bf4       0x56 ./Task/app_jt808.o
                0x0000000000007bf4                jt808CreateSn
 .text.jt808UpdateStatus
                0x0000000000007c4a       0x16 ./Task/app_jt808.o
                0x0000000000007c4a                jt808UpdateStatus
 .text.jt808UpdateAlarm
                0x0000000000007c60       0x18 ./Task/app_jt808.o
                0x0000000000007c60                jt808UpdateAlarm
 .text.jt808RegisterTcpSend
                0x0000000000007c78        0x6 ./Task/app_jt808.o
                0x0000000000007c78                jt808RegisterTcpSend
 .text.jt808RegisterLoginInfo
                0x0000000000007c7e       0x64 ./Task/app_jt808.o
                0x0000000000007c7e                jt808RegisterLoginInfo
 .text.jt808RegisterManufactureId
                0x0000000000007ce2       0x16 ./Task/app_jt808.o
                0x0000000000007ce2                jt808RegisterManufactureId
 .text.jt808RegisterTerminalType
                0x0000000000007cf8       0x16 ./Task/app_jt808.o
                0x0000000000007cf8                jt808RegisterTerminalType
 .text.jt808RegisterTerminalId
                0x0000000000007d0e       0x16 ./Task/app_jt808.o
                0x0000000000007d0e                jt808RegisterTerminalId
 .text.jt808TcpSend
                0x0000000000007d24       0x22 ./Task/app_jt808.o
                0x0000000000007d24                jt808TcpSend
 .text.jt808BatchUpload.constprop.9
                0x0000000000007d46      0x10c ./Task/app_jt808.o
 .text.jt808TranmissionData.constprop.10
                0x0000000000007e52       0xca ./Task/app_jt808.o
 .text.jt808gpsRestoreDataSend
                0x0000000000007f1c       0x24 ./Task/app_jt808.o
                0x0000000000007f1c                jt808gpsRestoreDataSend
 .text.jt808SendToServer
                0x0000000000007f40      0x4ae ./Task/app_jt808.o
                0x0000000000007f40                jt808SendToServer
 .text.jt808ReceiveParser
                0x00000000000083ee      0x39c ./Task/app_jt808.o
                0x00000000000083ee                jt808ReceiveParser
 .text.systemTickInc
                0x000000000000878a        0xc ./Task/app_kernal.o
                0x000000000000878a                systemTickInc
 .text.startTimer
                0x0000000000008796      0x106 ./Task/app_kernal.o
                0x0000000000008796                startTimer
 .text.stopTimer
                0x000000000000889c       0x76 ./Task/app_kernal.o
                0x000000000000889c                stopTimer
 .text.kernalRun
                0x0000000000008912       0xbe ./Task/app_kernal.o
                0x0000000000008912                kernalRun
 .text.systemTaskSuspend
                0x00000000000089d0       0x2c ./Task/app_kernal.o
                0x00000000000089d0                systemTaskSuspend
 .text.systemTaskResume
                0x00000000000089fc       0x2e ./Task/app_kernal.o
                0x00000000000089fc                systemTaskResume
 .text.createSystemTask
                0x0000000000008a2a        0xc ./Task/app_kernal.o
                0x0000000000008a2a                createSystemTask
 .text.mir3da_register_read
                0x0000000000008a36       0x24 ./Task/app_mir3da.o
                0x0000000000008a36                mir3da_register_read
 .text.mir3da_register_write
                0x0000000000008a5a       0x22 ./Task/app_mir3da.o
                0x0000000000008a5a                mir3da_register_write
 .text.mir3da_set_step_counter_open.part.0
                0x0000000000008a7c       0x42 ./Task/app_mir3da.o
 .text.mir3da_register_mask_write
                0x0000000000008abe       0x46 ./Task/app_mir3da.o
                0x0000000000008abe                mir3da_register_mask_write
 .text.mir3da_init
                0x0000000000008b04       0xde ./Task/app_mir3da.o
                0x0000000000008b04                mir3da_init
 .text.mir3da_set_enable
                0x0000000000008be2       0x12 ./Task/app_mir3da.o
                0x0000000000008be2                mir3da_set_enable
 .text.mir3da_set_active_interrupt_enable
                0x0000000000008bf4       0x3c ./Task/app_mir3da.o
                0x0000000000008bf4                mir3da_set_active_interrupt_enable
 .text.mir3da_reset_step_counter
                0x0000000000008c30       0x10 ./Task/app_mir3da.o
                0x0000000000008c30                mir3da_reset_step_counter
 .text.mir3da_get_step
                0x0000000000008c40       0x2a ./Task/app_mir3da.o
                0x0000000000008c40                mir3da_get_step
 .text.read_gsensor_id
                0x0000000000008c6a       0x84 ./Task/app_mir3da.o
                0x0000000000008c6a                read_gsensor_id
 .text.readInterruptConfig
                0x0000000000008cee       0x60 ./Task/app_mir3da.o
                0x0000000000008cee                readInterruptConfig
 .text.startStep
                0x0000000000008d4e        0x4 ./Task/app_mir3da.o
                0x0000000000008d4e                startStep
 .text.getStep  0x0000000000008d52       0x26 ./Task/app_mir3da.o
                0x0000000000008d52                getStep
 .text.clearStep
                0x0000000000008d78        0x4 ./Task/app_mir3da.o
                0x0000000000008d78                clearStep
 .text.moduleReleaseRstkey
                0x0000000000008d7c       0x26 ./Task/app_net.o
 .text.modulePowerOffProcess
                0x0000000000008da2       0x1e ./Task/app_net.o
 .text.modulePressPowerKey
                0x0000000000008dc0       0x22 ./Task/app_net.o
 .text.modulePressReleaseKey
                0x0000000000008de2       0x32 ./Task/app_net.o
 .text.moduleInit
                0x0000000000008e14       0x12 ./Task/app_net.o
 .text.changeProcess
                0x0000000000008e26       0x18 ./Task/app_net.o
 .text.qirdParser.constprop.11
                0x0000000000008e3e      0x1cc ./Task/app_net.o
 .text.qiurcParser.constprop.17
                0x000000000000900a      0x1ee ./Task/app_net.o
 .text.createNode
                0x00000000000091f8       0xc0 ./Task/app_net.o
                0x00000000000091f8                createNode
 .text.outputNode
                0x00000000000092b8      0x102 ./Task/app_net.o
                0x00000000000092b8                outputNode
 .text.sendModuleCmd
                0x00000000000093ba       0xd8 ./Task/app_net.o
                0x00000000000093ba                sendModuleCmd
 .text.moduleExitFly
                0x0000000000009492        0xe ./Task/app_net.o
 .text.qirdCmdSend
                0x00000000000094a0       0x32 ./Task/app_net.o
 .text.sendModuleDirect
                0x00000000000094d2       0x20 ./Task/app_net.o
                0x00000000000094d2                sendModuleDirect
 .text.modulePowerOn
                0x00000000000094f2       0x6e ./Task/app_net.o
                0x00000000000094f2                modulePowerOn
 .text.modulePowerOff
                0x0000000000009560       0x6e ./Task/app_net.o
                0x0000000000009560                modulePowerOff
 .text.moduleReset
                0x00000000000095ce       0x3e ./Task/app_net.o
                0x00000000000095ce                moduleReset
 .text.openSocket
                0x000000000000960c       0x2e ./Task/app_net.o
                0x000000000000960c                openSocket
 .text.closeSocket
                0x000000000000963a       0x2a ./Task/app_net.o
                0x000000000000963a                closeSocket
 .text.netConnectTask
                0x0000000000009664      0x442 ./Task/app_net.o
                0x0000000000009664                netConnectTask
 .text.qisackParser
                0x0000000000009aa6       0xa4 ./Task/app_net.o
                0x0000000000009aa6                qisackParser
 .text.cbcParser
                0x0000000000009b4a       0x94 ./Task/app_net.o
                0x0000000000009b4a                cbcParser
 .text.moduleRecvParser
                0x0000000000009bde      0xbfa ./Task/app_net.o
                0x0000000000009bde                moduleRecvParser
 .text.netResetCsqSearch
                0x000000000000a7d8        0xa ./Task/app_net.o
                0x000000000000a7d8                netResetCsqSearch
 .text.socketSendData
                0x000000000000a7e2       0x82 ./Task/app_net.o
                0x000000000000a7e2                socketSendData
 .text.moduleSleepCtl
                0x000000000000a864       0x2e ./Task/app_net.o
                0x000000000000a864                moduleSleepCtl
 .text.moduleGetCsq
                0x000000000000a892        0x8 ./Task/app_net.o
                0x000000000000a892                moduleGetCsq
 .text.moduleGetLbs
                0x000000000000a89a       0x24 ./Task/app_net.o
                0x000000000000a89a                moduleGetLbs
 .text.moduleGetWifiScan
                0x000000000000a8be       0x1a ./Task/app_net.o
                0x000000000000a8be                moduleGetWifiScan
 .text.sendMessage
                0x000000000000a8d8       0x54 ./Task/app_net.o
                0x000000000000a8d8                sendMessage
 .text.deleteMessage
                0x000000000000a92c        0xe ./Task/app_net.o
                0x000000000000a92c                deleteMessage
 .text.querySendData
                0x000000000000a93a       0x22 ./Task/app_net.o
                0x000000000000a93a                querySendData
 .text.queryBatVoltage
                0x000000000000a95c        0x2 ./Task/app_net.o
                0x000000000000a95c                queryBatVoltage
 .text.getModuleRssi
                0x000000000000a95e        0xa ./Task/app_net.o
                0x000000000000a95e                getModuleRssi
 .text.getModuleIMSI
                0x000000000000a968        0xa ./Task/app_net.o
                0x000000000000a968                getModuleIMSI
 .text.getModuleIMEI
                0x000000000000a972        0xa ./Task/app_net.o
                0x000000000000a972                getModuleIMEI
 .text.getModuleICCID
                0x000000000000a97c        0xa ./Task/app_net.o
                0x000000000000a97c                getModuleICCID
 .text.getMCC   0x000000000000a986        0xa ./Task/app_net.o
                0x000000000000a986                getMCC
 .text.getMNC   0x000000000000a990        0xa ./Task/app_net.o
                0x000000000000a990                getMNC
 .text.getLac   0x000000000000a99a        0xa ./Task/app_net.o
                0x000000000000a99a                getLac
 .text.getCid   0x000000000000a9a4        0xe ./Task/app_net.o
                0x000000000000a9a4                getCid
 .text.getTcpNack
                0x000000000000a9b2        0xe ./Task/app_net.o
                0x000000000000a9b2                getTcpNack
 .text.getQgmr  0x000000000000a9c0        0xa ./Task/app_net.o
                0x000000000000a9c0                getQgmr
 .text.isModuleRunNormal
                0x000000000000a9ca       0x10 ./Task/app_net.o
                0x000000000000a9ca                isModuleRunNormal
 .text.isModulePowerOn
                0x000000000000a9da        0xc ./Task/app_net.o
                0x000000000000a9da                isModulePowerOn
 .text.stopCall
                0x000000000000a9e6        0xc ./Task/app_net.o
                0x000000000000a9e6                stopCall
 .text.callPhone
                0x000000000000a9f2       0x36 ./Task/app_net.o
                0x000000000000a9f2                callPhone
 .text.bootParamSaveAll
                0x000000000000aa28       0x40 ./Task/app_param.o
                0x000000000000aa28                bootParamSaveAll
 .text.bootParamGetAll
                0x000000000000aa68       0x18 ./Task/app_param.o
                0x000000000000aa68                bootParamGetAll
 .text.paramSaveAll
                0x000000000000aa80       0x36 ./Task/app_param.o
                0x000000000000aa80                paramSaveAll
 .text.paramGetAll
                0x000000000000aab6       0x1a ./Task/app_param.o
                0x000000000000aab6                paramGetAll
 .text.paramDefaultInit
                0x000000000000aad0      0x24c ./Task/app_param.o
                0x000000000000aad0                paramDefaultInit
 .text.paramInit
                0x000000000000ad1c       0x4e ./Task/app_param.o
                0x000000000000ad1c                paramInit
 .text.postUartRxData
                0x000000000000ad6a       0x86 ./Task/app_port.o
 .text.portUpdateAlarmTime
                0x000000000000adf0       0x28 ./Task/app_port.o
 .text.pushUartRxData
                0x000000000000ae18      0x11e ./Task/app_port.o
 .text.iicStart
                0x000000000000af36       0x44 ./Task/app_port.o
 .text.iicStop  0x000000000000af7a       0x66 ./Task/app_port.o
 .text.portGsensorPwrCtl.part.0
                0x000000000000afe0       0x24 ./Task/app_port.o
 .text.pollUartData
                0x000000000000b004       0x38 ./Task/app_port.o
                0x000000000000b004                pollUartData
 .text.portUartCfg
                0x000000000000b03c      0x3b8 ./Task/app_port.o
                0x000000000000b03c                portUartCfg
 .text.portUartSend
                0x000000000000b3f4       0x1c ./Task/app_port.o
                0x000000000000b3f4                portUartSend
 .text.portModuleGpioCfg
                0x000000000000b410       0x5a ./Task/app_port.o
                0x000000000000b410                portModuleGpioCfg
 .text.portLedGpioCfg
                0x000000000000b46a       0x24 ./Task/app_port.o
                0x000000000000b46a                portLedGpioCfg
 .text.portGpsGpioCfg
                0x000000000000b48e       0x22 ./Task/app_port.o
                0x000000000000b48e                portGpsGpioCfg
 .text.portGpioSetDefCfg
                0x000000000000b4b0       0x18 ./Task/app_port.o
                0x000000000000b4b0                portGpioSetDefCfg
 .text.portGsensorPwrCtl
                0x000000000000b4c8       0x2a ./Task/app_port.o
                0x000000000000b4c8                portGsensorPwrCtl
 .text.portIICCfg
                0x000000000000b4f2       0x18 ./Task/app_port.o
                0x000000000000b4f2                portIICCfg
 .text.sdaReadInput
                0x000000000000b50a       0x1e ./Task/app_port.o
                0x000000000000b50a                sdaReadInput
 .text.iicSendOneByte
                0x000000000000b528       0xec ./Task/app_port.o
 .text.iicReadOneByte
                0x000000000000b614      0x10c ./Task/app_port.o
 .text.iicReadData
                0x000000000000b720       0x78 ./Task/app_port.o
                0x000000000000b720                iicReadData
 .text.iicWriteData
                0x000000000000b798       0x3a ./Task/app_port.o
                0x000000000000b798                iicWriteData
 .text.portGsensorCtl
                0x000000000000b7d2       0xaa ./Task/app_port.o
                0x000000000000b7d2                portGsensorCtl
 .text.portGetRtcDateTime
                0x000000000000b87c       0x74 ./Task/app_port.o
                0x000000000000b87c                portGetRtcDateTime
 .text.portSetNextAlarmTime
                0x000000000000b8f0      0x102 ./Task/app_port.o
                0x000000000000b8f0                portSetNextAlarmTime
 .text.portAdcCfg
                0x000000000000b9f2        0xa ./Task/app_port.o
                0x000000000000b9f2                portAdcCfg
 .text.portGetAdcVol
                0x000000000000b9fc       0xae ./Task/app_port.o
                0x000000000000b9fc                portGetAdcVol
 .text.portSleepEn
                0x000000000000baaa        0x6 ./Task/app_port.o
                0x000000000000baaa                portSleepEn
 .text.portSleepDn
                0x000000000000bab0        0x6 ./Task/app_port.o
                0x000000000000bab0                portSleepDn
 .text.portWdtCfg
                0x000000000000bab6        0xe ./Task/app_port.o
                0x000000000000bab6                portWdtCfg
 .text.portWdtFeed
                0x000000000000bac4        0xa ./Task/app_port.o
                0x000000000000bac4                portWdtFeed
 .text.portUpdateStep
                0x000000000000bace       0x20 ./Task/app_port.o
                0x000000000000bace                portUpdateStep
 .text.portSaveStep
                0x000000000000baee       0x26 ./Task/app_port.o
                0x000000000000baee                portSaveStep
 .text.portSysReset
                0x000000000000bb14       0x22 ./Task/app_port.o
                0x000000000000bb14                portSysReset
 .text.portUpdateRtcDateTime
                0x000000000000bb36       0xfa ./Task/app_port.o
                0x000000000000bb36                portUpdateRtcDateTime
 .text.portClearStep
                0x000000000000bc30       0x18 ./Task/app_port.o
                0x000000000000bc30                portClearStep
 .text.portBleCancel
                0x000000000000bc48       0x3e ./Task/app_port.o
                0x000000000000bc48                portBleCancel
 .text.createProtocolTail_7979
                0x000000000000bc86       0x68 ./Task/app_protocol.o
 .text.sendTcpDataDebugShow
                0x000000000000bcee       0x7c ./Task/app_protocol.o
 .text.createProtocolTail
                0x000000000000bd6a       0x64 ./Task/app_protocol.o
 .text.createProtocol01
                0x000000000000bdce       0xd6 ./Task/app_protocol.o
                0x000000000000bdce                createProtocol01
 .text.packGPSInfo
                0x000000000000bea4      0x2f4 ./Task/app_protocol.o
                0x000000000000bea4                packGPSInfo
 .text.loraProtocol12
                0x000000000000c198      0x118 ./Task/app_protocol.o
                0x000000000000c198                loraProtocol12
 .text.createProtocol12
                0x000000000000c2b0      0x394 ./Task/app_protocol.o
                0x000000000000c2b0                createProtocol12
 .text.getBatteryLevel
                0x000000000000c644       0x9c ./Task/app_protocol.o
                0x000000000000c644                getBatteryLevel
 .text.createProtocol13
                0x000000000000c6e0      0x11e ./Task/app_protocol.o
                0x000000000000c6e0                createProtocol13
 .text.createProtocol21
                0x000000000000c7fe       0x6e ./Task/app_protocol.o
                0x000000000000c7fe                createProtocol21
 .text.createProtocol16
                0x000000000000c86c      0x2a0 ./Task/app_protocol.o
                0x000000000000c86c                createProtocol16
 .text.createProtocol19
                0x000000000000cb0c       0xfc ./Task/app_protocol.o
                0x000000000000cb0c                createProtocol19
 .text.createProtocol8A
                0x000000000000cc08       0x36 ./Task/app_protocol.o
                0x000000000000cc08                createProtocol8A
 .text.createProtocolSerial
                0x000000000000cc3e       0x16 ./Task/app_protocol.o
                0x000000000000cc3e                createProtocolSerial
 .text.gpsRestoreDataSend
                0x000000000000cc54      0x10a ./Task/app_protocol.o
                0x000000000000cc54                gpsRestoreDataSend
 .text.createProtocol61
                0x000000000000cd5e       0xb2 ./Task/app_protocol.o
                0x000000000000cd5e                createProtocol61
 .text.createProtocol62
                0x000000000000ce10       0x8e ./Task/app_protocol.o
                0x000000000000ce10                createProtocol62
 .text.createProtocolF3
                0x000000000000ce9e      0x10c ./Task/app_protocol.o
                0x000000000000ce9e                createProtocolF3
 .text.createProtocolF1
                0x000000000000cfaa       0x70 ./Task/app_protocol.o
                0x000000000000cfaa                createProtocolF1
 .text.gpsRestoreSave
                0x000000000000d01a       0x50 ./Task/app_protocol.o
                0x000000000000d01a                gpsRestoreSave
 .text.gpsRestoreUpload
                0x000000000000d06a       0xd8 ./Task/app_protocol.o
                0x000000000000d06a                gpsRestoreUpload
 .text.protocolSend
                0x000000000000d142      0x1f0 ./Task/app_protocol.o
                0x000000000000d142                protocolSend
 .text.save123InstructionId
                0x000000000000d332        0xc ./Task/app_protocol.o
                0x000000000000d332                save123InstructionId
 .text.reCover123InstructionId
                0x000000000000d33e        0xc ./Task/app_protocol.o
                0x000000000000d33e                reCover123InstructionId
 .text.getInsid
                0x000000000000d34a        0xc ./Task/app_protocol.o
                0x000000000000d34a                getInsid
 .text.protocolRxParser
                0x000000000000d356      0x164 ./Task/app_protocol.o
                0x000000000000d356                protocolRxParser
 .text.protocolSnRegister
                0x000000000000d4ba       0x2e ./Task/app_protocol.o
                0x000000000000d4ba                protocolSnRegister
 .text.protocolInfoResiter
                0x000000000000d4e8       0x18 ./Task/app_protocol.o
                0x000000000000d4e8                protocolInfoResiter
 .text.hbtRspTimeOut
                0x000000000000d500       0x38 ./Task/app_server.o
 .text.moduleRspTimeout
                0x000000000000d538        0xe ./Task/app_server.o
 .text.privateServerSocketRecv
                0x000000000000d546       0xf4 ./Task/app_server.o
 .text.bleServerSocketRecv
                0x000000000000d63a        0xa ./Task/app_server.o
 .text.hiddenServerSocketRecv
                0x000000000000d644        0xa ./Task/app_server.o
 .text.jt808ServerSocketRecv
                0x000000000000d64e        0x4 ./Task/app_server.o
 .text.jt808ServerSocketSend
                0x000000000000d652       0x10 ./Task/app_server.o
 .text.agpsSocketRecv
                0x000000000000d662       0x34 ./Task/app_server.o
 .text.moduleRspSuccess
                0x000000000000d696       0x30 ./Task/app_server.o
                0x000000000000d696                moduleRspSuccess
 .text.hbtRspSuccess
                0x000000000000d6c6       0x30 ./Task/app_server.o
                0x000000000000d6c6                hbtRspSuccess
 .text.privateServerReconnect
                0x000000000000d6f6       0x22 ./Task/app_server.o
                0x000000000000d6f6                privateServerReconnect
 .text.privateServerLoginSuccess
                0x000000000000d718       0x30 ./Task/app_server.o
                0x000000000000d718                privateServerLoginSuccess
 .text.privateServerConnTask
                0x000000000000d748      0x2cc ./Task/app_server.o
                0x000000000000d748                privateServerConnTask
 .text.hiddenServerLoginSuccess
                0x000000000000da14       0x16 ./Task/app_server.o
                0x000000000000da14                hiddenServerLoginSuccess
 .text.hiddenServerCloseRequest
                0x000000000000da2a       0x22 ./Task/app_server.o
                0x000000000000da2a                hiddenServerCloseRequest
 .text.hiddenServerCloseClear
                0x000000000000da4c       0x22 ./Task/app_server.o
                0x000000000000da4c                hiddenServerCloseClear
 .text.jt808ServerReconnect
                0x000000000000da6e       0x22 ./Task/app_server.o
                0x000000000000da6e                jt808ServerReconnect
 .text.jt808ServerAuthSuccess
                0x000000000000da90       0x2e ./Task/app_server.o
                0x000000000000da90                jt808ServerAuthSuccess
 .text.jt808ServerConnTask
                0x000000000000dabe      0x352 ./Task/app_server.o
                0x000000000000dabe                jt808ServerConnTask
 .text.blePassThroughTask
                0x000000000000de10       0x86 ./Task/app_server.o
                0x000000000000de10                blePassThroughTask
 .text.multiLinkConnTask
                0x000000000000de96       0xd8 ./Task/app_server.o
                0x000000000000de96                multiLinkConnTask
 .text.bleSerLoginReady
                0x000000000000df6e       0x12 ./Task/app_server.o
                0x000000000000df6e                bleSerLoginReady
 .text.bleServerConnTask
                0x000000000000df80      0x1e8 ./Task/app_server.o
                0x000000000000df80                bleServerConnTask
 .text.agpsRequestSet
                0x000000000000e168       0x22 ./Task/app_server.o
                0x000000000000e168                agpsRequestSet
 .text.agpsRequestClear
                0x000000000000e18a       0x22 ./Task/app_server.o
                0x000000000000e18a                agpsRequestClear
 .text.serverManageTask
                0x000000000000e1ac      0x33a ./Task/app_server.o
                0x000000000000e1ac                serverManageTask
 .text.primaryServerIsReady
                0x000000000000e4e6       0x54 ./Task/app_server.o
                0x000000000000e4e6                primaryServerIsReady
 .text.hiddenServerIsReady
                0x000000000000e53a       0x30 ./Task/app_server.o
                0x000000000000e53a                hiddenServerIsReady
 .text.multiLinkIsReady
                0x000000000000e56a       0x38 ./Task/app_server.o
                0x000000000000e56a                multiLinkIsReady
 .text.setkey   0x000000000000e5a2      0x160 ./Task/app_sn.o
 .text.encrypt  0x000000000000e702      0x23e ./Task/app_sn.o
 .text.expand   0x000000000000e940       0x38 ./Task/app_sn.o
 .text.compress
                0x000000000000e978       0x38 ./Task/app_sn.o
 .text.ztvm_encrypt_undes
                0x000000000000e9b0       0x7a ./Task/app_sn.o
                0x000000000000e9b0                ztvm_encrypt_undes
 .text.ztvm_encrypt_des
                0x000000000000ea2a       0x74 ./Task/app_sn.o
                0x000000000000ea2a                ztvm_encrypt_des
 .text.ztvm_encrypt_untrides
                0x000000000000ea9e       0x34 ./Task/app_sn.o
                0x000000000000ea9e                ztvm_encrypt_untrides
 .text.XINGSHENG_ID_ASCII_Decoding
                0x000000000000ead2       0x3e ./Task/app_sn.o
                0x000000000000ead2                XINGSHENG_ID_ASCII_Decoding
 .text.XINGSHENG_ID_Decoder
                0x000000000000eb10       0xca ./Task/app_sn.o
                0x000000000000eb10                XINGSHENG_ID_Decoder
 .text.decryptSN
                0x000000000000ebda       0xe4 ./Task/app_sn.o
                0x000000000000ebda                decryptSN
 .text.socketListInit
                0x000000000000ecbe       0x32 ./Task/app_socket.o
                0x000000000000ecbe                socketListInit
 .text.socketAdd
                0x000000000000ecf0       0xa8 ./Task/app_socket.o
                0x000000000000ecf0                socketAdd
 .text.socketDel
                0x000000000000ed98       0x66 ./Task/app_socket.o
                0x000000000000ed98                socketDel
 .text.socketDelAll
                0x000000000000edfe       0x38 ./Task/app_socket.o
                0x000000000000edfe                socketDelAll
 .text.socketResetConnState
                0x000000000000ee36       0x74 ./Task/app_socket.o
                0x000000000000ee36                socketResetConnState
 .text.socketGetUsedFlag
                0x000000000000eeaa       0x22 ./Task/app_socket.o
                0x000000000000eeaa                socketGetUsedFlag
 .text.socketGetAnyUsedFlag
                0x000000000000eecc       0x26 ./Task/app_socket.o
                0x000000000000eecc                socketGetAnyUsedFlag
 .text.socketGetConnStatus
                0x000000000000eef2       0x22 ./Task/app_socket.o
                0x000000000000eef2                socketGetConnStatus
 .text.socketSetConnState
                0x000000000000ef14       0x1e ./Task/app_socket.o
                0x000000000000ef14                socketSetConnState
 .text.socketRecv
                0x000000000000ef32       0x2a ./Task/app_socket.o
                0x000000000000ef32                socketRecv
 .text.socketSchedule
                0x000000000000ef5c      0x1c6 ./Task/app_socket.o
                0x000000000000ef5c                socketSchedule
 .text.asciiToHex
                0x000000000000f122       0x40 ./Task/app_sys.o
 .text.GetCrc16
                0x000000000000f162       0x3c ./Task/app_sys.o
                0x000000000000f162                GetCrc16
 .text.LogMessage
                0x000000000000f19e       0xb2 ./Task/app_sys.o
                0x000000000000f19e                LogMessage
 .text.LogMessageWL
                0x000000000000f250       0xb2 ./Task/app_sys.o
                0x000000000000f250                LogMessageWL
 .text.LogPrintf
                0x000000000000f302       0x6a ./Task/app_sys.o
                0x000000000000f302                LogPrintf
 .text.LogWL    0x000000000000f36c       0x1a ./Task/app_sys.o
                0x000000000000f36c                LogWL
 .text.mycmdPatch
                0x000000000000f386       0x64 ./Task/app_sys.o
                0x000000000000f386                mycmdPatch
 .text.getCharIndex
                0x000000000000f3ea       0x1c ./Task/app_sys.o
                0x000000000000f3ea                getCharIndex
 .text.my_strpach
                0x000000000000f406       0x4c ./Task/app_sys.o
                0x000000000000f406                my_strpach
 .text.my_getstrindex
                0x000000000000f452       0x6e ./Task/app_sys.o
                0x000000000000f452                my_getstrindex
 .text.my_strstr
                0x000000000000f4c0       0x50 ./Task/app_sys.o
                0x000000000000f4c0                my_strstr
 .text.distinguishOK
                0x000000000000f510       0x1a ./Task/app_sys.o
                0x000000000000f510                distinguishOK
 .text.getCharIndexWithNum
                0x000000000000f52a       0x2c ./Task/app_sys.o
                0x000000000000f52a                getCharIndexWithNum
 .text.byteToHexString
                0x000000000000f556       0x48 ./Task/app_sys.o
                0x000000000000f556                byteToHexString
 .text.changeHexStringToByteArray
                0x000000000000f59e       0x64 ./Task/app_sys.o
                0x000000000000f59e                changeHexStringToByteArray
 .text.changeHexStringToByteArray_10in
                0x000000000000f602       0x6c ./Task/app_sys.o
                0x000000000000f602                changeHexStringToByteArray_10in
 .text.stringToItem
                0x000000000000f66e       0xe6 ./Task/app_sys.o
                0x000000000000f66e                stringToItem
 .text.strToUppper
                0x000000000000f754       0x2c ./Task/app_sys.o
                0x000000000000f754                strToUppper
 .text.updateRTCtimeRequest
                0x000000000000f780       0x14 ./Task/app_sys.o
                0x000000000000f780                updateRTCtimeRequest
 .text.stringToLowwer
                0x000000000000f794       0x30 ./Task/app_sys.o
                0x000000000000f794                stringToLowwer
 .text.sendLbs  0x000000000000f7c4       0x44 ./Task/app_task.o
 .text.doRelayOn
                0x000000000000f808       0x3a ./Task/app_task.o
 .text.gsensorRepair
                0x000000000000f842       0x1c ./Task/app_task.o
 .text.changeGPSBaudRate
                0x000000000000f85e       0x66 ./Task/app_task.o
 .text.gpsCfg   0x000000000000f8c4       0x40 ./Task/app_task.o
 .text.gpsUartRead
                0x000000000000f904       0xde ./Task/app_task.o
 .text.doDebugRecvPoll
                0x000000000000f9e2       0x96 ./Task/app_task.o
                0x000000000000f9e2                doDebugRecvPoll
 .text.ledTask  0x000000000000fa78       0xa0 ./Task/app_task.o
 .text.modeShutDownQuickly
                0x000000000000fb18       0x5e ./Task/app_task.o
 .text.sysRunTimeCnt
                0x000000000000fb76       0x32 ./Task/app_task.o
 .text.myTaskEventProcess
                0x000000000000fba8       0x56 ./Task/app_task.o
 .text.terminalDefense
                0x000000000000fbfe       0x16 ./Task/app_task.o
                0x000000000000fbfe                terminalDefense
 .text.terminalDisarm
                0x000000000000fc14       0x14 ./Task/app_task.o
                0x000000000000fc14                terminalDisarm
 .text.getTerminalAccState
                0x000000000000fc28        0xc ./Task/app_task.o
                0x000000000000fc28                getTerminalAccState
 .text.terminalAccon
                0x000000000000fc34       0x1c ./Task/app_task.o
                0x000000000000fc34                terminalAccon
 .text.terminalAccoff
                0x000000000000fc50       0x1a ./Task/app_task.o
                0x000000000000fc50                terminalAccoff
 .text.terminalCharge
                0x000000000000fc6a       0x16 ./Task/app_task.o
                0x000000000000fc6a                terminalCharge
 .text.terminalunCharge
                0x000000000000fc80       0x14 ./Task/app_task.o
                0x000000000000fc80                terminalunCharge
 .text.getTerminalChargeState
                0x000000000000fc94        0xc ./Task/app_task.o
                0x000000000000fc94                getTerminalChargeState
 .text.terminalAlarmSet
                0x000000000000fca0       0x1a ./Task/app_task.o
                0x000000000000fca0                terminalAlarmSet
 .text.terminalGPSUnFixed
                0x000000000000fcba       0x16 ./Task/app_task.o
                0x000000000000fcba                terminalGPSUnFixed
 .text.ledStatusUpdate
                0x000000000000fcd0       0x68 ./Task/app_task.o
                0x000000000000fcd0                ledStatusUpdate
 .text.gpsRequestSet
                0x000000000000fd38       0x2e ./Task/app_task.o
                0x000000000000fd38                gpsRequestSet
 .text.gpsRequestClear
                0x000000000000fd66       0x32 ./Task/app_task.o
                0x000000000000fd66                gpsRequestClear
 .text.motionStateUpdate
                0x000000000000fd98      0x136 ./Task/app_task.o
 .text.gpsRequestGet
                0x000000000000fece        0xe ./Task/app_task.o
                0x000000000000fece                gpsRequestGet
 .text.alarmRequestSet
                0x000000000000fedc       0x32 ./Task/app_task.o
                0x000000000000fedc                alarmRequestSet
 .text.alarmRequestClear
                0x000000000000ff0e       0x36 ./Task/app_task.o
                0x000000000000ff0e                alarmRequestClear
 .text.alarmRequestTask
                0x000000000000ff44      0x31c ./Task/app_task.o
                0x000000000000ff44                alarmRequestTask
 .text.motionOccur
                0x0000000000010260       0x14 ./Task/app_task.o
                0x0000000000010260                motionOccur
 .text.motionGetSize
                0x0000000000010274        0x4 ./Task/app_task.o
                0x0000000000010274                motionGetSize
 .text.modeTryToStop
                0x0000000000010278       0x14 ./Task/app_task.o
                0x0000000000010278                modeTryToStop
 .text.isModeRun
                0x000000000001028c       0x10 ./Task/app_task.o
                0x000000000001028c                isModeRun
 .text.lbsRequestSet
                0x000000000001029c       0x20 ./Task/app_task.o
                0x000000000001029c                lbsRequestSet
 .text.wifiRequestSet
                0x00000000000102bc       0x20 ./Task/app_task.o
                0x00000000000102bc                wifiRequestSet
 .text.wakeUpByInt
                0x00000000000102dc       0x20 ./Task/app_task.o
                0x00000000000102dc                wakeUpByInt
 .text.autoSleepTask
                0x00000000000102fc       0xc8 ./Task/app_task.o
                0x00000000000102fc                autoSleepTask
 .text.relayAutoRequest
                0x00000000000103c4       0x16 ./Task/app_task.o
                0x00000000000103c4                relayAutoRequest
 .text.relayAutoClear
                0x00000000000103da       0x16 ./Task/app_task.o
                0x00000000000103da                relayAutoClear
 .text.relayAutoCtrlTask
                0x00000000000103f0       0x94 ./Task/app_task.o
                0x00000000000103f0                relayAutoCtrlTask
 .text.taskRunInSecond
                0x0000000000010484      0xc54 ./Task/app_task.o
                0x0000000000010484                taskRunInSecond
 .text.myTaskPreInit
                0x00000000000110d8       0xa2 ./Task/app_task.o
                0x00000000000110d8                myTaskPreInit
 .text.myTaskInit
                0x000000000001117a       0x3c ./Task/app_task.o
                0x000000000001117a                myTaskInit
 .text.ADC_ExtSingleChSampInit
                0x00000000000111b6       0x24 ./StdPeriphDriver/CH58x_adc.o
                0x00000000000111b6                ADC_ExtSingleChSampInit
 .text.ADC_InterTSSampInit
                0x00000000000111da       0x28 ./StdPeriphDriver/CH58x_adc.o
                0x00000000000111da                ADC_InterTSSampInit
 .text.ADC_ExcutSingleConver
                0x0000000000011202       0x20 ./StdPeriphDriver/CH58x_adc.o
                0x0000000000011202                ADC_ExcutSingleConver
 .text.HSECFG_Current
                0x0000000000011222       0x2e ./StdPeriphDriver/CH58x_clk.o
                0x0000000000011222                HSECFG_Current
 .text.RTC_InitTime
                0x0000000000011250      0x18e ./StdPeriphDriver/CH58x_clk.o
                0x0000000000011250                RTC_InitTime
 .text.RTC_GetTime
                0x00000000000113de      0x15c ./StdPeriphDriver/CH58x_clk.o
                0x00000000000113de                RTC_GetTime
 .text.RTC_GetCycle32k
                0x000000000001153a       0x18 ./StdPeriphDriver/CH58x_clk.o
                0x000000000001153a                RTC_GetCycle32k
 .text.GPIOA_ModeCfg
                0x0000000000011552       0xa6 ./StdPeriphDriver/CH58x_gpio.o
                0x0000000000011552                GPIOA_ModeCfg
 .text.GPIOB_ModeCfg
                0x00000000000115f8       0xa6 ./StdPeriphDriver/CH58x_gpio.o
                0x00000000000115f8                GPIOB_ModeCfg
 .text.GPIOA_ITModeCfg
                0x000000000001169e       0x82 ./StdPeriphDriver/CH58x_gpio.o
                0x000000000001169e                GPIOA_ITModeCfg
 .text.GPIOB_ITModeCfg
                0x0000000000011720       0x8a ./StdPeriphDriver/CH58x_gpio.o
                0x0000000000011720                GPIOB_ITModeCfg
 .text.GPIOPinRemap
                0x00000000000117aa       0x1a ./StdPeriphDriver/CH58x_gpio.o
                0x00000000000117aa                GPIOPinRemap
 .text.GetSysClock
                0x00000000000117c4       0x42 ./StdPeriphDriver/CH58x_sys.o
                0x00000000000117c4                GetSysClock
 .text.SYS_ResetExecute
                0x0000000000011806       0x42 ./StdPeriphDriver/CH58x_sys.o
                0x0000000000011806                SYS_ResetExecute
 .text.SYS_DisableAllIrq
                0x0000000000011848       0x1c ./StdPeriphDriver/CH58x_sys.o
                0x0000000000011848                SYS_DisableAllIrq
 .text.SYS_RecoverIrq
                0x0000000000011864       0x14 ./StdPeriphDriver/CH58x_sys.o
                0x0000000000011864                SYS_RecoverIrq
 .text.SYS_GetSysTickCnt
                0x0000000000011878        0xa ./StdPeriphDriver/CH58x_sys.o
                0x0000000000011878                SYS_GetSysTickCnt
 .text.WWDG_ResetCfg
                0x0000000000011882       0x36 ./StdPeriphDriver/CH58x_sys.o
                0x0000000000011882                WWDG_ResetCfg
 .text.UART0_BaudRateCfg
                0x00000000000118b8       0x32 ./StdPeriphDriver/CH58x_uart0.o
                0x00000000000118b8                UART0_BaudRateCfg
 .text.UART0_DefInit
                0x00000000000118ea       0x34 ./StdPeriphDriver/CH58x_uart0.o
                0x00000000000118ea                UART0_DefInit
 .text.UART0_ByteTrigCfg
                0x000000000001191e       0x1a ./StdPeriphDriver/CH58x_uart0.o
                0x000000000001191e                UART0_ByteTrigCfg
 .text.UART0_INTCfg
                0x0000000000011938       0x2a ./StdPeriphDriver/CH58x_uart0.o
                0x0000000000011938                UART0_INTCfg
 .text.UART0_Reset
                0x0000000000011962        0xe ./StdPeriphDriver/CH58x_uart0.o
                0x0000000000011962                UART0_Reset
 .text.UART0_SendString
                0x0000000000011970       0x3a ./StdPeriphDriver/CH58x_uart0.o
                0x0000000000011970                UART0_SendString
 .text.UART0_RecvString
                0x00000000000119aa       0x2a ./StdPeriphDriver/CH58x_uart0.o
                0x00000000000119aa                UART0_RecvString
 .text.UART1_BaudRateCfg
                0x00000000000119d4       0x32 ./StdPeriphDriver/CH58x_uart1.o
                0x00000000000119d4                UART1_BaudRateCfg
 .text.UART1_DefInit
                0x0000000000011a06       0x34 ./StdPeriphDriver/CH58x_uart1.o
                0x0000000000011a06                UART1_DefInit
 .text.UART1_ByteTrigCfg
                0x0000000000011a3a       0x1a ./StdPeriphDriver/CH58x_uart1.o
                0x0000000000011a3a                UART1_ByteTrigCfg
 .text.UART1_INTCfg
                0x0000000000011a54       0x2a ./StdPeriphDriver/CH58x_uart1.o
                0x0000000000011a54                UART1_INTCfg
 .text.UART1_Reset
                0x0000000000011a7e        0xe ./StdPeriphDriver/CH58x_uart1.o
                0x0000000000011a7e                UART1_Reset
 .text.UART1_SendString
                0x0000000000011a8c       0x3a ./StdPeriphDriver/CH58x_uart1.o
                0x0000000000011a8c                UART1_SendString
 .text.UART1_RecvString
                0x0000000000011ac6       0x2a ./StdPeriphDriver/CH58x_uart1.o
                0x0000000000011ac6                UART1_RecvString
 .text.UART2_BaudRateCfg
                0x0000000000011af0       0x32 ./StdPeriphDriver/CH58x_uart2.o
                0x0000000000011af0                UART2_BaudRateCfg
 .text.UART2_DefInit
                0x0000000000011b22       0x34 ./StdPeriphDriver/CH58x_uart2.o
                0x0000000000011b22                UART2_DefInit
 .text.UART2_ByteTrigCfg
                0x0000000000011b56       0x1a ./StdPeriphDriver/CH58x_uart2.o
                0x0000000000011b56                UART2_ByteTrigCfg
 .text.UART2_INTCfg
                0x0000000000011b70       0x2a ./StdPeriphDriver/CH58x_uart2.o
                0x0000000000011b70                UART2_INTCfg
 .text.UART2_Reset
                0x0000000000011b9a        0xe ./StdPeriphDriver/CH58x_uart2.o
                0x0000000000011b9a                UART2_Reset
 .text.UART2_SendString
                0x0000000000011ba8       0x3a ./StdPeriphDriver/CH58x_uart2.o
                0x0000000000011ba8                UART2_SendString
 .text.UART2_RecvString
                0x0000000000011be2       0x2a ./StdPeriphDriver/CH58x_uart2.o
                0x0000000000011be2                UART2_RecvString
 .text.UART3_BaudRateCfg
                0x0000000000011c0c       0x32 ./StdPeriphDriver/CH58x_uart3.o
                0x0000000000011c0c                UART3_BaudRateCfg
 .text.UART3_DefInit
                0x0000000000011c3e       0x34 ./StdPeriphDriver/CH58x_uart3.o
                0x0000000000011c3e                UART3_DefInit
 .text.UART3_ByteTrigCfg
                0x0000000000011c72       0x1a ./StdPeriphDriver/CH58x_uart3.o
                0x0000000000011c72                UART3_ByteTrigCfg
 .text.UART3_INTCfg
                0x0000000000011c8c       0x2a ./StdPeriphDriver/CH58x_uart3.o
                0x0000000000011c8c                UART3_INTCfg
 .text.UART3_Reset
                0x0000000000011cb6        0xe ./StdPeriphDriver/CH58x_uart3.o
                0x0000000000011cb6                UART3_Reset
 .text.UART3_SendString
                0x0000000000011cc4       0x3a ./StdPeriphDriver/CH58x_uart3.o
                0x0000000000011cc4                UART3_SendString
 .text.UART3_RecvString
                0x0000000000011cfe       0x2a ./StdPeriphDriver/CH58x_uart3.o
                0x0000000000011cfe                UART3_RecvString
 .text.Lib_Read_Flash
                0x0000000000011d28       0x1c ./HAL/MCU.o
                0x0000000000011d28                Lib_Read_Flash
 .text.Lib_Write_Flash
                0x0000000000011d44       0x42 ./HAL/MCU.o
                0x0000000000011d44                Lib_Write_Flash
 .text.HAL_GetInterTempValue
                0x0000000000011d86       0x72 ./HAL/MCU.o
                0x0000000000011d86                HAL_GetInterTempValue
 .text.HAL_ProcessEvent
                0x0000000000011df8       0x86 ./HAL/MCU.o
                0x0000000000011df8                HAL_ProcessEvent
 .text.CH58X_BLEInit
                0x0000000000011e7e      0x134 ./HAL/MCU.o
                0x0000000000011e7e                CH58X_BLEInit
 .text.HAL_Init
                0x0000000000011fb2       0x3a ./HAL/MCU.o
                0x0000000000011fb2                HAL_Init
 .text.RTC_SetTignTime
                0x0000000000011fec       0x24 ./HAL/RTC.o
                0x0000000000011fec                RTC_SetTignTime
 .text.HAL_TimeInit
                0x0000000000012010       0x2a ./HAL/RTC.o
                0x0000000000012010                HAL_TimeInit
 .text.sleepSetState
                0x000000000001203a        0x6 ./HAL/SLEEP.o
                0x000000000001203a                sleepSetState
 .text.CH58X_LowPower
                0x0000000000012040       0x94 ./HAL/SLEEP.o
                0x0000000000012040                CH58X_LowPower
 .text.HAL_SleepInit
                0x00000000000120d4       0x42 ./HAL/SLEEP.o
                0x00000000000120d4                HAL_SleepInit
 .text.bleCentralDisconnect
                0x0000000000012116       0x20 ./APP/app_central.o
                0x0000000000012116                bleCentralDisconnect
 .text.bleDevConnAdd
                0x0000000000012136       0x94 ./APP/app_central.o
                0x0000000000012136                bleDevConnAdd
 .text.bleDevConnDelAll
                0x00000000000121ca       0x82 ./APP/app_central.o
                0x00000000000121ca                bleDevConnDelAll
 .text.appHidParamUpdate
                0x000000000001224c       0x12 ./APP/app_hid.o
 .text.appHidRssiRead
                0x000000000001225e       0x12 ./APP/app_hid.o
 .text.appHidReadAttrCB
                0x0000000000012270      0x136 ./APP/app_hid.o
                0x0000000000012270                appHidReadAttrCB
 .text.appHidPasscodeCB
                0x00000000000123a6       0x22 ./APP/app_hid.o
 .text.appHidPairStateCB
                0x00000000000123c8       0xae ./APP/app_hid.o
 .text.appReadAttrCB
                0x0000000000012476       0x82 ./APP/app_hid.o
 .text.appHidWriteAttrCB
                0x00000000000124f8       0xa2 ./APP/app_hid.o
                0x00000000000124f8                appHidWriteAttrCB
 .text.appWriteAttrCB
                0x000000000001259a      0x108 ./APP/app_hid.o
 .text.appHidHandleConnStatusCB
                0x00000000000126a2       0x64 ./APP/app_hid.o
 .text.appHidStateNotify
                0x0000000000012706      0x13c ./APP/app_hid.o
 .text.appHidAddService
                0x0000000000012842       0xa4 ./APP/app_hid.o
                0x0000000000012842                appHidAddService
 .text.appHidBroadcasterCfg
                0x00000000000128e6       0xe4 ./APP/app_hid.o
                0x00000000000128e6                appHidBroadcasterCfg
 .text.appHidDeviveNameCfg
                0x00000000000129ca       0x26 ./APP/app_hid.o
                0x00000000000129ca                appHidDeviveNameCfg
 .text.appHidScanRspDataCfg
                0x00000000000129f0       0x26 ./APP/app_hid.o
                0x00000000000129f0                appHidScanRspDataCfg
 .text.appHidPeripheralInit
                0x0000000000012a16       0xec ./APP/app_hid.o
                0x0000000000012a16                appHidPeripheralInit
 .text.appEnableNotifyCtl
                0x0000000000012b02       0x10 ./APP/app_hid.o
                0x0000000000012b02                appEnableNotifyCtl
 .text.appHidSendNotifyData
                0x0000000000012b12       0x8a ./APP/app_hid.o
                0x0000000000012b12                appHidSendNotifyData
 .text.apphidProcessEvent
                0x0000000000012b9c      0x168 ./APP/app_hid.o
                0x0000000000012b9c                apphidProcessEvent
 .text.appHidTerminalLink
                0x0000000000012d04       0x2e ./APP/app_hid.o
                0x0000000000012d04                appHidTerminalLink
 .text.startup.main
                0x0000000000012d32       0x20 ./APP/app_main.o
                0x0000000000012d32                main
 .text.appSendNotifyData
                0x0000000000012d52       0x98 ./APP/app_peripheral.o
                0x0000000000012d52                appSendNotifyData
 .text.cos      0x0000000000012dea       0x92 d:/软件工具/mounriver_studio_setup_v142/mounriver_studio/toolchain/risc-v embedded gcc/bin/../lib/gcc/riscv-none-embed/8.2.0/../../../../riscv-none-embed/lib/rv32imac/ilp32\libm.a(lib_a-s_cos.o)
                0x0000000000012dea                cos
 .text.sin      0x0000000000012e7c       0x94 d:/软件工具/mounriver_studio_setup_v142/mounriver_studio/toolchain/risc-v embedded gcc/bin/../lib/gcc/riscv-none-embed/8.2.0/../../../../riscv-none-embed/lib/rv32imac/ilp32\libm.a(lib_a-s_sin.o)
                0x0000000000012e7c                sin
 .text.asin     0x0000000000012f10       0xbe d:/软件工具/mounriver_studio_setup_v142/mounriver_studio/toolchain/risc-v embedded gcc/bin/../lib/gcc/riscv-none-embed/8.2.0/../../../../riscv-none-embed/lib/rv32imac/ilp32\libm.a(lib_a-w_asin.o)
                0x0000000000012f10                asin
 .text.pow      0x0000000000012fce      0x326 d:/软件工具/mounriver_studio_setup_v142/mounriver_studio/toolchain/risc-v embedded gcc/bin/../lib/gcc/riscv-none-embed/8.2.0/../../../../riscv-none-embed/lib/rv32imac/ilp32\libm.a(lib_a-w_pow.o)
                0x0000000000012fce                pow
 .text.sqrt     0x00000000000132f4       0xba d:/软件工具/mounriver_studio_setup_v142/mounriver_studio/toolchain/risc-v embedded gcc/bin/../lib/gcc/riscv-none-embed/8.2.0/../../../../riscv-none-embed/lib/rv32imac/ilp32\libm.a(lib_a-w_sqrt.o)
                0x00000000000132f4                sqrt
 .text.__ieee754_asin
                0x00000000000133ae      0x468 d:/软件工具/mounriver_studio_setup_v142/mounriver_studio/toolchain/risc-v embedded gcc/bin/../lib/gcc/riscv-none-embed/8.2.0/../../../../riscv-none-embed/lib/rv32imac/ilp32\libm.a(lib_a-e_asin.o)
                0x00000000000133ae                __ieee754_asin
 .text.__ieee754_pow
                0x0000000000013816      0xad8 d:/软件工具/mounriver_studio_setup_v142/mounriver_studio/toolchain/risc-v embedded gcc/bin/../lib/gcc/riscv-none-embed/8.2.0/../../../../riscv-none-embed/lib/rv32imac/ilp32\libm.a(lib_a-e_pow.o)
                0x0000000000013816                __ieee754_pow
 .text.__ieee754_rem_pio2
                0x00000000000142ee      0x466 d:/软件工具/mounriver_studio_setup_v142/mounriver_studio/toolchain/risc-v embedded gcc/bin/../lib/gcc/riscv-none-embed/8.2.0/../../../../riscv-none-embed/lib/rv32imac/ilp32\libm.a(lib_a-e_rem_pio2.o)
                0x00000000000142ee                __ieee754_rem_pio2
 .text.__ieee754_sqrt
                0x0000000000014754      0x1d6 d:/软件工具/mounriver_studio_setup_v142/mounriver_studio/toolchain/risc-v embedded gcc/bin/../lib/gcc/riscv-none-embed/8.2.0/../../../../riscv-none-embed/lib/rv32imac/ilp32\libm.a(lib_a-e_sqrt.o)
                0x0000000000014754                __ieee754_sqrt
 .text.__kernel_cos
                0x000000000001492a      0x2b8 d:/软件工具/mounriver_studio_setup_v142/mounriver_studio/toolchain/risc-v embedded gcc/bin/../lib/gcc/riscv-none-embed/8.2.0/../../../../riscv-none-embed/lib/rv32imac/ilp32\libm.a(lib_a-k_cos.o)
                0x000000000001492a                __kernel_cos
 .text.__kernel_rem_pio2
                0x0000000000014be2      0x952 d:/软件工具/mounriver_studio_setup_v142/mounriver_studio/toolchain/risc-v embedded gcc/bin/../lib/gcc/riscv-none-embed/8.2.0/../../../../riscv-none-embed/lib/rv32imac/ilp32\libm.a(lib_a-k_rem_pio2.o)
                0x0000000000014be2                __kernel_rem_pio2
 .text.__kernel_sin
                0x0000000000015534      0x19a d:/软件工具/mounriver_studio_setup_v142/mounriver_studio/toolchain/risc-v embedded gcc/bin/../lib/gcc/riscv-none-embed/8.2.0/../../../../riscv-none-embed/lib/rv32imac/ilp32\libm.a(lib_a-k_sin.o)
                0x0000000000015534                __kernel_sin
 .text.fabs     0x00000000000156ce        0x6 d:/软件工具/mounriver_studio_setup_v142/mounriver_studio/toolchain/risc-v embedded gcc/bin/../lib/gcc/riscv-none-embed/8.2.0/../../../../riscv-none-embed/lib/rv32imac/ilp32\libm.a(lib_a-s_fabs.o)
                0x00000000000156ce                fabs
 .text.finite   0x00000000000156d4        0xe d:/软件工具/mounriver_studio_setup_v142/mounriver_studio/toolchain/risc-v embedded gcc/bin/../lib/gcc/riscv-none-embed/8.2.0/../../../../riscv-none-embed/lib/rv32imac/ilp32\libm.a(lib_a-s_finite.o)
                0x00000000000156d4                finite
 .text.floor    0x00000000000156e2      0x158 d:/软件工具/mounriver_studio_setup_v142/mounriver_studio/toolchain/risc-v embedded gcc/bin/../lib/gcc/riscv-none-embed/8.2.0/../../../../riscv-none-embed/lib/rv32imac/ilp32\libm.a(lib_a-s_floor.o)
                0x00000000000156e2                floor
 .text.matherr  0x000000000001583a        0x4 d:/软件工具/mounriver_studio_setup_v142/mounriver_studio/toolchain/risc-v embedded gcc/bin/../lib/gcc/riscv-none-embed/8.2.0/../../../../riscv-none-embed/lib/rv32imac/ilp32\libm.a(lib_a-s_matherr.o)
                0x000000000001583a                matherr
 .text.nan      0x000000000001583e        0xe d:/软件工具/mounriver_studio_setup_v142/mounriver_studio/toolchain/risc-v embedded gcc/bin/../lib/gcc/riscv-none-embed/8.2.0/../../../../riscv-none-embed/lib/rv32imac/ilp32\libm.a(lib_a-s_nan.o)
                0x000000000001583e                nan
 .text.rint     0x000000000001584c      0x18c d:/软件工具/mounriver_studio_setup_v142/mounriver_studio/toolchain/risc-v embedded gcc/bin/../lib/gcc/riscv-none-embed/8.2.0/../../../../riscv-none-embed/lib/rv32imac/ilp32\libm.a(lib_a-s_rint.o)
                0x000000000001584c                rint
 .text.scalbn   0x00000000000159d8      0x140 d:/软件工具/mounriver_studio_setup_v142/mounriver_studio/toolchain/risc-v embedded gcc/bin/../lib/gcc/riscv-none-embed/8.2.0/../../../../riscv-none-embed/lib/rv32imac/ilp32\libm.a(lib_a-s_scalbn.o)
                0x00000000000159d8                scalbn
 .text.copysign
                0x0000000000015b18       0x16 d:/软件工具/mounriver_studio_setup_v142/mounriver_studio/toolchain/risc-v embedded gcc/bin/../lib/gcc/riscv-none-embed/8.2.0/../../../../riscv-none-embed/lib/rv32imac/ilp32\libm.a(lib_a-s_copysign.o)
                0x0000000000015b18                copysign
 .text.tmos_msg_enqueue
                0x0000000000015b2e       0x1e R:\ZTProject\G3N_EC800M\g3n_ec800m_app\LIB\libCH58xBLE.a(message.o)
                0x0000000000015b2e                tmos_msg_enqueue
 .text.tmos_msg_deallocate
                0x0000000000015b4c       0x2c R:\ZTProject\G3N_EC800M\g3n_ec800m_app\LIB\libCH58xBLE.a(message.o)
                0x0000000000015b4c                tmos_msg_deallocate
 .text.tmos_msg_allocate
                0x0000000000015b78       0x46 R:\ZTProject\G3N_EC800M\g3n_ec800m_app\LIB\libCH58xBLE.a(message.o)
                0x0000000000015b78                tmos_msg_allocate
 .text.tmos_msg_receive
                0x0000000000015bbe       0x72 R:\ZTProject\G3N_EC800M\g3n_ec800m_app\LIB\libCH58xBLE.a(message.o)
                0x0000000000015bbe                tmos_msg_receive
 .text.tmos_msg_send
                0x0000000000015c30       0x66 R:\ZTProject\G3N_EC800M\g3n_ec800m_app\LIB\libCH58xBLE.a(message.o)
                0x0000000000015c30                tmos_msg_send
 .text.tmos_msg_init
                0x0000000000015c96        0xa R:\ZTProject\G3N_EC800M\g3n_ec800m_app\LIB\libCH58xBLE.a(message.o)
                0x0000000000015c96                tmos_msg_init
 .text.tmosFindTask
                0x0000000000015ca0       0x24 R:\ZTProject\G3N_EC800M\g3n_ec800m_app\LIB\libCH58xBLE.a(tmos.o)
 .text.TMOS_CB_PeriodicProcessEvent
                0x0000000000015cc4       0x86 R:\ZTProject\G3N_EC800M\g3n_ec800m_app\LIB\libCH58xBLE.a(tmos.o)
                0x0000000000015cc4                TMOS_CB_PeriodicProcessEvent
 .text.TMOS_CB_ProcessEvent
                0x0000000000015d4a       0x84 R:\ZTProject\G3N_EC800M\g3n_ec800m_app\LIB\libCH58xBLE.a(tmos.o)
                0x0000000000015d4a                TMOS_CB_ProcessEvent
 .text.tmos_rand
                0x0000000000015dce       0x54 R:\ZTProject\G3N_EC800M\g3n_ec800m_app\LIB\libCH58xBLE.a(tmos.o)
                0x0000000000015dce                tmos_rand
 .text.tmos_proces_sleep
                0x0000000000015e22      0x126 R:\ZTProject\G3N_EC800M\g3n_ec800m_app\LIB\libCH58xBLE.a(tmos.o)
                0x0000000000015e22                tmos_proces_sleep
 .text.tmos_start_periodic_callback_task
                0x0000000000015f48      0x11e R:\ZTProject\G3N_EC800M\g3n_ec800m_app\LIB\libCH58xBLE.a(tmos.o)
                0x0000000000015f48                tmos_start_periodic_callback_task
 .text.tmos_set_event
                0x0000000000016066       0x2e R:\ZTProject\G3N_EC800M\g3n_ec800m_app\LIB\libCH58xBLE.a(tmos.o)
                0x0000000000016066                tmos_set_event
 .text.tmos_clear_event
                0x0000000000016094       0x32 R:\ZTProject\G3N_EC800M\g3n_ec800m_app\LIB\libCH58xBLE.a(tmos.o)
                0x0000000000016094                tmos_clear_event
 .text.tmos_update_callback_timer
                0x00000000000160c6       0xd8 R:\ZTProject\G3N_EC800M\g3n_ec800m_app\LIB\libCH58xBLE.a(tmos.o)
                0x00000000000160c6                tmos_update_callback_timer
 .text.tmos_start_task
                0x000000000001619e      0x110 R:\ZTProject\G3N_EC800M\g3n_ec800m_app\LIB\libCH58xBLE.a(tmos.o)
                0x000000000001619e                tmos_start_task
 .text.tmos_start_callback_task
                0x00000000000162ae       0x9a R:\ZTProject\G3N_EC800M\g3n_ec800m_app\LIB\libCH58xBLE.a(tmos.o)
                0x00000000000162ae                tmos_start_callback_task
 .text.tmos_start_reload_task
                0x0000000000016348       0x76 R:\ZTProject\G3N_EC800M\g3n_ec800m_app\LIB\libCH58xBLE.a(tmos.o)
                0x0000000000016348                tmos_start_reload_task
 .text.tmos_stop_task
                0x00000000000163be       0x34 R:\ZTProject\G3N_EC800M\g3n_ec800m_app\LIB\libCH58xBLE.a(tmos.o)
                0x00000000000163be                tmos_stop_task
 .text.tmos_stop_callback_task
                0x00000000000163f2       0x5c R:\ZTProject\G3N_EC800M\g3n_ec800m_app\LIB\libCH58xBLE.a(tmos.o)
                0x00000000000163f2                tmos_stop_callback_task
 .text.tmos_get_task_timer
                0x000000000001644e       0x82 R:\ZTProject\G3N_EC800M\g3n_ec800m_app\LIB\libCH58xBLE.a(tmos.o)
                0x000000000001644e                tmos_get_task_timer
 .text.TMOS_TimerRegister
                0x00000000000164d0       0x1e R:\ZTProject\G3N_EC800M\g3n_ec800m_app\LIB\libCH58xBLE.a(tmos.o)
                0x00000000000164d0                TMOS_TimerRegister
 .text.TMOS_ProcessRegister
                0x00000000000164ee       0x16 R:\ZTProject\G3N_EC800M\g3n_ec800m_app\LIB\libCH58xBLE.a(tmos.o)
                0x00000000000164ee                TMOS_ProcessRegister
 .text.TMOS_Init
                0x0000000000016504       0xf8 R:\ZTProject\G3N_EC800M\g3n_ec800m_app\LIB\libCH58xBLE.a(tmos.o)
                0x0000000000016504                TMOS_Init
 .text.TMOS_ProcessEventRegister
                0x00000000000165fc       0x3c R:\ZTProject\G3N_EC800M\g3n_ec800m_app\LIB\libCH58xBLE.a(tmos.o)
                0x00000000000165fc                TMOS_ProcessEventRegister
 .text.BLE_LibInit
                0x0000000000016638      0x160 R:\ZTProject\G3N_EC800M\g3n_ec800m_app\LIB\libCH58xBLE.a(tmos.o)
                0x0000000000016638                BLE_LibInit
 .text.clockGetTickValve
                0x0000000000016798       0x96 R:\ZTProject\G3N_EC800M\g3n_ec800m_app\LIB\libCH58xBLE.a(tmos_hw.o)
 .text.ble_ll_common_rand8
                0x000000000001682e       0x24 R:\ZTProject\G3N_EC800M\g3n_ec800m_app\LIB\libCH58xBLE.a(tmos_hw.o)
                0x000000000001682e                ble_ll_common_rand8
 .text.ble_ll_common_rand16
                0x0000000000016852       0x24 R:\ZTProject\G3N_EC800M\g3n_ec800m_app\LIB\libCH58xBLE.a(tmos_hw.o)
                0x0000000000016852                ble_ll_common_rand16
 .text.ble_ll_common_rand32
                0x0000000000016876       0x20 R:\ZTProject\G3N_EC800M\g3n_ec800m_app\LIB\libCH58xBLE.a(tmos_hw.o)
                0x0000000000016876                ble_ll_common_rand32
 .text.TMOS_TempSample
                0x0000000000016896       0x62 R:\ZTProject\G3N_EC800M\g3n_ec800m_app\LIB\libCH58xBLE.a(tmos_hw.o)
                0x0000000000016896                TMOS_TempSample
 .text.TMOS_TimerInit
                0x00000000000168f8       0x70 R:\ZTProject\G3N_EC800M\g3n_ec800m_app\LIB\libCH58xBLE.a(tmos_hw.o)
                0x00000000000168f8                TMOS_TimerInit
 .text.tmos_snv_clear
                0x0000000000016968       0xb0 R:\ZTProject\G3N_EC800M\g3n_ec800m_app\LIB\libCH58xBLE.a(tmos_snv.o)
                0x0000000000016968                tmos_snv_clear
 .text.tmos_snv_read
                0x0000000000016a18       0xea R:\ZTProject\G3N_EC800M\g3n_ec800m_app\LIB\libCH58xBLE.a(tmos_snv.o)
                0x0000000000016a18                tmos_snv_read
 .text.tmos_snv_notify
                0x0000000000016b02       0x5e R:\ZTProject\G3N_EC800M\g3n_ec800m_app\LIB\libCH58xBLE.a(tmos_snv.o)
                0x0000000000016b02                tmos_snv_notify
 .text.tmos_snv_write
                0x0000000000016b60      0x118 R:\ZTProject\G3N_EC800M\g3n_ec800m_app\LIB\libCH58xBLE.a(tmos_snv.o)
                0x0000000000016b60                tmos_snv_write
 .text.tmos_snv_compact
                0x0000000000016c78       0x48 R:\ZTProject\G3N_EC800M\g3n_ec800m_app\LIB\libCH58xBLE.a(tmos_snv.o)
                0x0000000000016c78                tmos_snv_compact
 .text.disconnectNext
                0x0000000000016cc0       0x22 R:\ZTProject\G3N_EC800M\g3n_ec800m_app\LIB\libCH58xBLE.a(gap.o)
 .text.GAP_ParamInit
                0x0000000000016ce2      0x14e R:\ZTProject\G3N_EC800M\g3n_ec800m_app\LIB\libCH58xBLE.a(gap.o)
                0x0000000000016ce2                GAP_ParamInit
 .text.sendTerminateEvent
                0x0000000000016e30       0x58 R:\ZTProject\G3N_EC800M\g3n_ec800m_app\LIB\libCH58xBLE.a(gap.o)
                0x0000000000016e30                sendTerminateEvent
 .text.gapRegisterCentral
                0x0000000000016e88        0x6 R:\ZTProject\G3N_EC800M\g3n_ec800m_app\LIB\libCH58xBLE.a(gap.o)
                0x0000000000016e88                gapRegisterCentral
 .text.gapRegisterCentralConn
                0x0000000000016e8e        0x6 R:\ZTProject\G3N_EC800M\g3n_ec800m_app\LIB\libCH58xBLE.a(gap.o)
                0x0000000000016e8e                gapRegisterCentralConn
 .text.gapRegisterPeripheral
                0x0000000000016e94        0x6 R:\ZTProject\G3N_EC800M\g3n_ec800m_app\LIB\libCH58xBLE.a(gap.o)
                0x0000000000016e94                gapRegisterPeripheral
 .text.gapRegisterPeripheralConn
                0x0000000000016e9a        0x6 R:\ZTProject\G3N_EC800M\g3n_ec800m_app\LIB\libCH58xBLE.a(gap.o)
                0x0000000000016e9a                gapRegisterPeripheralConn
 .text.smGenerateRandBuf
                0x0000000000016ea0       0x56 R:\ZTProject\G3N_EC800M\g3n_ec800m_app\LIB\libCH58xBLE.a(gap.o)
                0x0000000000016ea0                smGenerateRandBuf
 .text.gapL2capConnParamUpdateReq
                0x0000000000016ef6       0x36 R:\ZTProject\G3N_EC800M\g3n_ec800m_app\LIB\libCH58xBLE.a(gap.o)
                0x0000000000016ef6                gapL2capConnParamUpdateReq
 .text.gapValidADType
                0x0000000000016f2c       0x16 R:\ZTProject\G3N_EC800M\g3n_ec800m_app\LIB\libCH58xBLE.a(gap.o)
                0x0000000000016f2c                gapValidADType
 .text.gapFindADType
                0x0000000000016f42       0x94 R:\ZTProject\G3N_EC800M\g3n_ec800m_app\LIB\libCH58xBLE.a(gap.o)
                0x0000000000016f42                gapFindADType
 .text.GAP_SecParamsInit
                0x0000000000016fd6       0xae R:\ZTProject\G3N_EC800M\g3n_ec800m_app\LIB\libCH58xBLE.a(gap.o)
                0x0000000000016fd6                GAP_SecParamsInit
 .text.GAP_ParamsInit
                0x0000000000017084       0x50 R:\ZTProject\G3N_EC800M\g3n_ec800m_app\LIB\libCH58xBLE.a(gap.o)
                0x0000000000017084                GAP_ParamsInit
 .text.gapAddAddrAdj
                0x00000000000170d4       0x48 R:\ZTProject\G3N_EC800M\g3n_ec800m_app\LIB\libCH58xBLE.a(gap.o)
                0x00000000000170d4                gapAddAddrAdj
 .text.gapDetermineAddrType
                0x000000000001711c       0x28 R:\ZTProject\G3N_EC800M\g3n_ec800m_app\LIB\libCH58xBLE.a(gap.o)
                0x000000000001711c                gapDetermineAddrType
 .text.gapFreeAuthLink
                0x0000000000017144       0x4a R:\ZTProject\G3N_EC800M\g3n_ec800m_app\LIB\libCH58xBLE.a(gap.o)
                0x0000000000017144                gapFreeAuthLink
 .text.gapGetDevAddress
                0x000000000001718e       0x24 R:\ZTProject\G3N_EC800M\g3n_ec800m_app\LIB\libCH58xBLE.a(gap.o)
                0x000000000001718e                gapGetDevAddress
 .text.gapGetDevAddressMode
                0x00000000000171b2        0xa R:\ZTProject\G3N_EC800M\g3n_ec800m_app\LIB\libCH58xBLE.a(gap.o)
                0x00000000000171b2                gapGetDevAddressMode
 .text.gapGetIRK
                0x00000000000171bc        0xc R:\ZTProject\G3N_EC800M\g3n_ec800m_app\LIB\libCH58xBLE.a(gap.o)
                0x00000000000171bc                gapGetIRK
 .text.gapGetSRK
                0x00000000000171c8        0xc R:\ZTProject\G3N_EC800M\g3n_ec800m_app\LIB\libCH58xBLE.a(gap.o)
                0x00000000000171c8                gapGetSRK
 .text.gapGetSignCounter
                0x00000000000171d4        0xe R:\ZTProject\G3N_EC800M\g3n_ec800m_app\LIB\libCH58xBLE.a(gap.o)
                0x00000000000171d4                gapGetSignCounter
 .text.gapIncSignCounter
                0x00000000000171e2       0x28 R:\ZTProject\G3N_EC800M\g3n_ec800m_app\LIB\libCH58xBLE.a(gap.o)
                0x00000000000171e2                gapIncSignCounter
 .text.gapProcessConnEvt
                0x000000000001720a       0x48 R:\ZTProject\G3N_EC800M\g3n_ec800m_app\LIB\libCH58xBLE.a(gap.o)
                0x000000000001720a                gapProcessConnEvt
 .text.gapProcessDisconnectCompleteEvt
                0x0000000000017252       0xaa R:\ZTProject\G3N_EC800M\g3n_ec800m_app\LIB\libCH58xBLE.a(gap.o)
                0x0000000000017252                gapProcessDisconnectCompleteEvt
 .text.sendAuthEvent
                0x00000000000172fc      0x120 R:\ZTProject\G3N_EC800M\g3n_ec800m_app\LIB\libCH58xBLE.a(gap.o)
                0x00000000000172fc                sendAuthEvent
 .text.gapSendBondCompleteEvent
                0x000000000001741c       0x74 R:\ZTProject\G3N_EC800M\g3n_ec800m_app\LIB\libCH58xBLE.a(gap.o)
                0x000000000001741c                gapSendBondCompleteEvent
 .text.gapSendPairingReqEvent
                0x0000000000017490       0x96 R:\ZTProject\G3N_EC800M\g3n_ec800m_app\LIB\libCH58xBLE.a(gap.o)
                0x0000000000017490                gapSendPairingReqEvent
 .text.gapSendSlaveSecurityReqEvent
                0x0000000000017526       0x68 R:\ZTProject\G3N_EC800M\g3n_ec800m_app\LIB\libCH58xBLE.a(gap.o)
                0x0000000000017526                gapSendSlaveSecurityReqEvent
 .text.gapSendDeviceInitDoneEvent
                0x000000000001758e       0x88 R:\ZTProject\G3N_EC800M\g3n_ec800m_app\LIB\libCH58xBLE.a(gap.o)
                0x000000000001758e                gapSendDeviceInitDoneEvent
 .text.gapSendLinkUpdateEvent
                0x0000000000017616       0xbc R:\ZTProject\G3N_EC800M\g3n_ec800m_app\LIB\libCH58xBLE.a(gap.o)
                0x0000000000017616                gapSendLinkUpdateEvent
 .text.gapSendPhyUpdateEvent
                0x00000000000176d2       0x58 R:\ZTProject\G3N_EC800M\g3n_ec800m_app\LIB\libCH58xBLE.a(gap.o)
                0x00000000000176d2                gapSendPhyUpdateEvent
 .text.gapSendEstLinkEvent
                0x000000000001772a       0xbc R:\ZTProject\G3N_EC800M\g3n_ec800m_app\LIB\libCH58xBLE.a(gap.o)
                0x000000000001772a                gapSendEstLinkEvent
 .text.gapProcessNewAddr
                0x00000000000177e6       0x3e R:\ZTProject\G3N_EC800M\g3n_ec800m_app\LIB\libCH58xBLE.a(gap.o)
                0x00000000000177e6                gapProcessNewAddr
 .text.gapProcessRandomAddrComplete