Archive member included to satisfy reference by file (symbol)

../StdPeriphDriver\libISP583.a(ISP583.o)
                              ./Task/app_db.o (FLASH_EEPROM_CMD)
d:/软件工具/mounriver_studio_setup_v142/mounriver_studio/toolchain/risc-v embedded gcc/bin/../lib/gcc/riscv-none-embed/8.2.0/../../../../riscv-none-embed/lib/rv32imac/ilp32\libm.a(lib_a-s_cos.o)
                              ./Task/app_gps.o (cos)
d:/软件工具/mounriver_studio_setup_v142/mounriver_studio/toolchain/risc-v embedded gcc/bin/../lib/gcc/riscv-none-embed/8.2.0/../../../../riscv-none-embed/lib/rv32imac/ilp32\libm.a(lib_a-s_sin.o)
                              ./Task/app_gps.o (sin)
d:/软件工具/mounriver_studio_setup_v142/mounriver_studio/toolchain/risc-v embedded gcc/bin/../lib/gcc/riscv-none-embed/8.2.0/../../../../riscv-none-embed/lib/rv32imac/ilp32\libm.a(lib_a-w_asin.o)
                              ./Task/app_gps.o (asin)
d:/软件工具/mounriver_studio_setup_v142/mounriver_studio/toolchain/risc-v embedded gcc/bin/../lib/gcc/riscv-none-embed/8.2.0/../../../../riscv-none-embed/lib/rv32imac/ilp32\libm.a(lib_a-w_pow.o)
                              ./Task/app_gps.o (pow)
d:/软件工具/mounriver_studio_setup_v142/mounriver_studio/toolchain/risc-v embedded gcc/bin/../lib/gcc/riscv-none-embed/8.2.0/../../../../riscv-none-embed/lib/rv32imac/ilp32\libm.a(lib_a-w_sqrt.o)
                              ./Task/app_gps.o (sqrt)
d:/软件工具/mounriver_studio_setup_v142/mounriver_studio/toolchain/risc-v embedded gcc/bin/../lib/gcc/riscv-none-embed/8.2.0/../../../../riscv-none-embed/lib/rv32imac/ilp32\libm.a(lib_a-e_asin.o)
                              d:/软件工具/mounriver_studio_setup_v142/mounriver_studio/toolchain/risc-v embedded gcc/bin/../lib/gcc/riscv-none-embed/8.2.0/../../../../riscv-none-embed/lib/rv32imac/ilp32\libm.a(lib_a-w_asin.o) (__ieee754_asin)
d:/软件工具/mounriver_studio_setup_v142/mounriver_studio/toolchain/risc-v embedded gcc/bin/../lib/gcc/riscv-none-embed/8.2.0/../../../../riscv-none-embed/lib/rv32imac/ilp32\libm.a(lib_a-e_pow.o)
                              d:/软件工具/mounriver_studio_setup_v142/mounriver_studio/toolchain/risc-v embedded gcc/bin/../lib/gcc/riscv-none-embed/8.2.0/../../../../riscv-none-embed/lib/rv32imac/ilp32\libm.a(lib_a-w_pow.o) (__ieee754_pow)
d:/软件工具/mounriver_studio_setup_v142/mounriver_studio/toolchain/risc-v embedded gcc/bin/../lib/gcc/riscv-none-embed/8.2.0/../../../../riscv-none-embed/lib/rv32imac/ilp32\libm.a(lib_a-e_rem_pio2.o)
                              d:/软件工具/mounriver_studio_setup_v142/mounriver_studio/toolchain/risc-v embedded gcc/bin/../lib/gcc/riscv-none-embed/8.2.0/../../../../riscv-none-embed/lib/rv32imac/ilp32\libm.a(lib_a-s_cos.o) (__ieee754_rem_pio2)
d:/软件工具/mounriver_studio_setup_v142/mounriver_studio/toolchain/risc-v embedded gcc/bin/../lib/gcc/riscv-none-embed/8.2.0/../../../../riscv-none-embed/lib/rv32imac/ilp32\libm.a(lib_a-e_sqrt.o)
                              d:/软件工具/mounriver_studio_setup_v142/mounriver_studio/toolchain/risc-v embedded gcc/bin/../lib/gcc/riscv-none-embed/8.2.0/../../../../riscv-none-embed/lib/rv32imac/ilp32\libm.a(lib_a-w_sqrt.o) (__ieee754_sqrt)
d:/软件工具/mounriver_studio_setup_v142/mounriver_studio/toolchain/risc-v embedded gcc/bin/../lib/gcc/riscv-none-embed/8.2.0/../../../../riscv-none-embed/lib/rv32imac/ilp32\libm.a(lib_a-k_cos.o)
                              d:/软件工具/mounriver_studio_setup_v142/mounriver_studio/toolchain/risc-v embedded gcc/bin/../lib/gcc/riscv-none-embed/8.2.0/../../../../riscv-none-embed/lib/rv32imac/ilp32\libm.a(lib_a-s_cos.o) (__kernel_cos)
d:/软件工具/mounriver_studio_setup_v142/mounriver_studio/toolchain/risc-v embedded gcc/bin/../lib/gcc/riscv-none-embed/8.2.0/../../../../riscv-none-embed/lib/rv32imac/ilp32\libm.a(lib_a-k_rem_pio2.o)
                              d:/软件工具/mounriver_studio_setup_v142/mounriver_studio/toolchain/risc-v embedded gcc/bin/../lib/gcc/riscv-none-embed/8.2.0/../../../../riscv-none-embed/lib/rv32imac/ilp32\libm.a(lib_a-e_rem_pio2.o) (__kernel_rem_pio2)
d:/软件工具/mounriver_studio_setup_v142/mounriver_studio/toolchain/risc-v embedded gcc/bin/../lib/gcc/riscv-none-embed/8.2.0/../../../../riscv-none-embed/lib/rv32imac/ilp32\libm.a(lib_a-k_sin.o)
                              d:/软件工具/mounriver_studio_setup_v142/mounriver_studio/toolchain/risc-v embedded gcc/bin/../lib/gcc/riscv-none-embed/8.2.0/../../../../riscv-none-embed/lib/rv32imac/ilp32\libm.a(lib_a-s_cos.o) (__kernel_sin)
d:/软件工具/mounriver_studio_setup_v142/mounriver_studio/toolchain/risc-v embedded gcc/bin/../lib/gcc/riscv-none-embed/8.2.0/../../../../riscv-none-embed/lib/rv32imac/ilp32\libm.a(lib_a-s_fabs.o)
                              d:/软件工具/mounriver_studio_setup_v142/mounriver_studio/toolchain/risc-v embedded gcc/bin/../lib/gcc/riscv-none-embed/8.2.0/../../../../riscv-none-embed/lib/rv32imac/ilp32\libm.a(lib_a-w_asin.o) (fabs)
[...]
Memory Configuration

Name             Origin             Length             Attributes
FLASH            0x000000000000c000 0x0000000000064000 xr
RAM              0x0000000020000000 0x0000000000008000 xrw
*default*        0x0000000000000000 0xffffffffffffffff

Linker script and memory map

LOAD ./Task/aes.o
LOAD ./Task/app_atcmd.o
LOAD ./Task/app_bleRelay.o
LOAD ./Task/app_db.o
LOAD ./Task/app_encrypt.o
LOAD ./Task/app_gps.o
LOAD ./Task/app_instructioncmd.o
LOAD ./Task/app_jt808.o
LOAD ./Task/app_kernal.o
LOAD ./Task/app_mir3da.o
LOAD ./Task/app_net.o
LOAD ./Task/app_param.o
LOAD ./Task/app_port.o
LOAD ./Task/app_protocol.o
LOAD ./Task/app_server.o
LOAD ./Task/app_socket.o
LOAD ./Task/app_sys.o
LOAD ./Task/app_task.o
LOAD ./StdPeriphDriver/CH58x_adc.o
LOAD ./StdPeriphDriver/CH58x_clk.o
LOAD ./StdPeriphDriver/CH58x_flash.o
LOAD ./StdPeriphDriver/CH58x_gpio.o
LOAD ./StdPeriphDriver/CH58x_i2c.o
LOAD ./StdPeriphDriver/CH58x_pwm.o
LOAD ./StdPeriphDriver/CH58x_pwr.o
LOAD ./StdPeriphDriver/CH58x_spi0.o
LOAD ./StdPeriphDriver/CH58x_spi1.o
LOAD ./StdPeriphDriver/CH58x_sys.o
LOAD ./StdPeriphDriver/CH58x_timer0.o
LOAD ./StdPeriphDriver/CH58x_timer1.o
LOAD ./StdPeriphDriver/CH58x_timer2.o
LOAD ./StdPeriphDriver/CH58x_timer3.o
LOAD ./StdPeriphDriver/CH58x_uart0.o
LOAD ./StdPeriphDriver/CH58x_uart1.o
LOAD ./StdPeriphDriver/CH58x_uart2.o
LOAD ./StdPeriphDriver/CH58x_uart3.o
LOAD ./StdPeriphDriver/CH58x_usb2dev.o
LOAD ./StdPeriphDriver/CH58x_usb2hostBase.o
LOAD ./StdPeriphDriver/CH58x_usb2hostClass.o
LOAD ./StdPeriphDriver/CH58x_usbdev.o
LOAD ./StdPeriphDriver/CH58x_usbhostBase.o
LOAD ./StdPeriphDriver/CH58x_usbhostClass.o
LOAD ./Startup/startup_CH583.o
LOAD ./RVMSIS/core_riscv.o
LOAD ./HAL/KEY.o
LOAD ./HAL/LED.o
LOAD ./HAL/MCU.o
LOAD ./HAL/RTC.o
LOAD ./HAL/SLEEP.o
LOAD ./APP/app_broadcaster.o
LOAD ./APP/app_main.o
LOAD ./APP/app_peripheral.o
LOAD ../StdPeriphDriver\libISP583.a
LOAD d:/软件工具/mounriver_studio_setup_v142/mounriver_studio/toolchain/risc-v embedded gcc/bin/../lib/gcc/riscv-none-embed/8.2.0/../../../../riscv-none-embed/lib/rv32imac/ilp32\libm.a
LOAD C:\Users\nimo\Desktop\GS02N_Air780E\GS02N_Air780E_app\LIB\libCH58xBLE.a
LOAD d:/软件工具/mounriver_studio_setup_v142/mounriver_studio/toolchain/risc-v embedded gcc/bin/../lib/gcc/riscv-none-embed/8.2.0/rv32imac/ilp32\libgcc.a
LOAD d:/软件工具/mounriver_studio_setup_v142/mounriver_studio/toolchain/risc-v embedded gcc/bin/../lib/gcc/riscv-none-embed/8.2.0/../../../../riscv-none-embed/lib/rv32imac/ilp32\libg_nano.a
LOAD d:/软件工具/mounriver_studio_setup_v142/mounriver_studio/toolchain/risc-v embedded gcc/bin/../lib/gcc/riscv-none-embed/8.2.0/../../../../riscv-none-embed/lib/rv32imac/ilp32\libc_nano.a
LOAD d:/软件工具/mounriver_studio_setup_v142/mounriver_studio/toolchain/risc-v embedded gcc/bin/../lib/gcc/riscv-none-embed/8.2.0/rv32imac/ilp32\libgcc.a
START GROUP
LOAD d:/软件工具/mounriver_studio_setup_v142/mounriver_studio/toolchain/risc-v embedded gcc/bin/../lib/gcc/riscv-none-embed/8.2.0/rv32imac/ilp32\libgcc.a
LOAD d:/软件工具/mounriver_studio_setup_v142/mounriver_studio/toolchain/risc-v embedded gcc/bin/../lib/gcc/riscv-none-embed/8.2.0/../../../../riscv-none-embed/lib/rv32imac/ilp32\libc_nano.a
LOAD d:/软件工具/mounriver_studio_setup_v142/mounriver_studio/toolchain/risc-v embedded gcc/bin/../lib/gcc/riscv-none-embed/8.2.0/../../../../riscv-none-embed/lib/rv32imac/ilp32\libnosys.a
END GROUP
START GROUP
LOAD d:/软件工具/mounriver_studio_setup_v142/mounriver_studio/toolchain/risc-v embedded gcc/bin/../lib/gcc/riscv-none-embed/8.2.0/rv32imac/ilp32\libgcc.a
LOAD d:/软件工具/mounriver_studio_setup_v142/mounriver_studio/toolchain/risc-v embedded gcc/bin/../lib/gcc/riscv-none-embed/8.2.0/../../../../riscv-none-embed/lib/rv32imac/ilp32\libc_nano.a
LOAD d:/软件工具/mounriver_studio_setup_v142/mounriver_studio/toolchain/risc-v embedded gcc/bin/../lib/gcc/riscv-none-embed/8.2.0/../../../../riscv-none-embed/lib/rv32imac/ilp32\libnosys.a
END GROUP

.init           0x000000000000c000        0x4
                0x000000000000c000                _sinit = .
                0x000000000000c000                . = ALIGN (0x4)
 *(SORT_NONE(.init))
 .init          0x000000000000c000        0x4 ./Startup/startup_CH583.o
                0x000000000000c000                _start
                0x000000000000c004                . = ALIGN (0x4)
                0x000000000000c004                _einit = .

.highcodelalign
                0x000000000000c004        0x0
                0x000000000000c004                . = ALIGN (0x4)
                0x000000000000c004                PROVIDE (_highcode_lma = .)

.highcode       0x0000000020000000     0x25b8 load address 0x000000000000c004
                0x0000000020000000                . = ALIGN (0x4)
                0x0000000020000000                PROVIDE (_highcode_vma_start = .)
 *(.vector)
 .vector        0x0000000020000000       0x90 ./Startup/startup_CH583.o
 *(SORT_NONE(.vector_handler))
 .vector_handler
                0x0000000020000090       0x36 ./Startup/startup_CH583.o
                0x0000000020000090                NMI_Handler
                0x0000000020000094                Ecall_M_Mode_Handler
                0x0000000020000096                Ecall_U_Mode_Handler
                0x0000000020000098                Break_Point_Handler
                0x000000002000009a                SysTick_Handler
                0x000000002000009c                SW_Handler
                0x000000002000009e                TMR0_IRQHandler
                0x00000000200000a4                SPI0_IRQHandler
                0x00000000200000a6                BB_IRQHandler
                0x00000000200000a8                LLE_IRQHandler
                0x00000000200000aa                USB_IRQHandler
                0x00000000200000ac                USB2_IRQHandler
                0x00000000200000ae                TMR1_IRQHandler
                0x00000000200000b0                TMR2_IRQHandler
                0x00000000200000b8                ADC_IRQHandler
                0x00000000200000ba                I2C_IRQHandler
                0x00000000200000bc                PWMX_IRQHandler
                0x00000000200000be                TMR3_IRQHandler
                0x00000000200000c4                WDOG_BAT_IRQHandler
 *(.highcode)
 .highcode      0x00000000200000c6      0x2ac ./Task/app_port.o
                0x00000000200000c6                UART0_IRQHandler
                0x000000002000015a                UART1_IRQHandler
                0x00000000200001ee                UART2_IRQHandler
                0x0000000020000282                UART3_IRQHandler
                0x0000000020000316                GPIOA_IRQHandler
                0x0000000020000344                GPIOB_IRQHandler
 .highcode      0x0000000020000372      0x334 ./StdPeriphDriver/CH58x_pwr.o
                0x0000000020000372                LowPower_Idle
                0x00000000200003b0                LowPower_Halt
                0x000000002000047c                LowPower_Sleep
                0x00000000200005ac                LowPower_Shutdown
 .highcode      0x00000000200006a6      0x22c ./StdPeriphDriver/CH58x_sys.o
                0x00000000200006a6                SetSysClock
                0x000000002000081a                SYS_ResetExecute
                0x0000000020000856                HardFault_Handler
                0x000000002000089c                mDelayuS
                0x00000000200008aa                mDelaymS
 .highcode      0x00000000200008d2       0x1a ./HAL/RTC.o
                0x00000000200008d2                RTC_IRQHandler
 .highcode      0x00000000200008ec        0x8 ./APP/app_main.o
                0x00000000200008ec                Main_Circulation
 .highcode      0x00000000200008f4      0x426 ../StdPeriphDriver\libISP583.a(ISP583.o)
                0x00000000200008f4                FLASH_ROM_BEG
                0x0000000020000906                FLASH_ROM_END
                0x0000000020000914                FLASH_ROM_IN
                0x0000000020000922                FLASH_ROM_OUT
                0x0000000020000930                FLASH_ROM_ADDR
                0x0000000020000978                FLASH_ROM_WAIT
                0x00000000200009b0                FLASH_EEPROM_CMD
 .highcode      0x0000000020000d1a      0x44c C:\Users\nimo\Desktop\GS02N_Air780E\GS02N_Air780E_app\LIB\libCH58xBLE.a(tmos.o)
                0x0000000020000d1a                tmos_memcpy
                0x0000000020000d3a                tmos_memcpy_word
                0x0000000020000d52                tmos_memset
                0x0000000020000d64                tmos_strlen
                0x0000000020000d78                tmos_memdup
                0x0000000020000daa                tmos_memcmp
                0x0000000020000dd8                tmos_revmemcpy
                0x0000000020000df4                tmos_isbufset
                0x0000000020000e16                tmos_proces_system_time
                0x0000000020000f60                TMOS_SystemProcess
 .highcode      0x0000000020001166       0x4c C:\Users\nimo\Desktop\GS02N_Air780E\GS02N_Air780E_app\LIB\libCH58xBLE.a(tmos_hw.o)
                0x00000000200011b0                TMOS_TimerIRQHandler
 .highcode      0x00000000200011b2      0x2d2 C:\Users\nimo\Desktop\GS02N_Air780E\GS02N_Air780E_app\LIB\libCH58xBLE.a(ll_connect.o)
                0x00000000200011b2                ll_connect_send_data
                0x00000000200012da                ll_connect_recv_data
                0x00000000200013ba                ll_connect_event_continue
 .highcode      0x0000000020001484      0x310 C:\Users\nimo\Desktop\GS02N_Air780E\GS02N_Air780E_app\LIB\libCH58xBLE.a(ll_hop.o)
                0x0000000020001484                LL_HopGetChannel
                0x000000002000152a                LL_HopGetChannel2
 .highcode      0x0000000020001794       0x50 C:\Users\nimo\Desktop\GS02N_Air780E\GS02N_Air780E_app\LIB\libCH58xBLE.a(ll_whitelist.o)
                0x0000000020001794                LL_WhitelistLookup
 .highcode      0x00000000200017e4      0x1e0 C:\Users\nimo\Desktop\GS02N_Air780E\GS02N_Air780E_app\LIB\libCH58xBLE.a(aes.o)
                0x00000000200017e4                AES_DevAESEnc
 .highcode      0x00000000200019c4      0x15a C:\Users\nimo\Desktop\GS02N_Air780E\GS02N_Air780E_app\LIB\libCH58xBLE.a(bb.o)
                0x00000000200019c4                BB_IRQLibHandler
                0x0000000020001ad4                BB_IRQLibFunction
 .highcode      0x0000000020001b1e      0x3dc C:\Users\nimo\Desktop\GS02N_Air780E\GS02N_Air780E_app\LIB\libCH58xBLE.a(ip.o)
                0x0000000020001b1e                ll_rx_wait_finish
                0x0000000020001b5c                ble_ll_chkcrc
                0x0000000020001bfe                ll_tx_wait_finish
                0x0000000020001d22                BLE_CheckHoppingMap
 .highcode      0x0000000020001efa      0x23c C:\Users\nimo\Desktop\GS02N_Air780E\GS02N_Air780E_app\LIB\libCH58xBLE.a(lle.o)
                0x0000000020001efa                LLE_IRQLibHandler
                0x00000000200020ec                LLE_IRQLibFunction
 .highcode      0x0000000020002136      0x1be C:\Users\nimo\Desktop\GS02N_Air780E\GS02N_Air780E_app\LIB\libCH58xBLE.a(rf_fh.o)
                0x0000000020002136                RF_HopGetChannel
                0x00000000200021a4                RF_FrequencyHoppingGet
                0x000000002000225a                RF_FrequencyHoppingChange
 .highcode      0x00000000200022f4       0x30 C:\Users\nimo\Desktop\GS02N_Air780E\GS02N_Air780E_app\LIB\libCH58xBLE.a(rfend.o)
                0x00000000200022f4                RFEND_WaitTune
 .highcode      0x0000000020002324      0x1ba C:\Users\nimo\Desktop\GS02N_Air780E\GS02N_Air780E_app\LIB\libCH58xBLE.a(memory.o)
                0x0000000020002324                tmos_memory_allocate
                0x00000000200023f6                tmos_memory_free
 .highcode      0x00000000200024de       0xd8 C:\Users\nimo\Desktop\GS02N_Air780E\GS02N_Air780E_app\LIB\libCH58xBLE.a(ll_resolvinglist.o)
                0x00000000200024de                LL_ResolvinglistPeerIdentifyAddressGetIrk
                0x0000000020002532                LL_ResolvinglistPeerRpaAddressGetIrk
                0x0000000020002574                LL_ResolvinglistLocalRpaAddressGetIrk
 *(.highcode.*)
                0x00000000200025b8                . = ALIGN (0x4)
 *fill*         0x00000000200025b6        0x2 
                0x00000000200025b8                PROVIDE (_highcode_vma_end = .)

.text           0x000000000000e5c0    0x3e324
                0x000000000000e5c0                . = ALIGN (0x4)
 *(SORT_NONE(.handle_reset))
 .handle_reset  0x000000000000e5c0       0xb6 ./Startup/startup_CH583.o
                0x000000000000e5c0                handle_reset
 *(.text)
 .text          0x000000000000e676       0xa8 d:/软件工具/mounriver_studio_setup_v142/mounriver_studio/toolchain/risc-v embedded gcc/bin/../lib/gcc/riscv-none-embed/8.2.0/../../../../riscv-none-embed/lib/rv32imac/ilp32\libg_nano.a(lib_a-memset.o)
                0x000000000000e676                memset
 .text          0x000000000000e71e      0x11e d:/软件工具/mounriver_studio_setup_v142/mounriver_studio/toolchain/risc-v embedded gcc/bin/../lib/gcc/riscv-none-embed/8.2.0/../../../../riscv-none-embed/lib/rv32imac/ilp32\libg_nano.a(lib_a-strcmp.o)
                0x000000000000e71e                strcmp
 *(.text.*)
 .text.convertToIntArray
                0x000000000000e83c       0x2a ./Task/aes.o
 .text.splitIntToArray
                0x000000000000e866       0x22 ./Task/aes.o
 .text.leftLoop4int
                0x000000000000e888       0x34 ./Task/aes.o
 .text.extendKey
                0x000000000000e8bc       0xf0 ./Task/aes.o
 .text.addRoundKey
                0x000000000000e9ac       0x5e ./Task/aes.o
 .text.shiftRows
                0x000000000000ea0a       0x70 ./Task/aes.o
 .text.GFMul2   0x000000000000ea7a       0x12 ./Task/aes.o
 .text.GFMul4   0x000000000000ea8c        0xc ./Task/aes.o
 .text.convertArrayToStr
                0x000000000000ea98       0x2c ./Task/aes.o
 .text.deSubBytes
                0x000000000000eac4       0x38 ./Task/aes.o
 .text.rightLoop4int
                0x000000000000eafc       0x44 ./Task/aes.o
 .text.deShiftRows
                0x000000000000eb40       0x70 ./Task/aes.o
 .text.subBytes
                0x000000000000ebb0       0x38 ./Task/aes.o
 .text.GFMul    0x000000000000ebe8       0x84 ./Task/aes.o
 .text.deMixColumns
                0x000000000000ec6c       0xba ./Task/aes.o
 .text.aes      0x000000000000ed26      0x146 ./Task/aes.o
                0x000000000000ed26                aes
 .text.deAes    0x000000000000ee6c      0x11c ./Task/aes.o
                0x000000000000ee6c                deAes
 .text.encryptData
                0x000000000000ef88       0xb0 ./Task/aes.o
                0x000000000000ef88                encryptData
 .text.dencryptData
                0x000000000000f038       0x94 ./Task/aes.o
                0x000000000000f038                dencryptData
 .text.doAtdebugCmd
                0x000000000000f0cc      0x2b4 ./Task/app_atcmd.o
 .text.atCmdIMEIParser
                0x000000000000f380       0x2c ./Task/app_atcmd.o
                0x000000000000f380                atCmdIMEIParser
 .text.atCmdParserFunction
                0x000000000000f3ac      0x400 ./Task/app_atcmd.o
                0x000000000000f3ac                atCmdParserFunction
 .text.dbInfoWrite
                0x000000000000f7ac       0x34 ./Task/app_db.o
 .text.dbSectionWrite
                0x000000000000f7e0      0x14a ./Task/app_db.o
 .text.dbInfoClear
                0x000000000000f92a       0x36 ./Task/app_db.o
                0x000000000000f92a                dbInfoClear
 .text.dbInfoRead
                0x000000000000f960       0x42 ./Task/app_db.o
                0x000000000000f960                dbInfoRead
 .text.dbUpload
                0x000000000000f9a2      0x120 ./Task/app_db.o
                0x000000000000f9a2                dbUpload
 .text.dbCircularWrite
                0x000000000000fac2       0xb4 ./Task/app_db.o
                0x000000000000fac2                dbCircularWrite
 .text.dbSaveRelease
                0x000000000000fb76       0x50 ./Task/app_db.o
                0x000000000000fb76                dbSaveRelease
 .text.dbSave   0x000000000000fbc6       0x60 ./Task/app_db.o
                0x000000000000fbc6                dbSave
 .text.dbCircularRead
                0x000000000000fc26      0x10a ./Task/app_db.o
                0x000000000000fc26                dbCircularRead
 .text.encryptStr
                0x000000000000fd30       0xec ./Task/app_encrypt.o
                0x000000000000fd30                encryptStr
 .text.dencryptStr
                0x000000000000fe1c      0x10e ./Task/app_encrypt.o
                0x000000000000fe1c                dencryptStr
 .text.startAuthentication
                0x000000000000ff2a       0x5a ./Task/app_encrypt.o
                0x000000000000ff2a                startAuthentication
 .text.initLastPoint
                0x000000000000ff84       0x38 ./Task/app_gps.o
 .text.charstrToHexValue
                0x000000000000ffbc       0xda ./Task/app_gps.o
                0x000000000000ffbc                charstrToHexValue
 .text.parse_GSA
                0x0000000000010096       0x3a ./Task/app_gps.o
                0x0000000000010096                parse_GSA
 .text.parse_GSV
                0x00000000000100d0      0x1fa ./Task/app_gps.o
                0x00000000000100d0                parse_GSV
 .text.parse_GGA
                0x00000000000102ca       0x4c ./Task/app_gps.o
                0x00000000000102ca                parse_GGA
 .text.latitude_to_double
                0x0000000000010316       0xbc ./Task/app_gps.o
                0x0000000000010316                latitude_to_double
 .text.longitude_to_double
                0x00000000000103d2       0xbc ./Task/app_gps.o
                0x00000000000103d2                longitude_to_double
 .text.changeUTCTimeToLocalTime
                0x000000000001048e      0x17e ./Task/app_gps.o
                0x000000000001048e                changeUTCTimeToLocalTime
 .text.updateLocalRTCTime
                0x000000000001060c       0x86 ./Task/app_gps.o
                0x000000000001060c                updateLocalRTCTime
 .text.showgpsinfo
                0x0000000000010692      0x1b6 ./Task/app_gps.o
                0x0000000000010692                showgpsinfo
 .text.parse_RMC
                0x0000000000010848      0x242 ./Task/app_gps.o
                0x0000000000010848                parse_RMC
 .text.parseGPS
                0x0000000000010a8a      0x166 ./Task/app_gps.o
                0x0000000000010a8a                parseGPS
 .text.nmeaParser
                0x0000000000010bf0       0x80 ./Task/app_gps.o
                0x0000000000010bf0                nmeaParser
 .text.gpsClearCurrentGPSInfo
                0x0000000000010c70       0x2e ./Task/app_gps.o
                0x0000000000010c70                gpsClearCurrentGPSInfo
 .text.getCurrentGPSInfo
                0x0000000000010c9e       0x16 ./Task/app_gps.o
                0x0000000000010c9e                getCurrentGPSInfo
 .text.getLastFixedGPSInfo
                0x0000000000010cb4        0x6 ./Task/app_gps.o
                0x0000000000010cb4                getLastFixedGPSInfo
 .text.gpsUploadPointToServer
                0x0000000000010cba      0x422 ./Task/app_gps.o
                0x0000000000010cba                gpsUploadPointToServer
 .text.serverChangeCallBack
                0x00000000000110dc       0x3c ./Task/app_instructioncmd.o
 .text.sendMsgWithMode
                0x0000000000011118       0x90 ./Task/app_instructioncmd.o
 .text.dorequestSend123
                0x00000000000111a8       0xe0 ./Task/app_instructioncmd.o
                0x00000000000111a8                dorequestSend123
 .text.do123Instruction
                0x0000000000011288       0x80 ./Task/app_instructioncmd.o
                0x0000000000011288                do123Instruction
 .text.doAPNInstruction
                0x0000000000011308       0xf4 ./Task/app_instructioncmd.o
                0x0000000000011308                doAPNInstruction
 .text.doUPSInstruction
                0x00000000000113fc       0xe8 ./Task/app_instructioncmd.o
                0x00000000000113fc                doUPSInstruction
 .text.doLOWWInstruction
                0x00000000000114e4       0xaa ./Task/app_instructioncmd.o
                0x00000000000114e4                doLOWWInstruction
 .text.doLEDInstruction
                0x000000000001158e       0x7a ./Task/app_instructioncmd.o
                0x000000000001158e                doLEDInstruction
 .text.doPOITYPEInstruction
                0x0000000000011608       0xde ./Task/app_instructioncmd.o
                0x0000000000011608                doPOITYPEInstruction
 .text.doResetInstruction
                0x00000000000116e6       0x28 ./Task/app_instructioncmd.o
                0x00000000000116e6                doResetInstruction
 .text.doUTCInstruction
                0x000000000001170e       0xc4 ./Task/app_instructioncmd.o
                0x000000000001170e                doUTCInstruction
 .text.doDebugInstrucion
                0x00000000000117d2      0x12e ./Task/app_instructioncmd.o
                0x00000000000117d2                doDebugInstrucion
 .text.doACCCTLGNSSInstrucion
                0x0000000000011900       0x94 ./Task/app_instructioncmd.o
                0x0000000000011900                doACCCTLGNSSInstrucion
 .text.doAccdetmodeInstruction
                0x0000000000011994       0xac ./Task/app_instructioncmd.o
                0x0000000000011994                doAccdetmodeInstruction
 .text.doFenceInstrucion
                0x0000000000011a40       0x5c ./Task/app_instructioncmd.o
                0x0000000000011a40                doFenceInstrucion
 .text.doIccidInstrucion
                0x0000000000011a9c       0x2a ./Task/app_instructioncmd.o
                0x0000000000011a9c                doIccidInstrucion
 .text.doFactoryInstrucion
                0x0000000000011ac6       0x44 ./Task/app_instructioncmd.o
                0x0000000000011ac6                doFactoryInstrucion
 .text.doSetAgpsInstruction
                0x0000000000011b0a      0x12c ./Task/app_instructioncmd.o
                0x0000000000011b0a                doSetAgpsInstruction
 .text.doBFInstruction
                0x0000000000011c36       0x2a ./Task/app_instructioncmd.o
                0x0000000000011c36                doBFInstruction
 .text.doCFInstruction
                0x0000000000011c60       0x28 ./Task/app_instructioncmd.o
                0x0000000000011c60                doCFInstruction
 .text.doProtectVolInstrucion
                0x0000000000011c88       0x88 ./Task/app_instructioncmd.o
                0x0000000000011c88                doProtectVolInstrucion
 .text.doTimerInstrucion
                0x0000000000011d10       0xa4 ./Task/app_instructioncmd.o
                0x0000000000011d10                doTimerInstrucion
 .text.doSOSInstruction
                0x0000000000011db4      0x206 ./Task/app_instructioncmd.o
                0x0000000000011db4                doSOSInstruction
 .text.doCenterInstruction
                0x0000000000011fba      0x19a ./Task/app_instructioncmd.o
                0x0000000000011fba                doCenterInstruction
 .text.doSosAlmInstruction
                0x0000000000012154      0x104 ./Task/app_instructioncmd.o
                0x0000000000012154                doSosAlmInstruction
 .text.instructionParser
                0x0000000000012258      0xfc2 ./Task/app_instructioncmd.o
                0x0000000000012258                instructionParser
 .text.jt808GetSerial
                0x000000000001321a       0x12 ./Task/app_jt808.o
 .text.jt808PackMessageTail
                0x000000000001322c       0x54 ./Task/app_jt808.o
 .text.byteToBcd
                0x0000000000013280       0x1c ./Task/app_jt808.o
 .text.jt808gpsRestoreChange
                0x000000000001329c       0xee ./Task/app_jt808.o
 .text.jt808Escape
                0x000000000001338a       0xea ./Task/app_jt808.o
 .text.jt808UpdateStatus.part.5
                0x0000000000013474       0x10 ./Task/app_jt808.o
 .text.jt808PackGpsinfo
                0x0000000000013484      0x1f2 ./Task/app_jt808.o
 .text.jt808PositionInfo.constprop.15
                0x0000000000013676      0x1fe ./Task/app_jt808.o
 .text.jt808PackMessageHead.constprop.19
                0x0000000000013874       0x4a ./Task/app_jt808.o
 .text.jt808TerminalPosition.constprop.14
                0x00000000000138be       0xae ./Task/app_jt808.o
 .text.jt808CreateSn
                0x000000000001396c       0x56 ./Task/app_jt808.o
                0x000000000001396c                jt808CreateSn
 .text.jt808UpdateStatus
                0x00000000000139c2       0x16 ./Task/app_jt808.o
                0x00000000000139c2                jt808UpdateStatus
 .text.jt808UpdateAlarm
                0x00000000000139d8       0x18 ./Task/app_jt808.o
                0x00000000000139d8                jt808UpdateAlarm
 .text.jt808RegisterTcpSend
                0x00000000000139f0        0x6 ./Task/app_jt808.o
                0x00000000000139f0                jt808RegisterTcpSend
 .text.jt808RegisterLoginInfo
                0x00000000000139f6       0x64 ./Task/app_jt808.o
                0x00000000000139f6                jt808RegisterLoginInfo
 .text.jt808RegisterManufactureId
                0x0000000000013a5a       0x16 ./Task/app_jt808.o
                0x0000000000013a5a                jt808RegisterManufactureId
 .text.jt808RegisterTerminalType
                0x0000000000013a70       0x16 ./Task/app_jt808.o
                0x0000000000013a70                jt808RegisterTerminalType
 .text.jt808RegisterTerminalId
                0x0000000000013a86       0x16 ./Task/app_jt808.o
                0x0000000000013a86                jt808RegisterTerminalId
 .text.jt808TcpSend
                0x0000000000013a9c       0x22 ./Task/app_jt808.o
                0x0000000000013a9c                jt808TcpSend
 .text.jt808BatchUpload.constprop.9
                0x0000000000013abe      0x10c ./Task/app_jt808.o
 .text.jt808TranmissionData.constprop.10
                0x0000000000013bca       0xca ./Task/app_jt808.o
 .text.jt808gpsRestoreDataSend
                0x0000000000013c94       0x24 ./Task/app_jt808.o
                0x0000000000013c94                jt808gpsRestoreDataSend
 .text.jt808SendToServer
                0x0000000000013cb8      0x4ae ./Task/app_jt808.o
                0x0000000000013cb8                jt808SendToServer
 .text.jt808ReceiveParser
                0x0000000000014166      0x39c ./Task/app_jt808.o
                0x0000000000014166                jt808ReceiveParser
 .text.systemTickInc
                0x0000000000014502        0xc ./Task/app_kernal.o
                0x0000000000014502                systemTickInc
 .text.startTimer
                0x000000000001450e      0x106 ./Task/app_kernal.o
                0x000000000001450e                startTimer
 .text.stopTimer
                0x0000000000014614       0x76 ./Task/app_kernal.o
                0x0000000000014614                stopTimer
 .text.kernalRun
                0x000000000001468a       0xbe ./Task/app_kernal.o
                0x000000000001468a                kernalRun
 .text.systemTaskSuspend
                0x0000000000014748       0x2c ./Task/app_kernal.o
                0x0000000000014748                systemTaskSuspend
 .text.systemTaskResume
                0x0000000000014774       0x2e ./Task/app_kernal.o
                0x0000000000014774                systemTaskResume
 .text.createSystemTask
                0x00000000000147a2        0xc ./Task/app_kernal.o
                0x00000000000147a2                createSystemTask
 .text.mir3da_register_read
                0x00000000000147ae       0x24 ./Task/app_mir3da.o
                0x00000000000147ae                mir3da_register_read
 .text.mir3da_register_write
                0x00000000000147d2       0x22 ./Task/app_mir3da.o
                0x00000000000147d2                mir3da_register_write
 .text.mir3da_init
                0x00000000000147f4      0x10c ./Task/app_mir3da.o
                0x00000000000147f4                mir3da_init
 .text.mir3da_set_enable
                0x0000000000014900       0x10 ./Task/app_mir3da.o
                0x0000000000014900                mir3da_set_enable
 .text.mir3da_open_interrupt
                0x0000000000014910       0x34 ./Task/app_mir3da.o
                0x0000000000014910                mir3da_open_interrupt
 .text.read_gsensor_id
                0x0000000000014944       0x80 ./Task/app_mir3da.o
                0x0000000000014944                read_gsensor_id
 .text.readInterruptConfig
                0x00000000000149c4       0x50 ./Task/app_mir3da.o
                0x00000000000149c4                readInterruptConfig
 .text.modulePowerOffProcess
                0x0000000000014a14       0x2a ./Task/app_net.o
 .text.modulePressPowerKey
                0x0000000000014a3e       0x20 ./Task/app_net.o
 .text.modulePressReleaseKey
                0x0000000000014a5e       0x2e ./Task/app_net.o
 .text.moduleInit
                0x0000000000014a8c        0xe ./Task/app_net.o
 .text.modulePowerOn
                0x0000000000014a9a       0x82 ./Task/app_net.o
                0x0000000000014a9a                modulePowerOn
 .text.changeProcess
                0x0000000000014b1c       0x14 ./Task/app_net.o
 .text.createNode
                0x0000000000014b30       0xca ./Task/app_net.o
                0x0000000000014b30                createNode
 .text.outputNode
                0x0000000000014bfa      0x112 ./Task/app_net.o
                0x0000000000014bfa                outputNode
 .text.sendModuleCmd
                0x0000000000014d0c       0xd8 ./Task/app_net.o
                0x0000000000014d0c                sendModuleCmd
 .text.moduleExitFly
                0x0000000000014de4        0xe ./Task/app_net.o
 .text.qirdCmdSend
                0x0000000000014df2       0x2e ./Task/app_net.o
 .text.sendModuleDirect
                0x0000000000014e20       0x20 ./Task/app_net.o
                0x0000000000014e20                sendModuleDirect
 .text.modulePowerOff
                0x0000000000014e40       0x72 ./Task/app_net.o
                0x0000000000014e40                modulePowerOff
 .text.moduleReset
                0x0000000000014eb2       0x3e ./Task/app_net.o
                0x0000000000014eb2                moduleReset
 .text.openSocket
                0x0000000000014ef0       0x30 ./Task/app_net.o
                0x0000000000014ef0                openSocket
 .text.closeSocket
                0x0000000000014f20       0x2c ./Task/app_net.o
                0x0000000000014f20                closeSocket
 .text.netConnectTask
                0x0000000000014f4c      0x3ca ./Task/app_net.o
                0x0000000000014f4c                netConnectTask
 .text.cbcParser
                0x0000000000015316       0x94 ./Task/app_net.o
                0x0000000000015316                cbcParser
 .text.cipstartRspParser
                0x00000000000153aa      0x180 ./Task/app_net.o
                0x00000000000153aa                cipstartRspParser
 .text.cipstartParser
                0x000000000001552a       0x42 ./Task/app_net.o
                0x000000000001552a                cipstartParser
 .text.isAgpsDataRecvComplete
                0x000000000001556c        0xc ./Task/app_net.o
                0x000000000001556c                isAgpsDataRecvComplete
 .text.ciprxgetParser
                0x0000000000015578      0x26c ./Task/app_net.o
                0x0000000000015578                ciprxgetParser
 .text.cipackParser
                0x00000000000157e4       0xd4 ./Task/app_net.o
                0x00000000000157e4                cipackParser
 .text.cipsendParser
                0x00000000000158b8       0x38 ./Task/app_net.o
                0x00000000000158b8                cipsendParser
 .text.cipstatusParser
                0x00000000000158f0      0x114 ./Task/app_net.o
                0x00000000000158f0                cipstatusParser
 .text.moduleRecvParser
                0x0000000000015a04      0x9c2 ./Task/app_net.o
                0x0000000000015a04                moduleRecvParser
 .text.netResetCsqSearch
                0x00000000000163c6        0xa ./Task/app_net.o
                0x00000000000163c6                netResetCsqSearch
 .text.socketSendData
                0x00000000000163d0       0x62 ./Task/app_net.o
                0x00000000000163d0                socketSendData
 .text.moduleSleepCtl
                0x0000000000016432       0x30 ./Task/app_net.o
                0x0000000000016432                moduleSleepCtl
 .text.moduleGetCsq
                0x0000000000016462        0x8 ./Task/app_net.o
                0x0000000000016462                moduleGetCsq
 .text.moduleGetLbs
                0x000000000001646a       0x24 ./Task/app_net.o
                0x000000000001646a                moduleGetLbs
 .text.moduleGetWifiScan
                0x000000000001648e       0x1a ./Task/app_net.o
                0x000000000001648e                moduleGetWifiScan
 .text.sendMessage
                0x00000000000164a8       0x54 ./Task/app_net.o
                0x00000000000164a8                sendMessage
 .text.deleteMessage
                0x00000000000164fc        0xe ./Task/app_net.o
                0x00000000000164fc                deleteMessage
 .text.querySendData
                0x000000000001650a       0x24 ./Task/app_net.o
                0x000000000001650a                querySendData
 .text.queryBatVoltage
                0x000000000001652e       0x1a ./Task/app_net.o
                0x000000000001652e                queryBatVoltage
 .text.getModuleRssi
                0x0000000000016548        0x6 ./Task/app_net.o
                0x0000000000016548                getModuleRssi
 .text.getModuleIMSI
                0x000000000001654e        0x6 ./Task/app_net.o
                0x000000000001654e                getModuleIMSI
 .text.getModuleIMEI
                0x0000000000016554        0x6 ./Task/app_net.o
                0x0000000000016554                getModuleIMEI
 .text.getModuleICCID
                0x000000000001655a        0x6 ./Task/app_net.o
                0x000000000001655a                getModuleICCID
 .text.getMCC   0x0000000000016560        0x6 ./Task/app_net.o
                0x0000000000016560                getMCC
 .text.getMNC   0x0000000000016566        0x6 ./Task/app_net.o
                0x0000000000016566                getMNC
 .text.getLac   0x000000000001656c        0x6 ./Task/app_net.o
                0x000000000001656c                getLac
 .text.getCid   0x0000000000016572        0xa ./Task/app_net.o
                0x0000000000016572                getCid
 .text.getTcpNack
                0x000000000001657c        0xa ./Task/app_net.o
                0x000000000001657c                getTcpNack
 .text.getQgmr  0x0000000000016586        0x6 ./Task/app_net.o
                0x0000000000016586                getQgmr
 .text.isModuleRunNormal
                0x000000000001658c        0xc ./Task/app_net.o
                0x000000000001658c                isModuleRunNormal
 .text.stopCall
                0x0000000000016598        0xc ./Task/app_net.o
                0x0000000000016598                stopCall
 .text.callPhone
                0x00000000000165a4       0x36 ./Task/app_net.o
                0x00000000000165a4                callPhone
 .text.bootParamSaveAll
                0x00000000000165da       0x40 ./Task/app_param.o
                0x00000000000165da                bootParamSaveAll
 .text.bootParamGetAll
                0x000000000001661a       0x18 ./Task/app_param.o
                0x000000000001661a                bootParamGetAll
 .text.paramSaveAll
                0x0000000000016632       0x36 ./Task/app_param.o
                0x0000000000016632                paramSaveAll
 .text.paramGetAll
                0x0000000000016668       0x1a ./Task/app_param.o
                0x0000000000016668                paramGetAll
 .text.dynamicParamSaveAll
                0x0000000000016682       0x3c ./Task/app_param.o
                0x0000000000016682                dynamicParamSaveAll
 .text.dynamicParamGetAll
                0x00000000000166be       0x1c ./Task/app_param.o
                0x00000000000166be                dynamicParamGetAll
 .text.paramDefaultInit
                0x00000000000166da      0x28c ./Task/app_param.o
                0x00000000000166da                paramDefaultInit
 .text.paramInit
                0x0000000000016966       0x52 ./Task/app_param.o
                0x0000000000016966                paramInit
 .text.postUartRxData
                0x00000000000169b8       0x86 ./Task/app_port.o
 .text.portUpdateAlarmTime
                0x0000000000016a3e       0x28 ./Task/app_port.o
 .text.pushUartRxData
                0x0000000000016a66      0x11e ./Task/app_port.o
 .text.iicStart
                0x0000000000016b84       0x44 ./Task/app_port.o
 .text.iicStop  0x0000000000016bc8       0x66 ./Task/app_port.o
 .text.pollUartData
                0x0000000000016c2e       0x28 ./Task/app_port.o
                0x0000000000016c2e                pollUartData
 .text.portUartCfg
                0x0000000000016c56      0x33c ./Task/app_port.o
                0x0000000000016c56                portUartCfg
 .text.portUartSend
                0x0000000000016f92       0x1c ./Task/app_port.o
                0x0000000000016f92                portUartSend
 .text.portModuleGpioCfg
                0x0000000000016fae       0x5a ./Task/app_port.o
                0x0000000000016fae                portModuleGpioCfg
 .text.portLedGpioCfg
                0x0000000000017008       0x24 ./Task/app_port.o
                0x0000000000017008                portLedGpioCfg
 .text.portGpsGpioCfg
                0x000000000001702c       0x22 ./Task/app_port.o
                0x000000000001702c                portGpsGpioCfg
 .text.portGpioSetDefCfg
                0x000000000001704e       0x18 ./Task/app_port.o
                0x000000000001704e                portGpioSetDefCfg
 .text.portSysReset
                0x0000000000017066       0x22 ./Task/app_port.o
                0x0000000000017066                portSysReset
 .text.portGsensorPwrCtl
                0x0000000000017088       0x42 ./Task/app_port.o
                0x0000000000017088                portGsensorPwrCtl
 .text.portIICCfg
                0x00000000000170ca       0x18 ./Task/app_port.o
                0x00000000000170ca                portIICCfg
 .text.sdaReadInput
                0x00000000000170e2       0x1e ./Task/app_port.o
                0x00000000000170e2                sdaReadInput
 .text.iicSendOneByte
                0x0000000000017100       0xec ./Task/app_port.o
 .text.iicReadOneByte
                0x00000000000171ec      0x10c ./Task/app_port.o
 .text.iicReadData
                0x00000000000172f8       0x78 ./Task/app_port.o
                0x00000000000172f8                iicReadData
 .text.iicWriteData
                0x0000000000017370       0x3a ./Task/app_port.o
                0x0000000000017370                iicWriteData
 .text.portGsensorCtl
                0x00000000000173aa       0xbc ./Task/app_port.o
                0x00000000000173aa                portGsensorCtl
 .text.portGetRtcDateTime
                0x0000000000017466       0x74 ./Task/app_port.o
                0x0000000000017466                portGetRtcDateTime
 .text.portUpdateRtcDateTime
                0x00000000000174da       0xfa ./Task/app_port.o
                0x00000000000174da                portUpdateRtcDateTime
 .text.portSetNextAlarmTime
                0x00000000000175d4      0x102 ./Task/app_port.o
                0x00000000000175d4                portSetNextAlarmTime
 .text.portAdcCfg
                0x00000000000176d6        0xa ./Task/app_port.o
                0x00000000000176d6                portAdcCfg
 .text.portGetAdcVol
                0x00000000000176e0       0xae ./Task/app_port.o
                0x00000000000176e0                portGetAdcVol
 .text.portSleepEn
                0x000000000001778e        0x6 ./Task/app_port.o
                0x000000000001778e                portSleepEn
 .text.portSleepDn
                0x0000000000017794        0x6 ./Task/app_port.o
                0x0000000000017794                portSleepDn
 .text.portGetSleepState
                0x000000000001779a       0x1c ./Task/app_port.o
                0x000000000001779a                portGetSleepState
 .text.portWdtCfg
                0x00000000000177b6        0xe ./Task/app_port.o
                0x00000000000177b6                portWdtCfg
 .text.portWdtFeed
                0x00000000000177c4        0xa ./Task/app_port.o
                0x00000000000177c4                portWdtFeed
 .text.createProtocolTail_7979
                0x00000000000177ce       0x68 ./Task/app_protocol.o
 .text.sendTcpDataDebugShow
                0x0000000000017836       0x7c ./Task/app_protocol.o
 .text.createProtocolTail
                0x00000000000178b2       0x64 ./Task/app_protocol.o
 .text.createProtocol01
                0x0000000000017916       0xd6 ./Task/app_protocol.o
                0x0000000000017916                createProtocol01
 .text.createProtocol12
                0x00000000000179ec      0x33e ./Task/app_protocol.o
                0x00000000000179ec                createProtocol12
 .text.getBatteryLevel
                0x0000000000017d2a       0x9c ./Task/app_protocol.o
                0x0000000000017d2a                getBatteryLevel
 .text.createProtocol13
                0x0000000000017dc6      0x108 ./Task/app_protocol.o
                0x0000000000017dc6                createProtocol13
 .text.createProtocol21
                0x0000000000017ece       0x6e ./Task/app_protocol.o
                0x0000000000017ece                createProtocol21
 .text.createProtocol16
                0x0000000000017f3c      0x2a0 ./Task/app_protocol.o
                0x0000000000017f3c                createProtocol16
 .text.createProtocol19
                0x00000000000181dc       0xfc ./Task/app_protocol.o
                0x00000000000181dc                createProtocol19
 .text.createProtocol8A
                0x00000000000182d8       0x36 ./Task/app_protocol.o
                0x00000000000182d8                createProtocol8A
 .text.createProtocolSerial
                0x000000000001830e       0x12 ./Task/app_protocol.o
                0x000000000001830e                createProtocolSerial
 .text.gpsRestoreDataSend
                0x0000000000018320      0x10a ./Task/app_protocol.o
                0x0000000000018320                gpsRestoreDataSend
 .text.createProtocol61
                0x000000000001842a       0xb2 ./Task/app_protocol.o
                0x000000000001842a                createProtocol61
 .text.createProtocol62
                0x00000000000184dc       0x8e ./Task/app_protocol.o
                0x00000000000184dc                createProtocol62
 .text.createProtocolF3
                0x000000000001856a      0x10c ./Task/app_protocol.o
                0x000000000001856a                createProtocolF3
 .text.createProtocolF1
                0x0000000000018676       0x70 ./Task/app_protocol.o
                0x0000000000018676                createProtocolF1
 .text.gpsRestoreSave
                0x00000000000186e6       0x50 ./Task/app_protocol.o
                0x00000000000186e6                gpsRestoreSave
 .text.gpsRestoreUpload
                0x0000000000018736       0xd8 ./Task/app_protocol.o
                0x0000000000018736                gpsRestoreUpload
 .text.protocolSend
                0x000000000001880e      0x194 ./Task/app_protocol.o
                0x000000000001880e                protocolSend
 .text.save123InstructionId
                0x00000000000189a2        0xc ./Task/app_protocol.o
                0x00000000000189a2                save123InstructionId
 .text.reCover123InstructionId
                0x00000000000189ae        0xc ./Task/app_protocol.o
                0x00000000000189ae                reCover123InstructionId
 .text.getInsid
                0x00000000000189ba        0xc ./Task/app_protocol.o
                0x00000000000189ba                getInsid
 .text.protoclparase80.isra.4
                0x00000000000189c6       0xae ./Task/app_protocol.o
 .text.protocolRxParser
                0x0000000000018a74       0xe6 ./Task/app_protocol.o
                0x0000000000018a74                protocolRxParser
 .text.setInsId
                0x0000000000018b5a        0xc ./Task/app_protocol.o
                0x0000000000018b5a                setInsId
 .text.protocolSnRegister
                0x0000000000018b66       0x2a ./Task/app_protocol.o
                0x0000000000018b66                protocolSnRegister
 .text.protocolInfoResiter
                0x0000000000018b90       0x14 ./Task/app_protocol.o
                0x0000000000018b90                protocolInfoResiter
 .text.hbtRspTimeOut
                0x0000000000018ba4       0x38 ./Task/app_server.o
 .text.moduleRspTimeout
                0x0000000000018bdc       0x24 ./Task/app_server.o
 .text.privateServerSocketRecv
                0x0000000000018c00       0xf4 ./Task/app_server.o
 .text.bleServerSocketRecv
                0x0000000000018cf4       0xf4 ./Task/app_server.o
 .text.hiddenServerSocketRecv
                0x0000000000018de8        0xa ./Task/app_server.o
 .text.jt808ServerSocketRecv
                0x0000000000018df2        0x4 ./Task/app_server.o
 .text.jt808ServerSocketSend
                0x0000000000018df6       0x10 ./Task/app_server.o
 .text.agpsSocketRecv
                0x0000000000018e06       0x30 ./Task/app_server.o
 .text.moduleRspSuccess
                0x0000000000018e36       0x30 ./Task/app_server.o
                0x0000000000018e36                moduleRspSuccess
 .text.hbtRspSuccess
                0x0000000000018e66       0x30 ./Task/app_server.o
                0x0000000000018e66                hbtRspSuccess
 .text.privateServerReconnect
                0x0000000000018e96       0x22 ./Task/app_server.o
                0x0000000000018e96                privateServerReconnect
 .text.privateServerLoginSuccess
                0x0000000000018eb8       0x2c ./Task/app_server.o
                0x0000000000018eb8                privateServerLoginSuccess
 .text.privateServerConnTask
                0x0000000000018ee4      0x294 ./Task/app_server.o
                0x0000000000018ee4                privateServerConnTask
 .text.hiddenServerLoginSuccess
                0x0000000000019178       0x12 ./Task/app_server.o
                0x0000000000019178                hiddenServerLoginSuccess
 .text.hiddenServerCloseRequest
                0x000000000001918a       0x22 ./Task/app_server.o
                0x000000000001918a                hiddenServerCloseRequest
 .text.hiddenServerCloseClear
                0x00000000000191ac       0x22 ./Task/app_server.o
                0x00000000000191ac                hiddenServerCloseClear
 .text.jt808ServerReconnect
                0x00000000000191ce       0x22 ./Task/app_server.o
                0x00000000000191ce                jt808ServerReconnect
 .text.jt808ServerAuthSuccess
                0x00000000000191f0       0x2a ./Task/app_server.o
                0x00000000000191f0                jt808ServerAuthSuccess
 .text.jt808ServerConnTask
                0x000000000001921a      0x2fa ./Task/app_server.o
                0x000000000001921a                jt808ServerConnTask
 .text.bleServerAddInfo
                0x0000000000019514       0x70 ./Task/app_server.o
                0x0000000000019514                bleServerAddInfo
 .text.bleSerLoginReady
                0x0000000000019584        0xe ./Task/app_server.o
                0x0000000000019584                bleSerLoginReady
 .text.bleServerConnTask
                0x0000000000019592      0x1e2 ./Task/app_server.o
                0x0000000000019592                bleServerConnTask
 .text.agpsRequestSet
                0x0000000000019774       0x22 ./Task/app_server.o
                0x0000000000019774                agpsRequestSet
 .text.agpsRequestClear
                0x0000000000019796       0x22 ./Task/app_server.o
                0x0000000000019796                agpsRequestClear
 .text.serverManageTask
                0x00000000000197b8      0x338 ./Task/app_server.o
                0x00000000000197b8                serverManageTask
 .text.primaryServerIsReady
                0x0000000000019af0       0x48 ./Task/app_server.o
                0x0000000000019af0                primaryServerIsReady
 .text.hiddenServerIsReady
                0x0000000000019b38       0x2a ./Task/app_server.o
                0x0000000000019b38                hiddenServerIsReady
 .text.socketListInit
                0x0000000000019b62       0x32 ./Task/app_socket.o
                0x0000000000019b62                socketListInit
 .text.socketAdd
                0x0000000000019b94       0x98 ./Task/app_socket.o
                0x0000000000019b94                socketAdd
 .text.socketDel
                0x0000000000019c2c       0x66 ./Task/app_socket.o
                0x0000000000019c2c                socketDel
 .text.socketDelAll
                0x0000000000019c92       0x38 ./Task/app_socket.o
                0x0000000000019c92                socketDelAll
 .text.socketGetUsedFlag
                0x0000000000019cca       0x22 ./Task/app_socket.o
                0x0000000000019cca                socketGetUsedFlag
 .text.socketGetConnStatus
                0x0000000000019cec       0x22 ./Task/app_socket.o
                0x0000000000019cec                socketGetConnStatus
 .text.socketSetConnState
                0x0000000000019d0e       0x1e ./Task/app_socket.o
                0x0000000000019d0e                socketSetConnState
 .text.socketRecv
                0x0000000000019d2c       0x2a ./Task/app_socket.o
                0x0000000000019d2c                socketRecv
 .text.socketSchedule
                0x0000000000019d56      0x1c6 ./Task/app_socket.o
                0x0000000000019d56                socketSchedule
 .text.asciiToHex
                0x0000000000019f1c       0x40 ./Task/app_sys.o
 .text.GetCrc16
                0x0000000000019f5c       0x3c ./Task/app_sys.o
                0x0000000000019f5c                GetCrc16
 .text.LogMessage
                0x0000000000019f98       0xa6 ./Task/app_sys.o
                0x0000000000019f98                LogMessage
 .text.LogMessageWL
                0x000000000001a03e       0xa6 ./Task/app_sys.o
                0x000000000001a03e                LogMessageWL
 .text.LogPrintf
                0x000000000001a0e4       0x5e ./Task/app_sys.o
                0x000000000001a0e4                LogPrintf
 .text.LogWL    0x000000000001a142       0x16 ./Task/app_sys.o
                0x000000000001a142                LogWL
 .text.mycmdPatch
                0x000000000001a158       0x64 ./Task/app_sys.o
                0x000000000001a158                mycmdPatch
 .text.getCharIndex
                0x000000000001a1bc       0x1c ./Task/app_sys.o
                0x000000000001a1bc                getCharIndex
 .text.my_strpach
                0x000000000001a1d8       0x4c ./Task/app_sys.o
                0x000000000001a1d8                my_strpach
 .text.my_getstrindex
                0x000000000001a224       0x6e ./Task/app_sys.o
                0x000000000001a224                my_getstrindex
 .text.my_strstr
                0x000000000001a292       0x50 ./Task/app_sys.o
                0x000000000001a292                my_strstr
 .text.distinguishOK
                0x000000000001a2e2       0x1a ./Task/app_sys.o
                0x000000000001a2e2                distinguishOK
 .text.getCharIndexWithNum
                0x000000000001a2fc       0x2c ./Task/app_sys.o
                0x000000000001a2fc                getCharIndexWithNum
 .text.byteToHexString
                0x000000000001a328       0x48 ./Task/app_sys.o
                0x000000000001a328                byteToHexString
 .text.changeHexStringToByteArray
                0x000000000001a370       0x64 ./Task/app_sys.o
                0x000000000001a370                changeHexStringToByteArray
 .text.changeHexStringToByteArray_10in
                0x000000000001a3d4       0x6c ./Task/app_sys.o
                0x000000000001a3d4                changeHexStringToByteArray_10in
 .text.stringToItem
                0x000000000001a440       0xe6 ./Task/app_sys.o
                0x000000000001a440                stringToItem
 .text.strToUppper
                0x000000000001a526       0x2c ./Task/app_sys.o
                0x000000000001a526                strToUppper
 .text.updateRTCtimeRequest
                0x000000000001a552       0x14 ./Task/app_sys.o
                0x000000000001a552                updateRTCtimeRequest
 .text.stringToLowwer
                0x000000000001a566       0x30 ./Task/app_sys.o
                0x000000000001a566                stringToLowwer
 .text.gsensorRepair
                0x000000000001a596       0x1c ./Task/app_task.o
 .text.changeGPSBaudRate
                0x000000000001a5b2       0x62 ./Task/app_task.o
 .text.gpsCfg   0x000000000001a614       0x3c ./Task/app_task.o
 .text.gpsUartRead
                0x000000000001a650       0xf8 ./Task/app_task.o
 .text.doDebugRecvPoll
                0x000000000001a748       0x96 ./Task/app_task.o
                0x000000000001a748                doDebugRecvPoll
 .text.modeShutDownQuickly
                0x000000000001a7de       0x5e ./Task/app_task.o
 .text.sendLbs  0x000000000001a83c       0x50 ./Task/app_task.o
 .text.sysRunTimeCnt
                0x000000000001a88c       0x32 ./Task/app_task.o
 .text.myTaskEventProcess
                0x000000000001a8be       0x56 ./Task/app_task.o
 .text.ledTask  0x000000000001a914       0xb0 ./Task/app_task.o
 .text.terminalDefense
                0x000000000001a9c4       0x16 ./Task/app_task.o
                0x000000000001a9c4                terminalDefense
 .text.terminalDisarm
                0x000000000001a9da       0x14 ./Task/app_task.o
                0x000000000001a9da                terminalDisarm
 .text.getTerminalAccState
                0x000000000001a9ee        0xc ./Task/app_task.o
                0x000000000001a9ee                getTerminalAccState
 .text.terminalAccon
                0x000000000001a9fa       0x1c ./Task/app_task.o
                0x000000000001a9fa                terminalAccon
 .text.terminalAccoff
                0x000000000001aa16       0x1a ./Task/app_task.o
                0x000000000001aa16                terminalAccoff
 .text.terminalCharge
                0x000000000001aa30       0x16 ./Task/app_task.o
                0x000000000001aa30                terminalCharge
 .text.terminalunCharge
                0x000000000001aa46       0x14 ./Task/app_task.o
                0x000000000001aa46                terminalunCharge
 .text.getTerminalChargeState
                0x000000000001aa5a        0xc ./Task/app_task.o
                0x000000000001aa5a                getTerminalChargeState
 .text.terminalAlarmSet
                0x000000000001aa66       0x1a ./Task/app_task.o
                0x000000000001aa66                terminalAlarmSet
 .text.terminalGPSUnFixed
                0x000000000001aa80       0x16 ./Task/app_task.o
                0x000000000001aa80                terminalGPSUnFixed
 .text.ledStatusUpdate
                0x000000000001aa96       0x68 ./Task/app_task.o
                0x000000000001aa96                ledStatusUpdate
 .text.gpsRequestSet
                0x000000000001aafe       0x56 ./Task/app_task.o
                0x000000000001aafe                gpsRequestSet
 .text.gpsRequestClear
                0x000000000001ab54       0x32 ./Task/app_task.o
                0x000000000001ab54                gpsRequestClear
 .text.motionStateUpdate
                0x000000000001ab86      0x13c ./Task/app_task.o
 .text.gpsRequestGet
                0x000000000001acc2        0xe ./Task/app_task.o
                0x000000000001acc2                gpsRequestGet
 .text.gpsRequestOtherGet
                0x000000000001acd0       0x16 ./Task/app_task.o
                0x000000000001acd0                gpsRequestOtherGet
 .text.alarmRequestSet
                0x000000000001ace6       0x32 ./Task/app_task.o
                0x000000000001ace6                alarmRequestSet
 .text.alarmRequestClear
                0x000000000001ad18       0x36 ./Task/app_task.o
                0x000000000001ad18                alarmRequestClear
 .text.alarmRequestTask
                0x000000000001ad4e      0x31c ./Task/app_task.o
                0x000000000001ad4e                alarmRequestTask
 .text.motionOccur
                0x000000000001b06a       0x14 ./Task/app_task.o
                0x000000000001b06a                motionOccur
 .text.motionGetSize
                0x000000000001b07e        0x6 ./Task/app_task.o
                0x000000000001b07e                motionGetSize
 .text.modeTryToStop
                0x000000000001b084       0x14 ./Task/app_task.o
                0x000000000001b084                modeTryToStop
 .text.isModeRun
                0x000000000001b098       0x10 ./Task/app_task.o
                0x000000000001b098                isModeRun
 .text.lbsRequestSet
                0x000000000001b0a8       0x20 ./Task/app_task.o
                0x000000000001b0a8                lbsRequestSet
 .text.wifiRequestSet
                0x000000000001b0c8       0x20 ./Task/app_task.o
                0x000000000001b0c8                wifiRequestSet
 .text.wakeUpByInt
                0x000000000001b0e8       0x20 ./Task/app_task.o
                0x000000000001b0e8                wakeUpByInt
 .text.autoSleepTask
                0x000000000001b108       0xa6 ./Task/app_task.o
                0x000000000001b108                autoSleepTask
 .text.relayAutoCtrlTask
                0x000000000001b1ae       0x82 ./Task/app_task.o
                0x000000000001b1ae                relayAutoCtrlTask
 .text.taskRunInSecond
                0x000000000001b230      0xc5c ./Task/app_task.o
                0x000000000001b230                taskRunInSecond
 .text.myTaskPreInit
                0x000000000001be8c       0x9e ./Task/app_task.o
                0x000000000001be8c                myTaskPreInit
 .text.myTaskInit
                0x000000000001bf2a       0x74 ./Task/app_task.o
                0x000000000001bf2a                myTaskInit
 .text.ADC_ExtSingleChSampInit
                0x000000000001bf9e       0x24 ./StdPeriphDriver/CH58x_adc.o
                0x000000000001bf9e                ADC_ExtSingleChSampInit
 .text.ADC_InterTSSampInit
                0x000000000001bfc2       0x28 ./StdPeriphDriver/CH58x_adc.o
                0x000000000001bfc2                ADC_InterTSSampInit
 .text.ADC_ExcutSingleConver
                0x000000000001bfea       0x20 ./StdPeriphDriver/CH58x_adc.o
                0x000000000001bfea                ADC_ExcutSingleConver
 .text.HSECFG_Current
                0x000000000001c00a       0x2e ./StdPeriphDriver/CH58x_clk.o
                0x000000000001c00a                HSECFG_Current
 .text.RTC_InitTime
                0x000000000001c038      0x18e ./StdPeriphDriver/CH58x_clk.o
                0x000000000001c038                RTC_InitTime
 .text.RTC_GetTime
                0x000000000001c1c6      0x15c ./StdPeriphDriver/CH58x_clk.o
                0x000000000001c1c6                RTC_GetTime
 .text.RTC_GetCycle32k
                0x000000000001c322       0x18 ./StdPeriphDriver/CH58x_clk.o
                0x000000000001c322                RTC_GetCycle32k
 .text.Calibration_LSI
                0x000000000001c33a      0x4e2 ./StdPeriphDriver/CH58x_clk.o
                0x000000000001c33a                Calibration_LSI
 .text.GPIOA_ModeCfg
                0x000000000001c81c       0xa6 ./StdPeriphDriver/CH58x_gpio.o
                0x000000000001c81c                GPIOA_ModeCfg
 .text.GPIOB_ModeCfg
                0x000000000001c8c2       0xa6 ./StdPeriphDriver/CH58x_gpio.o
                0x000000000001c8c2                GPIOB_ModeCfg
 .text.GPIOA_ITModeCfg
                0x000000000001c968       0x82 ./StdPeriphDriver/CH58x_gpio.o
                0x000000000001c968                GPIOA_ITModeCfg
 .text.GPIOB_ITModeCfg
                0x000000000001c9ea       0x8a ./StdPeriphDriver/CH58x_gpio.o
                0x000000000001c9ea                GPIOB_ITModeCfg
 .text.GPIOPinRemap
                0x000000000001ca74       0x1a ./StdPeriphDriver/CH58x_gpio.o
                0x000000000001ca74                GPIOPinRemap
 .text.GetSysClock
                0x000000000001ca8e       0x42 ./StdPeriphDriver/CH58x_sys.o
                0x000000000001ca8e                GetSysClock
 .text.SYS_DisableAllIrq
                0x000000000001cad0       0x1c ./StdPeriphDriver/CH58x_sys.o
                0x000000000001cad0                SYS_DisableAllIrq
 .text.SYS_RecoverIrq
                0x000000000001caec       0x14 ./StdPeriphDriver/CH58x_sys.o
                0x000000000001caec                SYS_RecoverIrq
 .text.SYS_GetSysTickCnt
                0x000000000001cb00        0xa ./StdPeriphDriver/CH58x_sys.o
                0x000000000001cb00                SYS_GetSysTickCnt
 .text.WWDG_ResetCfg
                0x000000000001cb0a       0x38 ./StdPeriphDriver/CH58x_sys.o
                0x000000000001cb0a                WWDG_ResetCfg
 .text.UART0_BaudRateCfg
                0x000000000001cb42       0x32 ./StdPeriphDriver/CH58x_uart0.o
                0x000000000001cb42                UART0_BaudRateCfg
 .text.UART0_DefInit
                0x000000000001cb74       0x34 ./StdPeriphDriver/CH58x_uart0.o
                0x000000000001cb74                UART0_DefInit
 .text.UART0_ByteTrigCfg
                0x000000000001cba8       0x1a ./StdPeriphDriver/CH58x_uart0.o
                0x000000000001cba8                UART0_ByteTrigCfg
 .text.UART0_INTCfg
                0x000000000001cbc2       0x2a ./StdPeriphDriver/CH58x_uart0.o
                0x000000000001cbc2                UART0_INTCfg
 .text.UART0_Reset
                0x000000000001cbec        0xe ./StdPeriphDriver/CH58x_uart0.o
                0x000000000001cbec                UART0_Reset
 .text.UART0_SendString
                0x000000000001cbfa       0x3a ./StdPeriphDriver/CH58x_uart0.o
                0x000000000001cbfa                UART0_SendString
 .text.UART0_RecvString
                0x000000000001cc34       0x2a ./StdPeriphDriver/CH58x_uart0.o
                0x000000000001cc34                UART0_RecvString
 .text.UART1_BaudRateCfg
                0x000000000001cc5e       0x32 ./StdPeriphDriver/CH58x_uart1.o
                0x000000000001cc5e                UART1_BaudRateCfg
 .text.UART1_DefInit
                0x000000000001cc90       0x34 ./StdPeriphDriver/CH58x_uart1.o
                0x000000000001cc90                UART1_DefInit
 .text.UART1_ByteTrigCfg
                0x000000000001ccc4       0x1a ./StdPeriphDriver/CH58x_uart1.o
                0x000000000001ccc4                UART1_ByteTrigCfg
 .text.UART1_INTCfg
                0x000000000001ccde       0x2a ./StdPeriphDriver/CH58x_uart1.o
                0x000000000001ccde                UART1_INTCfg
 .text.UART1_Reset
                0x000000000001cd08        0xe ./StdPeriphDriver/CH58x_uart1.o
                0x000000000001cd08                UART1_Reset
 .text.UART1_SendString
                0x000000000001cd16       0x3a ./StdPeriphDriver/CH58x_uart1.o
                0x000000000001cd16                UART1_SendString
 .text.UART1_RecvString
                0x000000000001cd50       0x2a ./StdPeriphDriver/CH58x_uart1.o
                0x000000000001cd50                UART1_RecvString
 .text.UART2_BaudRateCfg
                0x000000000001cd7a       0x32 ./StdPeriphDriver/CH58x_uart2.o
                0x000000000001cd7a                UART2_BaudRateCfg
 .text.UART2_DefInit
                0x000000000001cdac       0x34 ./StdPeriphDriver/CH58x_uart2.o
                0x000000000001cdac                UART2_DefInit
 .text.UART2_ByteTrigCfg
                0x000000000001cde0       0x1a ./StdPeriphDriver/CH58x_uart2.o
                0x000000000001cde0                UART2_ByteTrigCfg
 .text.UART2_INTCfg
                0x000000000001cdfa       0x2a ./StdPeriphDriver/CH58x_uart2.o
                0x000000000001cdfa                UART2_INTCfg
 .text.UART2_Reset
                0x000000000001ce24        0xe ./StdPeriphDriver/CH58x_uart2.o
                0x000000000001ce24                UART2_Reset
 .text.UART2_SendString
                0x000000000001ce32       0x3a ./StdPeriphDriver/CH58x_uart2.o
                0x000000000001ce32                UART2_SendString
 .text.UART2_RecvString
                0x000000000001ce6c       0x2a ./StdPeriphDriver/CH58x_uart2.o
                0x000000000001ce6c                UART2_RecvString
 .text.UART3_BaudRateCfg
                0x000000000001ce96       0x32 ./StdPeriphDriver/CH58x_uart3.o
                0x000000000001ce96                UART3_BaudRateCfg
 .text.UART3_DefInit
                0x000000000001cec8       0x34 ./StdPeriphDriver/CH58x_uart3.o
                0x000000000001cec8                UART3_DefInit
 .text.UART3_ByteTrigCfg
                0x000000000001cefc       0x1a ./StdPeriphDriver/CH58x_uart3.o
                0x000000000001cefc                UART3_ByteTrigCfg
 .text.UART3_INTCfg
                0x000000000001cf16       0x2a ./StdPeriphDriver/CH58x_uart3.o
                0x000000000001cf16                UART3_INTCfg
 .text.UART3_Reset
                0x000000000001cf40        0xe ./StdPeriphDriver/CH58x_uart3.o
                0x000000000001cf40                UART3_Reset
 .text.UART3_SendString
                0x000000000001cf4e       0x3a ./StdPeriphDriver/CH58x_uart3.o
                0x000000000001cf4e                UART3_SendString
 .text.UART3_RecvString
                0x000000000001cf88       0x2a ./StdPeriphDriver/CH58x_uart3.o
                0x000000000001cf88                UART3_RecvString
 .text.Lib_Calibration_LSI
                0x000000000001cfb2        0x6 ./HAL/MCU.o
                0x000000000001cfb2                Lib_Calibration_LSI
 .text.Lib_Read_Flash
                0x000000000001cfb8       0x1c ./HAL/MCU.o
                0x000000000001cfb8                Lib_Read_Flash
 .text.Lib_Write_Flash
                0x000000000001cfd4       0x42 ./HAL/MCU.o
                0x000000000001cfd4                Lib_Write_Flash
 .text.HAL_GetInterTempValue
                0x000000000001d016       0x72 ./HAL/MCU.o
                0x000000000001d016                HAL_GetInterTempValue
 .text.HAL_ProcessEvent
                0x000000000001d088       0x8a ./HAL/MCU.o
                0x000000000001d088                HAL_ProcessEvent
 .text.CH58X_BLEInit
                0x000000000001d112      0x138 ./HAL/MCU.o
                0x000000000001d112                CH58X_BLEInit
 .text.HAL_Init
                0x000000000001d24a       0x3a ./HAL/MCU.o
                0x000000000001d24a                HAL_Init
 .text.RTC_SetTignTime
                0x000000000001d284       0x24 ./HAL/RTC.o
                0x000000000001d284                RTC_SetTignTime
 .text.HAL_TimeInit
                0x000000000001d2a8       0x3e ./HAL/RTC.o
                0x000000000001d2a8                HAL_TimeInit
 .text.sleepSetState
                0x000000000001d2e6        0x6 ./HAL/SLEEP.o
                0x000000000001d2e6                sleepSetState
 .text.getSleepState
                0x000000000001d2ec        0x6 ./HAL/SLEEP.o
                0x000000000001d2ec                getSleepState
 .text.CH58X_LowPower
                0x000000000001d2f2       0x94 ./HAL/SLEEP.o
                0x000000000001d2f2                CH58X_LowPower
 .text.HAL_SleepInit
                0x000000000001d386       0x42 ./HAL/SLEEP.o
                0x000000000001d386                HAL_SleepInit
 .text.startup.main
                0x000000000001d3c8       0x20 ./APP/app_main.o
                0x000000000001d3c8                main
 .text.appPeripheralGapRolesRssiRead
                0x000000000001d3e8       0x12 ./APP/app_peripheral.o
 .text.appPeripheralGapRolesParamUpdate
                0x000000000001d3fa       0xac ./APP/app_peripheral.o
 .text.appReadAttrCB
                0x000000000001d4a6       0x82 ./APP/app_peripheral.o
 .text.appPeripheralGapRolesStateNotify
                0x000000000001d528      0x282 ./APP/app_peripheral.o
 .text.appHandleConnStatusCB
                0x000000000001d7aa       0x50 ./APP/app_peripheral.o
 .text.appSendNotifyData
                0x000000000001d7fa       0x98 ./APP/app_peripheral.o
                0x000000000001d7fa                appSendNotifyData
 .text.bleRecvParser
                0x000000000001d892      0x136 ./APP/app_peripheral.o
                0x000000000001d892                bleRecvParser
 .text.appWriteAttrCB
                0x000000000001d9c8       0xce ./APP/app_peripheral.o
 .text.appPeripheralBroadcastInfoCfg
                0x000000000001da96       0x60 ./APP/app_peripheral.o
                0x000000000001da96                appPeripheralBroadcastInfoCfg
 .text.appPeripheralCancel
                0x000000000001daf6       0x28 ./APP/app_peripheral.o
                0x000000000001daf6                appPeripheralCancel
 .text.appPeripheralInit
                0x000000000001db1e      0x17e ./APP/app_peripheral.o
                0x000000000001db1e                appPeripheralInit
 .text.appLocalNotifyAutoCtl
                0x000000000001dc9c       0x2e ./APP/app_peripheral.o
                0x000000000001dc9c                appLocalNotifyAutoCtl
 .text.appPeripheralEventProcess
                0x000000000001dcca      0x2dc ./APP/app_peripheral.o
 .text.appPeripheralParamCallback
                0x000000000001dfa6        0xa ./APP/app_peripheral.o
                0x000000000001dfa6                appPeripheralParamCallback
 .text.cos      0x000000000001dfb0       0x92 d:/软件工具/mounriver_studio_setup_v142/mounriver_studio/toolchain/risc-v embedded gcc/bin/../lib/gcc/riscv-none-embed/8.2.0/../../../../riscv-none-embed/lib/rv32imac/ilp32\libm.a(lib_a-s_cos.o)
                0x000000000001dfb0                cos
 .text.sin      0x000000000001e042       0x94 d:/软件工具/mounriver_studio_setup_v142/mounriver_studio/toolchain/risc-v embedded gcc/bin/../lib/gcc/riscv-none-embed/8.2.0/../../../../riscv-none-embed/lib/rv32imac/ilp32\libm.a(lib_a-s_sin.o)
                0x000000000001e042                sin
 .text.asin     0x000000000001e0d6       0xbe d:/软件工具/mounriver_studio_setup_v142/mounriver_studio/toolchain/risc-v embedded gcc/bin/../lib/gcc/riscv-none-embed/8.2.0/../../../../riscv-none-embed/lib/rv32imac/ilp32\libm.a(lib_a-w_asin.o)
                0x000000000001e0d6                asin
 .text.pow      0x000000000001e194      0x326 d:/软件工具/mounriver_studio_setup_v142/mounriver_studio/toolchain/risc-v embedded gcc/bin/../lib/gcc/riscv-none-embed/8.2.0/../../../../riscv-none-embed/lib/rv32imac/ilp32\libm.a(lib_a-w_pow.o)
                0x000000000001e194                pow
 .text.sqrt     0x000000000001e4ba       0xba d:/软件工具/mounriver_studio_setup_v142/mounriver_studio/toolchain/risc-v embedded gcc/bin/../lib/gcc/riscv-none-embed/8.2.0/../../../../riscv-none-embed/lib/rv32imac/ilp32\libm.a(lib_a-w_sqrt.o)
                0x000000000001e4ba                sqrt
 .text.__ieee754_asin
                0x000000000001e574      0x468 d:/软件工具/mounriver_studio_setup_v142/mounriver_studio/toolchain/risc-v embedded gcc/bin/../lib/gcc/riscv-none-embed/8.2.0/../../../../riscv-none-embed/lib/rv32imac/ilp32\libm.a(lib_a-e_asin.o)
                0x000000000001e574                __ieee754_asin
 .text.__ieee754_pow
                0x000000000001e9dc      0xad8 d:/软件工具/mounriver_studio_setup_v142/mounriver_studio/toolchain/risc-v embedded gcc/bin/../lib/gcc/riscv-none-embed/8.2.0/../../../../riscv-none-embed/lib/rv32imac/ilp32\libm.a(lib_a-e_pow.o)
                0x000000000001e9dc                __ieee754_pow
 .text.__ieee754_rem_pio2
                0x000000000001f4b4      0x466 d:/软件工具/mounriver_studio_setup_v142/mounriver_studio/toolchain/risc-v embedded gcc/bin/../lib/gcc/riscv-none-embed/8.2.0/../../../../riscv-none-embed/lib/rv32imac/ilp32\libm.a(lib_a-e_rem_pio2.o)
                0x000000000001f4b4                __ieee754_rem_pio2
 .text.__ieee754_sqrt
                0x000000000001f91a      0x1d6 d:/软件工具/mounriver_studio_setup_v142/mounriver_studio/toolchain/risc-v embedded gcc/bin/../lib/gcc/riscv-none-embed/8.2.0/../../../../riscv-none-embed/lib/rv32imac/ilp32\libm.a(lib_a-e_sqrt.o)
                0x000000000001f91a                __ieee754_sqrt
 .text.__kernel_cos
                0x000000000001faf0      0x2b8 d:/软件工具/mounriver_studio_setup_v142/mounriver_studio/toolchain/risc-v embedded gcc/bin/../lib/gcc/riscv-none-embed/8.2.0/../../../../riscv-none-embed/lib/rv32imac/ilp32\libm.a(lib_a-k_cos.o)
                0x000000000001faf0                __kernel_cos
 .text.__kernel_rem_pio2
                0x000000000001fda8      0x952 d:/软件工具/mounriver_studio_setup_v142/mounriver_studio/toolchain/risc-v embedded gcc/bin/../lib/gcc/riscv-none-embed/8.2.0/../../../../riscv-none-embed/lib/rv32imac/ilp32\libm.a(lib_a-k_rem_pio2.o)
                0x000000000001fda8                __kernel_rem_pio2
 .text.__kernel_sin
                0x00000000000206fa      0x19a d:/软件工具/mounriver_studio_setup_v142/mounriver_studio/toolchain/risc-v embedded gcc/bin/../lib/gcc/riscv-none-embed/8.2.0/../../../../riscv-none-embed/lib/rv32imac/ilp32\libm.a(lib_a-k_sin.o)
                0x00000000000206fa                __kernel_sin
 .text.fabs     0x0000000000020894        0x6 d:/软件工具/mounriver_studio_setup_v142/mounriver_studio/toolchain/risc-v embedded gcc/bin/../lib/gcc/riscv-none-embed/8.2.0/../../../../riscv-none-embed/lib/rv32imac/ilp32\libm.a(lib_a-s_fabs.o)
                0x0000000000020894                fabs
 .text.finite   0x000000000002089a        0xe d:/软件工具/mounriver_studio_setup_v142/mounriver_studio/toolchain/risc-v embedded gcc/bin/../lib/gcc/riscv-none-embed/8.2.0/../../../../riscv-none-embed/lib/rv32imac/ilp32\libm.a(lib_a-s_finite.o)
                0x000000000002089a                finite
 .text.floor    0x00000000000208a8      0x158 d:/软件工具/mounriver_studio_setup_v142/mounriver_studio/toolchain/risc-v embedded gcc/bin/../lib/gcc/riscv-none-embed/8.2.0/../../../../riscv-none-embed/lib/rv32imac/ilp32\libm.a(lib_a-s_floor.o)
                0x00000000000208a8                floor
 .text.matherr  0x0000000000020a00        0x4 d:/软件工具/mounriver_studio_setup_v142/mounriver_studio/toolchain/risc-v embedded gcc/bin/../lib/gcc/riscv-none-embed/8.2.0/../../../../riscv-none-embed/lib/rv32imac/ilp32\libm.a(lib_a-s_matherr.o)
                0x0000000000020a00                matherr
 .text.nan      0x0000000000020a04        0xe d:/软件工具/mounriver_studio_setup_v142/mounriver_studio/toolchain/risc-v embedded gcc/bin/../lib/gcc/riscv-none-embed/8.2.0/../../../../riscv-none-embed/lib/rv32imac/ilp32\libm.a(lib_a-s_nan.o)
                0x0000000000020a04                nan
 .text.rint     0x0000000000020a12      0x18c d:/软件工具/mounriver_studio_setup_v142/mounriver_studio/toolchain/risc-v embedded gcc/bin/../lib/gcc/riscv-none-embed/8.2.0/../../../../riscv-none-embed/lib/rv32imac/ilp32\libm.a(lib_a-s_rint.o)
                0x0000000000020a12                rint
 .text.scalbn   0x0000000000020b9e      0x140 d:/软件工具/mounriver_studio_setup_v142/mounriver_studio/toolchain/risc-v embedded gcc/bin/../lib/gcc/riscv-none-embed/8.2.0/../../../../riscv-none-embed/lib/rv32imac/ilp32\libm.a(lib_a-s_scalbn.o)
                0x0000000000020b9e                scalbn
 .text.copysign
                0x0000000000020cde       0x16 d:/软件工具/mounriver_studio_setup_v142/mounriver_studio/toolchain/risc-v embedded gcc/bin/../lib/gcc/riscv-none-embed/8.2.0/../../../../riscv-none-embed/lib/rv32imac/ilp32\libm.a(lib_a-s_copysign.o)
                0x0000000000020cde                copysign
 .text.tmos_msg_enqueue
                0x0000000000020cf4       0x1e C:\Users\nimo\Desktop\GS02N_Air780E\GS02N_Air780E_app\LIB\libCH58xBLE.a(message.o)
                0x0000000000020cf4                tmos_msg_enqueue
 .text.tmos_msg_deallocate
                0x0000000000020d12       0x2c C:\Users\nimo\Desktop\GS02N_Air780E\GS02N_Air780E_app\LIB\libCH58xBLE.a(message.o)
                0x0000000000020d12                tmos_msg_deallocate
 .text.tmos_msg_allocate
                0x0000000000020d3e       0x46 C:\Users\nimo\Desktop\GS02N_Air780E\GS02N_Air780E_app\LIB\libCH58xBLE.a(message.o)
                0x0000000000020d3e                tmos_msg_allocate
 .text.tmos_msg_receive
                0x0000000000020d84       0x72 C:\Users\nimo\Desktop\GS02N_Air780E\GS02N_Air780E_app\LIB\libCH58xBLE.a(message.o)
                0x0000000000020d84                tmos_msg_receive
 .text.tmos_msg_send
                0x0000000000020df6       0x66 C:\Users\nimo\Desktop\GS02N_Air780E\GS02N_Air780E_app\LIB\libCH58xBLE.a(message.o)
                0x0000000000020df6                tmos_msg_send
 .text.tmos_msg_init
                0x0000000000020e5c        0xa C:\Users\nimo\Desktop\GS02N_Air780E\GS02N_Air780E_app\LIB\libCH58xBLE.a(message.o)
                0x0000000000020e5c                tmos_msg_init
 .text.tmosFindTask
                0x0000000000020e66       0x24 C:\Users\nimo\Desktop\GS02N_Air780E\GS02N_Air780E_app\LIB\libCH58xBLE.a(tmos.o)
 .text.TMOS_CB_PeriodicProcessEvent
                0x0000000000020e8a       0x86 C:\Users\nimo\Desktop\GS02N_Air780E\GS02N_Air780E_app\LIB\libCH58xBLE.a(tmos.o)
                0x0000000000020e8a                TMOS_CB_PeriodicProcessEvent
 .text.TMOS_CB_ProcessEvent
                0x0000000000020f10       0x84 C:\Users\nimo\Desktop\GS02N_Air780E\GS02N_Air780E_app\LIB\libCH58xBLE.a(tmos.o)
                0x0000000000020f10                TMOS_CB_ProcessEvent
 .text.tmos_rand
                0x0000000000020f94       0x52 C:\Users\nimo\Desktop\GS02N_Air780E\GS02N_Air780E_app\LIB\libCH58xBLE.a(tmos.o)
                0x0000000000020f94                tmos_rand
 .text.tmos_proces_sleep
                0x0000000000020fe6      0x132 C:\Users\nimo\Desktop\GS02N_Air780E\GS02N_Air780E_app\LIB\libCH58xBLE.a(tmos.o)
                0x0000000000020fe6                tmos_proces_sleep
 .text.tmos_start_periodic_callback_task
                0x0000000000021118       0xfc C:\Users\nimo\Desktop\GS02N_Air780E\GS02N_Air780E_app\LIB\libCH58xBLE.a(tmos.o)
                0x0000000000021118                tmos_start_periodic_callback_task
 .text.tmos_set_event
                0x0000000000021214       0x2e C:\Users\nimo\Desktop\GS02N_Air780E\GS02N_Air780E_app\LIB\libCH58xBLE.a(tmos.o)
                0x0000000000021214                tmos_set_event
 .text.tmos_clear_event
                0x0000000000021242       0x32 C:\Users\nimo\Desktop\GS02N_Air780E\GS02N_Air780E_app\LIB\libCH58xBLE.a(tmos.o)
                0x0000000000021242                tmos_clear_event
 .text.tmos_update_callback_timer
                0x0000000000021274       0xc4 C:\Users\nimo\Desktop\GS02N_Air780E\GS02N_Air780E_app\LIB\libCH58xBLE.a(tmos.o)
                0x0000000000021274                tmos_update_callback_timer
 .text.tmos_start_task
                0x0000000000021338      0x120 C:\Users\nimo\Desktop\GS02N_Air780E\GS02N_Air780E_app\LIB\libCH58xBLE.a(tmos.o)
                0x0000000000021338                tmos_start_task
 .text.tmos_start_callback_task
                0x0000000000021458       0x9a C:\Users\nimo\Desktop\GS02N_Air780E\GS02N_Air780E_app\LIB\libCH58xBLE.a(tmos.o)
                0x0000000000021458                tmos_start_callback_task
 .text.tmos_start_reload_task
                0x00000000000214f2       0x58 C:\Users\nimo\Desktop\GS02N_Air780E\GS02N_Air780E_app\LIB\libCH58xBLE.a(tmos.o)
                0x00000000000214f2                tmos_start_reload_task
 .text.tmos_stop_task
                0x000000000002154a       0x52 C:\Users\nimo\Desktop\GS02N_Air780E\GS02N_Air780E_app\LIB\libCH58xBLE.a(tmos.o)
                0x000000000002154a                tmos_stop_task
 .text.tmos_stop_callback_task
                0x000000000002159c       0x5c C:\Users\nimo\Desktop\GS02N_Air780E\GS02N_Air780E_app\LIB\libCH58xBLE.a(tmos.o)
                0x000000000002159c                tmos_stop_callback_task
 .text.tmos_get_task_timer
                0x00000000000215f8       0x6c C:\Users\nimo\Desktop\GS02N_Air780E\GS02N_Air780E_app\LIB\libCH58xBLE.a(tmos.o)
                0x00000000000215f8                tmos_get_task_timer
 .text.TMOS_TimerRegister
                0x0000000000021664       0x1e C:\Users\nimo\Desktop\GS02N_Air780E\GS02N_Air780E_app\LIB\libCH58xBLE.a(tmos.o)
                0x0000000000021664                TMOS_TimerRegister
 .text.TMOS_ProcessRegister
                0x0000000000021682       0x16 C:\Users\nimo\Desktop\GS02N_Air780E\GS02N_Air780E_app\LIB\libCH58xBLE.a(tmos.o)
                0x0000000000021682                TMOS_ProcessRegister
 .text.TMOS_Init
                0x0000000000021698      0x12e C:\Users\nimo\Desktop\GS02N_Air780E\GS02N_Air780E_app\LIB\libCH58xBLE.a(tmos.o)
                0x0000000000021698                TMOS_Init
 .text.TMOS_ProcessEventRegister
                0x00000000000217c6       0x3c C:\Users\nimo\Desktop\GS02N_Air780E\GS02N_Air780E_app\LIB\libCH58xBLE.a(tmos.o)
                0x00000000000217c6                TMOS_ProcessEventRegister
 .text.BLE_LibInit
                0x0000000000021802      0x174 C:\Users\nimo\Desktop\GS02N_Air780E\GS02N_Air780E_app\LIB\libCH58xBLE.a(tmos.o)
                0x0000000000021802                BLE_LibInit
 .text.clockGetTickValve
                0x0000000000021976       0x70 C:\Users\nimo\Desktop\GS02N_Air780E\GS02N_Air780E_app\LIB\libCH58xBLE.a(tmos_hw.o)
 .text.ll_get_sca_divisor
                0x00000000000219e6       0x40 C:\Users\nimo\Desktop\GS02N_Air780E\GS02N_Air780E_app\LIB\libCH58xBLE.a(tmos_hw.o)
                0x00000000000219e6                ll_get_sca_divisor
 .text.ll_get_sca_own
                0x0000000000021a26       0x46 C:\Users\nimo\Desktop\GS02N_Air780E\GS02N_Air780E_app\LIB\libCH58xBLE.a(tmos_hw.o)
                0x0000000000021a26                ll_get_sca_own
 .text.ble_ll_common_rand8
                0x0000000000021a6c       0x24 C:\Users\nimo\Desktop\GS02N_Air780E\GS02N_Air780E_app\LIB\libCH58xBLE.a(tmos_hw.o)
                0x0000000000021a6c                ble_ll_common_rand8
 .text.ble_ll_common_rand16
                0x0000000000021a90       0x24 C:\Users\nimo\Desktop\GS02N_Air780E\GS02N_Air780E_app\LIB\libCH58xBLE.a(tmos_hw.o)
                0x0000000000021a90                ble_ll_common_rand16
 .text.ble_ll_common_rand32
                0x0000000000021ab4       0x20 C:\Users\nimo\Desktop\GS02N_Air780E\GS02N_Air780E_app\LIB\libCH58xBLE.a(tmos_hw.o)
                0x0000000000021ab4                ble_ll_common_rand32
 .text.TMOS_TempSample
                0x0000000000021ad4       0x62 C:\Users\nimo\Desktop\GS02N_Air780E\GS02N_Air780E_app\LIB\libCH58xBLE.a(tmos_hw.o)
                0x0000000000021ad4                TMOS_TempSample
 .text.TMOS_TimerInit
                0x0000000000021b36       0xca C:\Users\nimo\Desktop\GS02N_Air780E\GS02N_Air780E_app\LIB\libCH58xBLE.a(tmos_hw.o)
                0x0000000000021b36                TMOS_TimerInit
 .text.tmos_snv_init
                0x0000000000021c00       0xc0 C:\Users\nimo\Desktop\GS02N_Air780E\GS02N_Air780E_app\LIB\libCH58xBLE.a(tmos_snv.o)
                0x0000000000021c00                tmos_snv_init
 .text.tmos_snv_clear
                0x0000000000021cc0       0xb2 C:\Users\nimo\Desktop\GS02N_Air780E\GS02N_Air780E_app\LIB\libCH58xBLE.a(tmos_snv.o)
                0x0000000000021cc0                tmos_snv_clear
 .text.tmos_snv_read
                0x0000000000021d72      0x292 C:\Users\nimo\Desktop\GS02N_Air780E\GS02N_Air780E_app\LIB\libCH58xBLE.a(tmos_snv.o)
                0x0000000000021d72                tmos_snv_read
 .text.tmos_snv_notify
                0x0000000000022004       0x5a C:\Users\nimo\Desktop\GS02N_Air780E\GS02N_Air780E_app\LIB\libCH58xBLE.a(tmos_snv.o)
                0x0000000000022004                tmos_snv_notify
 .text.tmos_snv_write
                0x000000000002205e      0x2ce C:\Users\nimo\Desktop\GS02N_Air780E\GS02N_Air780E_app\LIB\libCH58xBLE.a(tmos_snv.o)
                0x000000000002205e                tmos_snv_write
 .text.tmos_snv_compact
                0x000000000002232c        0x4 C:\Users\nimo\Desktop\GS02N_Air780E\GS02N_Air780E_app\LIB\libCH58xBLE.a(tmos_snv.o)
                0x000000000002232c                tmos_snv_compact
 .text.disconnectNext
                0x0000000000022330       0x22 C:\Users\nimo\Desktop\GS02N_Air780E\GS02N_Air780E_app\LIB\libCH58xBLE.a(gap.o)
 .text.GAP_ParamInit
                0x0000000000022352      0x160 C:\Users\nimo\Desktop\GS02N_Air780E\GS02N_Air780E_app\LIB\libCH58xBLE.a(gap.o)
                0x0000000000022352                GAP_ParamInit
 .text.sendTerminateEvent
                0x00000000000224b2       0x58 C:\Users\nimo\Desktop\GS02N_Air780E\GS02N_Air780E_app\LIB\libCH58xBLE.a(gap.o)
                0x00000000000224b2                sendTerminateEvent
 .text.gapRegisterCentral
                0x000000000002250a        0x6 C:\Users\nimo\Desktop\GS02N_Air780E\GS02N_Air780E_app\LIB\libCH58xBLE.a(gap.o)
                0x000000000002250a                gapRegisterCentral
 .text.gapRegisterCentralConn
                0x0000000000022510        0x6 C:\Users\nimo\Desktop\GS02N_Air780E\GS02N_Air780E_app\LIB\libCH58xBLE.a(gap.o)
                0x0000000000022510                gapRegisterCentralConn
 .text.gapRegisterPeripheral
                0x0000000000022516        0x6 C:\Users\nimo\Desktop\GS02N_Air780E\GS02N_Air780E_app\LIB\libCH58xBLE.a(gap.o)
                0x0000000000022516                gapRegisterPeripheral
 .text.gapRegisterPeripheralConn
                0x000000000002251c        0x6 C:\Users\nimo\Desktop\GS02N_Air780E\GS02N_Air780E_app\LIB\libCH58xBLE.a(gap.o)
                0x000000000002251c                gapRegisterPeripheralConn
 .text.smGenerateRandBuf
                0x0000000000022522       0x56 C:\Users\nimo\Desktop\GS02N_Air780E\GS02N_Air780E_app\LIB\libCH58xBLE.a(gap.o)
                0x0000000000022522                smGenerateRandBuf
 .text.gapL2capConnParamUpdateReq
                0x0000000000022578       0x36 C:\Users\nimo\Desktop\GS02N_Air780E\GS02N_Air780E_app\LIB\libCH58xBLE.a(gap.o)
                0x0000000000022578                gapL2capConnParamUpdateReq
 .text.gapValidADType
                0x00000000000225ae       0x16 C:\Users\nimo\Desktop\GS02N_Air780E\GS02N_Air780E_app\LIB\libCH58xBLE.a(gap.o)
                0x00000000000225ae                gapValidADType
 .text.gapFindADType
                0x00000000000225c4       0x94 C:\Users\nimo\Desktop\GS02N_Air780E\GS02N_Air780E_app\LIB\libCH58xBLE.a(gap.o)
                0x00000000000225c4                gapFindADType
 .text.GAP_SecParamsInit
                0x0000000000022658       0xae C:\Users\nimo\Desktop\GS02N_Air780E\GS02N_Air780E_app\LIB\libCH58xBLE.a(gap.o)
                0x0000000000022658                GAP_SecParamsInit
 .text.GAP_ParamsInit
                0x0000000000022706       0x50 C:\Users\nimo\Desktop\GS02N_Air780E\GS02N_Air780E_app\LIB\libCH58xBLE.a(gap.o)
                0x0000000000022706                GAP_ParamsInit
 .text.gapAddAddrAdj
                0x0000000000022756       0x48 C:\Users\nimo\Desktop\GS02N_Air780E\GS02N_Air780E_app\LIB\libCH58xBLE.a(gap.o)
                0x0000000000022756                gapAddAddrAdj
 .text.gapDetermineAddrType
                0x000000000002279e       0x28 C:\Users\nimo\Desktop\GS02N_Air780E\GS02N_Air780E_app\LIB\libCH58xBLE.a(gap.o)
                0x000000000002279e                gapDetermineAddrType
 .text.gapFreeAuthLink
                0x00000000000227c6       0x4a C:\Users\nimo\Desktop\GS02N_Air780E\GS02N_Air780E_app\LIB\libCH58xBLE.a(gap.o)
                0x00000000000227c6                gapFreeAuthLink
 .text.gapGetDevAddress
                0x0000000000022810       0x24 C:\Users\nimo\Desktop\GS02N_Air780E\GS02N_Air780E_app\LIB\libCH58xBLE.a(gap.o)
                0x0000000000022810                gapGetDevAddress
 .text.gapGetDevAddressMode
                0x0000000000022834        0xa C:\Users\nimo\Desktop\GS02N_Air780E\GS02N_Air780E_app\LIB\libCH58xBLE.a(gap.o)
                0x0000000000022834                gapGetDevAddressMode
 .text.gapGetIRK
                0x000000000002283e        0xc C:\Users\nimo\Desktop\GS02N_Air780E\GS02N_Air780E_app\LIB\libCH58xBLE.a(gap.o)
                0x000000000002283e                gapGetIRK
 .text.gapGetSRK
                0x000000000002284a        0xc C:\Users\nimo\Desktop\GS02N_Air780E\GS02N_Air780E_app\LIB\libCH58xBLE.a(gap.o)
                0x000000000002284a                gapGetSRK
 .text.gapGetSignCounter
                0x0000000000022856        0xe C:\Users\nimo\Desktop\GS02N_Air780E\GS02N_Air780E_app\LIB\libCH58xBLE.a(gap.o)
                0x0000000000022856                gapGetSignCounter
 .text.gapIncSignCounter
                0x0000000000022864       0x28 C:\Users\nimo\Desktop\GS02N_Air780E\GS02N_Air780E_app\LIB\libCH58xBLE.a(gap.o)
                0x0000000000022864                gapIncSignCounter
 .text.gapProcessConnEvt
                0x000000000002288c       0x48 C:\Users\nimo\Desktop\GS02N_Air780E\GS02N_Air780E_app\LIB\libCH58xBLE.a(gap.o)
                0x000000000002288c                gapProcessConnEvt
 .text.gapProcessDisconnectCompleteEvt
                0x00000000000228d4       0xaa C:\Users\nimo\Desktop\GS02N_Air780E\GS02N_Air780E_app\LIB\libCH58xBLE.a(gap.o)
                0x00000000000228d4                gapProcessDisconnectCompleteEvt
 .text.sendAuthEvent
                0x000000000002297e      0x120 C:\Users\nimo\Desktop\GS02N_Air780E\GS02N_Air780E_app\LIB\libCH58xBLE.a(gap.o)
                0x000000000002297e                sendAuthEvent
 .text.gapSendBondCompleteEvent
                0x0000000000022a9e       0x74 C:\Users\nimo\Desktop\GS02N_Air780E\GS02N_Air780E_app\LIB\libCH58xBLE.a(gap.o)
                0x0000000000022a9e                gapSendBondCompleteEvent
 .text.gapSendPairingReqEvent
                0x0000000000022b12       0x96 C:\Users\nimo\Desktop\GS02N_Air780E\GS02N_Air780E_app\LIB\libCH58xBLE.a(gap.o)
                0x0000000000022b12                gapSendPairingReqEvent
 .text.gapSendSlaveSecurityReqEvent
                0x0000000000022ba8       0x68 C:\Users\nimo\Desktop\GS02N_Air780E\GS02N_Air780E_app\LIB\libCH58xBLE.a(gap.o)
                0x0000000000022ba8                gapSendSlaveSecurityReqEvent
 .text.gapSendDeviceInitDoneEvent
                0x0000000000022c10       0x88 C:\Users\nimo\Desktop\GS02N_Air780E\GS02N_Air780E_app\LIB\libCH58xBLE.a(gap.o)
                0x0000000000022c10                gapSendDeviceInitDoneEvent
 .text.gapSendLinkUpdateEvent
                0x0000000000022c98       0xb2 C:\Users\nimo\Desktop\GS02N_Air780E\GS02N_Air780E_app\LIB\libCH58xBLE.a(gap.o)
                0x0000000000022c98                gapSendLinkUpdateEvent
 .text.gapSendPhyUpdateEvent
                0x0000000000022d4a       0x58 C:\Users\nimo\Desktop\GS02N_Air780E\GS02N_Air780E_app\LIB\libCH58xBLE.a(gap.o)
                0x0000000000022d4a                gapSendPhyUpdateEvent
 .text.gapSendEstLinkEvent
                0x0000000000022da2       0xbc C:\Users\nimo\Desktop\GS02N_Air780E\GS02N_Air780E_app\LIB\libCH58xBLE.a(gap.o)
                0x0000000000022da2                gapSendEstLinkEvent
 .text.gapProcessNewAddr
                0x0000000000022e5e       0x3e C:\Users\nimo\Desktop\GS02N_Air780E\GS02N_Air780E_app\LIB\libCH58xBLE.a(gap.o)
                0x0000000000022e5e                gapProcessNewAddr
 .text.gapProcessRandomAddrComplete
                0x0000000000022e9c       0xb6 C:\Users\nimo\Desktop\GS02N_Air780E\GS02N_Air780E_app\LIB\libCH58xBLE.a(gap.o)
                0x0000000000022e9c                gapProcessRandomAddrComplete
 .text.GAP_Authenticate
                0x0000000000022f52       0xde C:\Users\nimo\Desktop\GS02N_Air780E\GS02N_Air780E_app\LIB\libCH58xBLE.a(gap.o)
                0x0000000000022f52                GAP_Authenticate
 .text.GAP_Bond
                0x0000000000023030       0xaa C:\Users\nimo\Desktop\GS02N_Air780E\GS02N_Air780E_app\LIB\libCH58xBLE.a(gap.o)
                0x0000000000023030                GAP_Bond
 .text.GAP_GetParamValue
                0x00000000000230da       0x20 C:\Users\nimo\Desktop\GS02N_Air780E\GS02N_Air780E_app\LIB\libCH58xBLE.a(gap.o)
                0x00000000000230da                GAP_GetParamValue
 .text.GAP_PasscodeUpdate
                0x00000000000230fa       0x54 C:\Users\nimo\Desktop\GS02N_Air780E\GS02N_Air780E_app\LIB\libCH58xBLE.a(gap.o)
                0x00000000000230fa                GAP_PasscodeUpdate
 .text.GAP_RegisterForMsgs
                0x000000000002314e        0xa C:\Users\nimo\Desktop\GS02N_Air780E\GS02N_Air780E_app\LIB\libCH58xBLE.a(gap.o)
                0x000000000002314e                GAP_RegisterForMsgs
 .text.GAP_ResolvePrivateAddr
                0x0000000000023158        0x4 C:\Users\nimo\Desktop\GS02N_Air780E\GS02N_Air780E_app\LIB\libCH58xBLE.a(gap.o)
                0x0000000000023158                GAP_ResolvePrivateAddr
 .text.gapPairingCompleteCB
                0x000000000002315c      0x18c C:\Users\nimo\Desktop\GS02N_Air780E\GS02N_Air780E_app\LIB\libCH58xBLE.a(gap.o)
                0x000000000002315c                gapPairingCompleteCB
 .text.gapPasskeyNeededCB
                0x00000000000232e8       0x8e C:\Users\nimo\Desktop\GS02N_Air780E\GS02N_Air780E_app\LIB\libCH58xBLE.a(gap.o)
                0x00000000000232e8                gapPasskeyNeededCB
 .text.gapOobNeededCB
                0x0000000000023376       0xa6 C:\Users\nimo\Desktop\GS02N_Air780E\GS02N_Air780E_app\LIB\libCH58xBLE.a(gap.o)
                0x0000000000023376                gapOobNeededCB
 .text.gapFreeEstLink