Archive member included to satisfy reference by file (symbol)

../StdPeriphDriver\libISP583.a(ISP583.o)
                              ./Task/app_db.o (FLASH_EEPROM_CMD)
d:/软件工具/mounriver_studio_setup_v142/mounriver_studio/toolchain/risc-v embedded gcc/bin/../lib/gcc/riscv-none-embed/8.2.0/../../../../riscv-none-embed/lib/rv32imac/ilp32\libm.a(lib_a-s_cos.o)
                              ./Task/app_gps.o (cos)
d:/软件工具/mounriver_studio_setup_v142/mounriver_studio/toolchain/risc-v embedded gcc/bin/../lib/gcc/riscv-none-embed/8.2.0/../../../../riscv-none-embed/lib/rv32imac/ilp32\libm.a(lib_a-s_sin.o)
                              ./Task/app_gps.o (sin)
d:/软件工具/mounriver_studio_setup_v142/mounriver_studio/toolchain/risc-v embedded gcc/bin/../lib/gcc/riscv-none-embed/8.2.0/../../../../riscv-none-embed/lib/rv32imac/ilp32\libm.a(lib_a-w_asin.o)
                              ./Task/app_gps.o (asin)
d:/软件工具/mounriver_studio_setup_v142/mounriver_studio/toolchain/risc-v embedded gcc/bin/../lib/gcc/riscv-none-embed/8.2.0/../../../../riscv-none-embed/lib/rv32imac/ilp32\libm.a(lib_a-w_pow.o)
                              ./Task/app_gps.o (pow)
d:/软件工具/mounriver_studio_setup_v142/mounriver_studio/toolchain/risc-v embedded gcc/bin/../lib/gcc/riscv-none-embed/8.2.0/../../../../riscv-none-embed/lib/rv32imac/ilp32\libm.a(lib_a-w_sqrt.o)
                              ./Task/app_gps.o (sqrt)
d:/软件工具/mounriver_studio_setup_v142/mounriver_studio/toolchain/risc-v embedded gcc/bin/../lib/gcc/riscv-none-embed/8.2.0/../../../../riscv-none-embed/lib/rv32imac/ilp32\libm.a(lib_a-e_asin.o)
                              d:/软件工具/mounriver_studio_setup_v142/mounriver_studio/toolchain/risc-v embedded gcc/bin/../lib/gcc/riscv-none-embed/8.2.0/../../../../riscv-none-embed/lib/rv32imac/ilp32\libm.a(lib_a-w_asin.o) (__ieee754_asin)
d:/软件工具/mounriver_studio_setup_v142/mounriver_studio/toolchain/risc-v embedded gcc/bin/../lib/gcc/riscv-none-embed/8.2.0/../../../../riscv-none-embed/lib/rv32imac/ilp32\libm.a(lib_a-e_pow.o)
                              d:/软件工具/mounriver_studio_setup_v142/mounriver_studio/toolchain/risc-v embedded gcc/bin/../lib/gcc/riscv-none-embed/8.2.0/../../../../riscv-none-embed/lib/rv32imac/ilp32\libm.a(lib_a-w_pow.o) (__ieee754_pow)
d:/软件工具/mounriver_studio_setup_v142/mounriver_studio/toolchain/risc-v embedded gcc/bin/../lib/gcc/riscv-none-embed/8.2.0/../../../../riscv-none-embed/lib/rv32imac/ilp32\libm.a(lib_a-e_rem_pio2.o)
                              d:/软件工具/mounriver_studio_setup_v142/mounriver_studio/toolchain/risc-v embedded gcc/bin/../lib/gcc/riscv-none-embed/8.2.0/../../../../riscv-none-embed/lib/rv32imac/ilp32\libm.a(lib_a-s_cos.o) (__ieee754_rem_pio2)
d:/软件工具/mounriver_studio_setup_v142/mounriver_studio/toolchain/risc-v embedded gcc/bin/../lib/gcc/riscv-none-embed/8.2.0/../../../../riscv-none-embed/lib/rv32imac/ilp32\libm.a(lib_a-e_sqrt.o)
                              d:/软件工具/mounriver_studio_setup_v142/mounriver_studio/toolchain/risc-v embedded gcc/bin/../lib/gcc/riscv-none-embed/8.2.0/../../../../riscv-none-embed/lib/rv32imac/ilp32\libm.a(lib_a-w_sqrt.o) (__ieee754_sqrt)
d:/软件工具/mounriver_studio_setup_v142/mounriver_studio/toolchain/risc-v embedded gcc/bin/../lib/gcc/riscv-none-embed/8.2.0/../../../../riscv-none-embed/lib/rv32imac/ilp32\libm.a(lib_a-k_cos.o)
                              d:/软件工具/mounriver_studio_setup_v142/mounriver_studio/toolchain/risc-v embedded gcc/bin/../lib/gcc/riscv-none-embed/8.2.0/../../../../riscv-none-embed/lib/rv32imac/ilp32\libm.a(lib_a-s_cos.o) (__kernel_cos)
d:/软件工具/mounriver_studio_setup_v142/mounriver_studio/toolchain/risc-v embedded gcc/bin/../lib/gcc/riscv-none-embed/8.2.0/../../../../riscv-none-embed/lib/rv32imac/ilp32\libm.a(lib_a-k_rem_pio2.o)
                              d:/软件工具/mounriver_studio_setup_v142/mounriver_studio/toolchain/risc-v embedded gcc/bin/../lib/gcc/riscv-none-embed/8.2.0/../../../../riscv-none-embed/lib/rv32imac/ilp32\libm.a(lib_a-e_rem_pio2.o) (__kernel_rem_pio2)
d:/软件工具/mounriver_studio_setup_v142/mounriver_studio/toolchain/risc-v embedded gcc/bin/../lib/gcc/riscv-none-embed/8.2.0/../../../../riscv-none-embed/lib/rv32imac/ilp32\libm.a(lib_a-k_sin.o)
                              d:/软件工具/mounriver_studio_setup_v142/mounriver_studio/toolchain/risc-v embedded gcc/bin/../lib/gcc/riscv-none-embed/8.2.0/../../../../riscv-none-embed/lib/rv32imac/ilp32\libm.a(lib_a-s_cos.o) (__kernel_sin)
d:/软件工具/mounriver_studio_setup_v142/mounriver_studio/toolchain/risc-v embedded gcc/bin/../lib/gcc/riscv-none-embed/8.2.0/../../../../riscv-none-embed/lib/rv32imac/ilp32\libm.a(lib_a-s_fabs.o)
                              d:/软件工具/mounriver_studio_setup_v142/mounriver_studio/toolchain/risc-v embedded gcc/bin/../lib/gcc/riscv-none-embed/8.2.0/../../../../riscv-none-embed/lib/rv32imac/ilp32\libm.a(lib_a-w_asin.o) (fabs)
[...]
Memory Configuration

Name             Origin             Length             Attributes
FLASH            0x000000000000c000 0x0000000000064000 xr
RAM              0x0000000020000000 0x0000000000008000 xrw
*default*        0x0000000000000000 0xffffffffffffffff

Linker script and memory map

LOAD ./Task/aes.o
LOAD ./Task/app_atcmd.o
LOAD ./Task/app_bleRelay.o
LOAD ./Task/app_db.o
LOAD ./Task/app_encrypt.o
LOAD ./Task/app_gps.o
LOAD ./Task/app_instructioncmd.o
LOAD ./Task/app_jt808.o
LOAD ./Task/app_kernal.o
LOAD ./Task/app_mir3da.o
LOAD ./Task/app_net.o
LOAD ./Task/app_param.o
LOAD ./Task/app_port.o
LOAD ./Task/app_protocol.o
LOAD ./Task/app_server.o
LOAD ./Task/app_socket.o
LOAD ./Task/app_sys.o
LOAD ./Task/app_task.o
LOAD ./StdPeriphDriver/CH58x_adc.o
LOAD ./StdPeriphDriver/CH58x_clk.o
LOAD ./StdPeriphDriver/CH58x_flash.o
LOAD ./StdPeriphDriver/CH58x_gpio.o
LOAD ./StdPeriphDriver/CH58x_i2c.o
LOAD ./StdPeriphDriver/CH58x_pwm.o
LOAD ./StdPeriphDriver/CH58x_pwr.o
LOAD ./StdPeriphDriver/CH58x_spi0.o
LOAD ./StdPeriphDriver/CH58x_spi1.o
LOAD ./StdPeriphDriver/CH58x_sys.o
LOAD ./StdPeriphDriver/CH58x_timer0.o
LOAD ./StdPeriphDriver/CH58x_timer1.o
LOAD ./StdPeriphDriver/CH58x_timer2.o
LOAD ./StdPeriphDriver/CH58x_timer3.o
LOAD ./StdPeriphDriver/CH58x_uart0.o
LOAD ./StdPeriphDriver/CH58x_uart1.o
LOAD ./StdPeriphDriver/CH58x_uart2.o
LOAD ./StdPeriphDriver/CH58x_uart3.o
LOAD ./StdPeriphDriver/CH58x_usb2dev.o
LOAD ./StdPeriphDriver/CH58x_usb2hostBase.o
LOAD ./StdPeriphDriver/CH58x_usb2hostClass.o
LOAD ./StdPeriphDriver/CH58x_usbdev.o
LOAD ./StdPeriphDriver/CH58x_usbhostBase.o
LOAD ./StdPeriphDriver/CH58x_usbhostClass.o
LOAD ./Startup/startup_CH583.o
LOAD ./RVMSIS/core_riscv.o
LOAD ./HAL/KEY.o
LOAD ./HAL/LED.o
LOAD ./HAL/MCU.o
LOAD ./HAL/RTC.o
LOAD ./HAL/SLEEP.o
LOAD ./APP/app_broadcaster.o
LOAD ./APP/app_central.o
LOAD ./APP/app_main.o
LOAD ./APP/app_peripheral.o
LOAD ../StdPeriphDriver\libISP583.a
LOAD d:/软件工具/mounriver_studio_setup_v142/mounriver_studio/toolchain/risc-v embedded gcc/bin/../lib/gcc/riscv-none-embed/8.2.0/../../../../riscv-none-embed/lib/rv32imac/ilp32\libm.a
LOAD R:\CODE\CHcode\CH582\GS02N_Air780E\GS02N_Air780E_app\LIB\libCH58xBLE.a
LOAD d:/软件工具/mounriver_studio_setup_v142/mounriver_studio/toolchain/risc-v embedded gcc/bin/../lib/gcc/riscv-none-embed/8.2.0/rv32imac/ilp32\libgcc.a
LOAD d:/软件工具/mounriver_studio_setup_v142/mounriver_studio/toolchain/risc-v embedded gcc/bin/../lib/gcc/riscv-none-embed/8.2.0/../../../../riscv-none-embed/lib/rv32imac/ilp32\libg_nano.a
LOAD d:/软件工具/mounriver_studio_setup_v142/mounriver_studio/toolchain/risc-v embedded gcc/bin/../lib/gcc/riscv-none-embed/8.2.0/../../../../riscv-none-embed/lib/rv32imac/ilp32\libc_nano.a
LOAD d:/软件工具/mounriver_studio_setup_v142/mounriver_studio/toolchain/risc-v embedded gcc/bin/../lib/gcc/riscv-none-embed/8.2.0/rv32imac/ilp32\libgcc.a
START GROUP
LOAD d:/软件工具/mounriver_studio_setup_v142/mounriver_studio/toolchain/risc-v embedded gcc/bin/../lib/gcc/riscv-none-embed/8.2.0/rv32imac/ilp32\libgcc.a
LOAD d:/软件工具/mounriver_studio_setup_v142/mounriver_studio/toolchain/risc-v embedded gcc/bin/../lib/gcc/riscv-none-embed/8.2.0/../../../../riscv-none-embed/lib/rv32imac/ilp32\libc_nano.a
LOAD d:/软件工具/mounriver_studio_setup_v142/mounriver_studio/toolchain/risc-v embedded gcc/bin/../lib/gcc/riscv-none-embed/8.2.0/../../../../riscv-none-embed/lib/rv32imac/ilp32\libnosys.a
END GROUP
START GROUP
LOAD d:/软件工具/mounriver_studio_setup_v142/mounriver_studio/toolchain/risc-v embedded gcc/bin/../lib/gcc/riscv-none-embed/8.2.0/rv32imac/ilp32\libgcc.a
LOAD d:/软件工具/mounriver_studio_setup_v142/mounriver_studio/toolchain/risc-v embedded gcc/bin/../lib/gcc/riscv-none-embed/8.2.0/../../../../riscv-none-embed/lib/rv32imac/ilp32\libc_nano.a
LOAD d:/软件工具/mounriver_studio_setup_v142/mounriver_studio/toolchain/risc-v embedded gcc/bin/../lib/gcc/riscv-none-embed/8.2.0/../../../../riscv-none-embed/lib/rv32imac/ilp32\libnosys.a
END GROUP

.init           0x000000000000c000        0x4
                0x000000000000c000                _sinit = .
                0x000000000000c000                . = ALIGN (0x4)
 *(SORT_NONE(.init))
 .init          0x000000000000c000        0x4 ./Startup/startup_CH583.o
                0x000000000000c000                _start
                0x000000000000c004                . = ALIGN (0x4)
                0x000000000000c004                _einit = .

.highcodelalign
                0x000000000000c004        0x0
                0x000000000000c004                . = ALIGN (0x4)
                0x000000000000c004                PROVIDE (_highcode_lma = .)

.highcode       0x0000000020000000     0x25b8 load address 0x000000000000c004
                0x0000000020000000                . = ALIGN (0x4)
                0x0000000020000000                PROVIDE (_highcode_vma_start = .)
 *(.vector)
 .vector        0x0000000020000000       0x90 ./Startup/startup_CH583.o
 *(SORT_NONE(.vector_handler))
 .vector_handler
                0x0000000020000090       0x36 ./Startup/startup_CH583.o
                0x0000000020000090                NMI_Handler
                0x0000000020000094                Ecall_M_Mode_Handler
                0x0000000020000096                Ecall_U_Mode_Handler
                0x0000000020000098                Break_Point_Handler
                0x000000002000009a                SysTick_Handler
                0x000000002000009c                SW_Handler
                0x000000002000009e                TMR0_IRQHandler
                0x00000000200000a4                SPI0_IRQHandler
                0x00000000200000a6                BB_IRQHandler
                0x00000000200000a8                LLE_IRQHandler
                0x00000000200000aa                USB_IRQHandler
                0x00000000200000ac                USB2_IRQHandler
                0x00000000200000ae                TMR1_IRQHandler
                0x00000000200000b0                TMR2_IRQHandler
                0x00000000200000b8                ADC_IRQHandler
                0x00000000200000ba                I2C_IRQHandler
                0x00000000200000bc                PWMX_IRQHandler
                0x00000000200000be                TMR3_IRQHandler
                0x00000000200000c4                WDOG_BAT_IRQHandler
 *(.highcode)
 .highcode      0x00000000200000c6      0x2ac ./Task/app_port.o
                0x00000000200000c6                UART0_IRQHandler
                0x000000002000015a                UART1_IRQHandler
                0x00000000200001ee                UART2_IRQHandler
                0x0000000020000282                UART3_IRQHandler
                0x0000000020000316                GPIOA_IRQHandler
                0x0000000020000344                GPIOB_IRQHandler
 .highcode      0x0000000020000372      0x334 ./StdPeriphDriver/CH58x_pwr.o
                0x0000000020000372                LowPower_Idle
                0x00000000200003b0                LowPower_Halt
                0x000000002000047c                LowPower_Sleep
                0x00000000200005ac                LowPower_Shutdown
 .highcode      0x00000000200006a6      0x22c ./StdPeriphDriver/CH58x_sys.o
                0x00000000200006a6                SetSysClock
                0x000000002000081a                SYS_ResetExecute
                0x0000000020000856                HardFault_Handler
                0x000000002000089c                mDelayuS
                0x00000000200008aa                mDelaymS
 .highcode      0x00000000200008d2       0x1a ./HAL/RTC.o
                0x00000000200008d2                RTC_IRQHandler
 .highcode      0x00000000200008ec        0x8 ./APP/app_main.o
                0x00000000200008ec                Main_Circulation
 .highcode      0x00000000200008f4      0x426 ../StdPeriphDriver\libISP583.a(ISP583.o)
                0x00000000200008f4                FLASH_ROM_BEG
                0x0000000020000906                FLASH_ROM_END
                0x0000000020000914                FLASH_ROM_IN
                0x0000000020000922                FLASH_ROM_OUT
                0x0000000020000930                FLASH_ROM_ADDR
                0x0000000020000978                FLASH_ROM_WAIT
                0x00000000200009b0                FLASH_EEPROM_CMD
 .highcode      0x0000000020000d1a      0x44c R:\CODE\CHcode\CH582\GS02N_Air780E\GS02N_Air780E_app\LIB\libCH58xBLE.a(tmos.o)
                0x0000000020000d1a                tmos_memcpy
                0x0000000020000d3a                tmos_memcpy_word
                0x0000000020000d52                tmos_memset
                0x0000000020000d64                tmos_strlen
                0x0000000020000d78                tmos_memdup
                0x0000000020000daa                tmos_memcmp
                0x0000000020000dd8                tmos_revmemcpy
                0x0000000020000df4                tmos_isbufset
                0x0000000020000e16                tmos_proces_system_time
                0x0000000020000f60                TMOS_SystemProcess
 .highcode      0x0000000020001166       0x4c R:\CODE\CHcode\CH582\GS02N_Air780E\GS02N_Air780E_app\LIB\libCH58xBLE.a(tmos_hw.o)
                0x00000000200011b0                TMOS_TimerIRQHandler
 .highcode      0x00000000200011b2      0x2d2 R:\CODE\CHcode\CH582\GS02N_Air780E\GS02N_Air780E_app\LIB\libCH58xBLE.a(ll_connect.o)
                0x00000000200011b2                ll_connect_send_data
                0x00000000200012da                ll_connect_recv_data
                0x00000000200013ba                ll_connect_event_continue
 .highcode      0x0000000020001484      0x310 R:\CODE\CHcode\CH582\GS02N_Air780E\GS02N_Air780E_app\LIB\libCH58xBLE.a(ll_hop.o)
                0x0000000020001484                LL_HopGetChannel
                0x000000002000152a                LL_HopGetChannel2
 .highcode      0x0000000020001794       0x50 R:\CODE\CHcode\CH582\GS02N_Air780E\GS02N_Air780E_app\LIB\libCH58xBLE.a(ll_whitelist.o)
                0x0000000020001794                LL_WhitelistLookup
 .highcode      0x00000000200017e4      0x1e0 R:\CODE\CHcode\CH582\GS02N_Air780E\GS02N_Air780E_app\LIB\libCH58xBLE.a(aes.o)
                0x00000000200017e4                AES_DevAESEnc
 .highcode      0x00000000200019c4      0x15a R:\CODE\CHcode\CH582\GS02N_Air780E\GS02N_Air780E_app\LIB\libCH58xBLE.a(bb.o)
                0x00000000200019c4                BB_IRQLibHandler
                0x0000000020001ad4                BB_IRQLibFunction
 .highcode      0x0000000020001b1e      0x3dc R:\CODE\CHcode\CH582\GS02N_Air780E\GS02N_Air780E_app\LIB\libCH58xBLE.a(ip.o)
                0x0000000020001b1e                ll_rx_wait_finish
                0x0000000020001b5c                ble_ll_chkcrc
                0x0000000020001bfe                ll_tx_wait_finish
                0x0000000020001d22                BLE_CheckHoppingMap
 .highcode      0x0000000020001efa      0x23c R:\CODE\CHcode\CH582\GS02N_Air780E\GS02N_Air780E_app\LIB\libCH58xBLE.a(lle.o)
                0x0000000020001efa                LLE_IRQLibHandler
                0x00000000200020ec                LLE_IRQLibFunction
 .highcode      0x0000000020002136      0x1be R:\CODE\CHcode\CH582\GS02N_Air780E\GS02N_Air780E_app\LIB\libCH58xBLE.a(rf_fh.o)
                0x0000000020002136                RF_HopGetChannel
                0x00000000200021a4                RF_FrequencyHoppingGet
                0x000000002000225a                RF_FrequencyHoppingChange
 .highcode      0x00000000200022f4       0x30 R:\CODE\CHcode\CH582\GS02N_Air780E\GS02N_Air780E_app\LIB\libCH58xBLE.a(rfend.o)
                0x00000000200022f4                RFEND_WaitTune
 .highcode      0x0000000020002324      0x1ba R:\CODE\CHcode\CH582\GS02N_Air780E\GS02N_Air780E_app\LIB\libCH58xBLE.a(memory.o)
                0x0000000020002324                tmos_memory_allocate
                0x00000000200023f6                tmos_memory_free
 .highcode      0x00000000200024de       0xd8 R:\CODE\CHcode\CH582\GS02N_Air780E\GS02N_Air780E_app\LIB\libCH58xBLE.a(ll_resolvinglist.o)
                0x00000000200024de                LL_ResolvinglistPeerIdentifyAddressGetIrk
                0x0000000020002532                LL_ResolvinglistPeerRpaAddressGetIrk
                0x0000000020002574                LL_ResolvinglistLocalRpaAddressGetIrk
 *(.highcode.*)
                0x00000000200025b8                . = ALIGN (0x4)
 *fill*         0x00000000200025b6        0x2 
                0x00000000200025b8                PROVIDE (_highcode_vma_end = .)

.text           0x000000000000e5c0    0x3eb54
                0x000000000000e5c0                . = ALIGN (0x4)
 *(SORT_NONE(.handle_reset))
 .handle_reset  0x000000000000e5c0       0xb6 ./Startup/startup_CH583.o
                0x000000000000e5c0                handle_reset
 *(.text)
 .text          0x000000000000e676       0xa8 d:/软件工具/mounriver_studio_setup_v142/mounriver_studio/toolchain/risc-v embedded gcc/bin/../lib/gcc/riscv-none-embed/8.2.0/../../../../riscv-none-embed/lib/rv32imac/ilp32\libg_nano.a(lib_a-memset.o)
                0x000000000000e676                memset
 .text          0x000000000000e71e      0x11e d:/软件工具/mounriver_studio_setup_v142/mounriver_studio/toolchain/risc-v embedded gcc/bin/../lib/gcc/riscv-none-embed/8.2.0/../../../../riscv-none-embed/lib/rv32imac/ilp32\libg_nano.a(lib_a-strcmp.o)
                0x000000000000e71e                strcmp
 *(.text.*)
 .text.convertToIntArray
                0x000000000000e83c       0x2a ./Task/aes.o
 .text.splitIntToArray
                0x000000000000e866       0x22 ./Task/aes.o
 .text.leftLoop4int
                0x000000000000e888       0x34 ./Task/aes.o
 .text.extendKey
                0x000000000000e8bc       0xf0 ./Task/aes.o
 .text.addRoundKey
                0x000000000000e9ac       0x5e ./Task/aes.o
 .text.shiftRows
                0x000000000000ea0a       0x70 ./Task/aes.o
 .text.GFMul2   0x000000000000ea7a       0x12 ./Task/aes.o
 .text.GFMul4   0x000000000000ea8c        0xc ./Task/aes.o
 .text.convertArrayToStr
                0x000000000000ea98       0x2c ./Task/aes.o
 .text.deSubBytes
                0x000000000000eac4       0x38 ./Task/aes.o
 .text.rightLoop4int
                0x000000000000eafc       0x44 ./Task/aes.o
 .text.deShiftRows
                0x000000000000eb40       0x70 ./Task/aes.o
 .text.subBytes
                0x000000000000ebb0       0x38 ./Task/aes.o
 .text.GFMul    0x000000000000ebe8       0x84 ./Task/aes.o
 .text.deMixColumns
                0x000000000000ec6c       0xba ./Task/aes.o
 .text.aes      0x000000000000ed26      0x146 ./Task/aes.o
                0x000000000000ed26                aes
 .text.deAes    0x000000000000ee6c      0x11c ./Task/aes.o
                0x000000000000ee6c                deAes
 .text.encryptData
                0x000000000000ef88       0xb0 ./Task/aes.o
                0x000000000000ef88                encryptData
 .text.dencryptData
                0x000000000000f038       0x94 ./Task/aes.o
                0x000000000000f038                dencryptData
 .text.doAtdebugCmd
                0x000000000000f0cc      0x2b4 ./Task/app_atcmd.o
 .text.atCmdIMEIParser
                0x000000000000f380       0x2c ./Task/app_atcmd.o
                0x000000000000f380                atCmdIMEIParser
 .text.atCmdParserFunction
                0x000000000000f3ac      0x400 ./Task/app_atcmd.o
                0x000000000000f3ac                atCmdParserFunction
 .text.dbInfoWrite
                0x000000000000f7ac       0x34 ./Task/app_db.o
 .text.dbSectionWrite
                0x000000000000f7e0      0x14a ./Task/app_db.o
 .text.dbInfoClear
                0x000000000000f92a       0x36 ./Task/app_db.o
                0x000000000000f92a                dbInfoClear
 .text.dbInfoRead
                0x000000000000f960       0x42 ./Task/app_db.o
                0x000000000000f960                dbInfoRead
 .text.dbUpload
                0x000000000000f9a2      0x120 ./Task/app_db.o
                0x000000000000f9a2                dbUpload
 .text.dbCircularWrite
                0x000000000000fac2       0xb4 ./Task/app_db.o
                0x000000000000fac2                dbCircularWrite
 .text.dbSaveRelease
                0x000000000000fb76       0x50 ./Task/app_db.o
                0x000000000000fb76                dbSaveRelease
 .text.dbSave   0x000000000000fbc6       0x60 ./Task/app_db.o
                0x000000000000fbc6                dbSave
 .text.dbCircularRead
                0x000000000000fc26      0x10a ./Task/app_db.o
                0x000000000000fc26                dbCircularRead
 .text.encryptStr
                0x000000000000fd30       0xec ./Task/app_encrypt.o
                0x000000000000fd30                encryptStr
 .text.dencryptStr
                0x000000000000fe1c      0x10e ./Task/app_encrypt.o
                0x000000000000fe1c                dencryptStr
 .text.startAuthentication
                0x000000000000ff2a       0x5a ./Task/app_encrypt.o
                0x000000000000ff2a                startAuthentication
 .text.initLastPoint
                0x000000000000ff84       0x38 ./Task/app_gps.o
 .text.charstrToHexValue
                0x000000000000ffbc       0xda ./Task/app_gps.o
                0x000000000000ffbc                charstrToHexValue
 .text.parse_GSA
                0x0000000000010096       0x3a ./Task/app_gps.o
                0x0000000000010096                parse_GSA
 .text.parse_GSV
                0x00000000000100d0      0x1fa ./Task/app_gps.o
                0x00000000000100d0                parse_GSV
 .text.parse_GGA
                0x00000000000102ca       0x4c ./Task/app_gps.o
                0x00000000000102ca                parse_GGA
 .text.latitude_to_double
                0x0000000000010316       0xbc ./Task/app_gps.o
                0x0000000000010316                latitude_to_double
 .text.longitude_to_double
                0x00000000000103d2       0xbc ./Task/app_gps.o
                0x00000000000103d2                longitude_to_double
 .text.changeUTCTimeToLocalTime
                0x000000000001048e      0x17e ./Task/app_gps.o
                0x000000000001048e                changeUTCTimeToLocalTime
 .text.updateLocalRTCTime
                0x000000000001060c       0x86 ./Task/app_gps.o
                0x000000000001060c                updateLocalRTCTime
 .text.showgpsinfo
                0x0000000000010692      0x1b6 ./Task/app_gps.o
                0x0000000000010692                showgpsinfo
 .text.parse_RMC
                0x0000000000010848      0x242 ./Task/app_gps.o
                0x0000000000010848                parse_RMC
 .text.parseGPS
                0x0000000000010a8a      0x166 ./Task/app_gps.o
                0x0000000000010a8a                parseGPS
 .text.nmeaParser
                0x0000000000010bf0       0x80 ./Task/app_gps.o
                0x0000000000010bf0                nmeaParser
 .text.gpsClearCurrentGPSInfo
                0x0000000000010c70       0x2e ./Task/app_gps.o
                0x0000000000010c70                gpsClearCurrentGPSInfo
 .text.getCurrentGPSInfo
                0x0000000000010c9e       0x16 ./Task/app_gps.o
                0x0000000000010c9e                getCurrentGPSInfo
 .text.getLastFixedGPSInfo
                0x0000000000010cb4        0x6 ./Task/app_gps.o
                0x0000000000010cb4                getLastFixedGPSInfo
 .text.gpsUploadPointToServer
                0x0000000000010cba      0x422 ./Task/app_gps.o
                0x0000000000010cba                gpsUploadPointToServer
 .text.sendMsgWithMode
                0x00000000000110dc       0xa0 ./Task/app_instructioncmd.o
 .text.serverChangeCallBack
                0x000000000001117c       0x10 ./Task/app_instructioncmd.o
 .text.dorequestSend123
                0x000000000001118c       0xe0 ./Task/app_instructioncmd.o
                0x000000000001118c                dorequestSend123
 .text.do123Instruction
                0x000000000001126c       0x80 ./Task/app_instructioncmd.o
                0x000000000001126c                do123Instruction
 .text.doAPNInstruction
                0x00000000000112ec       0xf4 ./Task/app_instructioncmd.o
                0x00000000000112ec                doAPNInstruction
 .text.doUPSInstruction
                0x00000000000113e0       0xe8 ./Task/app_instructioncmd.o
                0x00000000000113e0                doUPSInstruction
 .text.doLOWWInstruction
                0x00000000000114c8       0xaa ./Task/app_instructioncmd.o
                0x00000000000114c8                doLOWWInstruction
 .text.doLEDInstruction
                0x0000000000011572       0x7a ./Task/app_instructioncmd.o
                0x0000000000011572                doLEDInstruction
 .text.doPOITYPEInstruction
                0x00000000000115ec       0xde ./Task/app_instructioncmd.o
                0x00000000000115ec                doPOITYPEInstruction
 .text.doResetInstruction
                0x00000000000116ca       0x28 ./Task/app_instructioncmd.o
                0x00000000000116ca                doResetInstruction
 .text.doUTCInstruction
                0x00000000000116f2       0xc4 ./Task/app_instructioncmd.o
                0x00000000000116f2                doUTCInstruction
 .text.doDebugInstrucion
                0x00000000000117b6      0x12e ./Task/app_instructioncmd.o
                0x00000000000117b6                doDebugInstrucion
 .text.doACCCTLGNSSInstrucion
                0x00000000000118e4       0x94 ./Task/app_instructioncmd.o
                0x00000000000118e4                doACCCTLGNSSInstrucion
 .text.doAccdetmodeInstruction
                0x0000000000011978       0xac ./Task/app_instructioncmd.o
                0x0000000000011978                doAccdetmodeInstruction
 .text.doFenceInstrucion
                0x0000000000011a24       0x5c ./Task/app_instructioncmd.o
                0x0000000000011a24                doFenceInstrucion
 .text.doIccidInstrucion
                0x0000000000011a80       0x2a ./Task/app_instructioncmd.o
                0x0000000000011a80                doIccidInstrucion
 .text.doFactoryInstrucion
                0x0000000000011aaa       0x44 ./Task/app_instructioncmd.o
                0x0000000000011aaa                doFactoryInstrucion
 .text.doSetAgpsInstruction
                0x0000000000011aee      0x12c ./Task/app_instructioncmd.o
                0x0000000000011aee                doSetAgpsInstruction
 .text.doBFInstruction
                0x0000000000011c1a       0x2a ./Task/app_instructioncmd.o
                0x0000000000011c1a                doBFInstruction
 .text.doCFInstruction
                0x0000000000011c44       0x28 ./Task/app_instructioncmd.o
                0x0000000000011c44                doCFInstruction
 .text.doProtectVolInstrucion
                0x0000000000011c6c       0x88 ./Task/app_instructioncmd.o
                0x0000000000011c6c                doProtectVolInstrucion
 .text.doTimerInstrucion
                0x0000000000011cf4       0xa4 ./Task/app_instructioncmd.o
                0x0000000000011cf4                doTimerInstrucion
 .text.doSOSInstruction
                0x0000000000011d98      0x206 ./Task/app_instructioncmd.o
                0x0000000000011d98                doSOSInstruction
 .text.doCenterInstruction
                0x0000000000011f9e      0x19a ./Task/app_instructioncmd.o
                0x0000000000011f9e                doCenterInstruction
 .text.doSosAlmInstruction
                0x0000000000012138      0x104 ./Task/app_instructioncmd.o
                0x0000000000012138                doSosAlmInstruction
 .text.instructionParser
                0x000000000001223c     0x1076 ./Task/app_instructioncmd.o
                0x000000000001223c                instructionParser
 .text.jt808GetSerial
                0x00000000000132b2       0x12 ./Task/app_jt808.o
 .text.jt808PackMessageTail
                0x00000000000132c4       0x54 ./Task/app_jt808.o
 .text.byteToBcd
                0x0000000000013318       0x1c ./Task/app_jt808.o
 .text.jt808gpsRestoreChange
                0x0000000000013334       0xee ./Task/app_jt808.o
 .text.jt808Escape
                0x0000000000013422       0xea ./Task/app_jt808.o
 .text.jt808UpdateStatus.part.3
                0x000000000001350c       0x10 ./Task/app_jt808.o
 .text.jt808PackGpsinfo
                0x000000000001351c      0x1f2 ./Task/app_jt808.o
 .text.jt808PositionInfo.constprop.13
                0x000000000001370e      0x1fe ./Task/app_jt808.o
 .text.jt808PackMessageHead.constprop.17
                0x000000000001390c       0x4a ./Task/app_jt808.o
 .text.jt808TerminalPosition.constprop.12
                0x0000000000013956       0xae ./Task/app_jt808.o
 .text.jt808CreateSn
                0x0000000000013a04       0x56 ./Task/app_jt808.o
                0x0000000000013a04                jt808CreateSn
 .text.jt808UpdateStatus
                0x0000000000013a5a       0x16 ./Task/app_jt808.o
                0x0000000000013a5a                jt808UpdateStatus
 .text.jt808UpdateAlarm
                0x0000000000013a70       0x18 ./Task/app_jt808.o
                0x0000000000013a70                jt808UpdateAlarm
 .text.jt808RegisterTcpSend
                0x0000000000013a88        0x6 ./Task/app_jt808.o
                0x0000000000013a88                jt808RegisterTcpSend
 .text.jt808RegisterLoginInfo
                0x0000000000013a8e       0x64 ./Task/app_jt808.o
                0x0000000000013a8e                jt808RegisterLoginInfo
 .text.jt808RegisterManufactureId
                0x0000000000013af2       0x16 ./Task/app_jt808.o
                0x0000000000013af2                jt808RegisterManufactureId
 .text.jt808RegisterTerminalType
                0x0000000000013b08       0x16 ./Task/app_jt808.o
                0x0000000000013b08                jt808RegisterTerminalType
 .text.jt808RegisterTerminalId
                0x0000000000013b1e       0x16 ./Task/app_jt808.o
                0x0000000000013b1e                jt808RegisterTerminalId
 .text.jt808TcpSend
                0x0000000000013b34       0x22 ./Task/app_jt808.o
                0x0000000000013b34                jt808TcpSend
 .text.jt808BatchUpload.constprop.7
                0x0000000000013b56      0x10c ./Task/app_jt808.o
 .text.jt808TranmissionData.constprop.8
                0x0000000000013c62       0xca ./Task/app_jt808.o
 .text.jt808gpsRestoreDataSend
                0x0000000000013d2c       0x24 ./Task/app_jt808.o
                0x0000000000013d2c                jt808gpsRestoreDataSend
 .text.jt808SendToServer
                0x0000000000013d50      0x4ae ./Task/app_jt808.o
                0x0000000000013d50                jt808SendToServer
 .text.jt808MessageSend
                0x00000000000141fe       0x1a ./Task/app_jt808.o
                0x00000000000141fe                jt808MessageSend
 .text.jt808ReceiveParser
                0x0000000000014218      0x3d0 ./Task/app_jt808.o
                0x0000000000014218                jt808ReceiveParser
 .text.systemTickInc
                0x00000000000145e8        0xc ./Task/app_kernal.o
                0x00000000000145e8                systemTickInc
 .text.startTimer
                0x00000000000145f4      0x106 ./Task/app_kernal.o
                0x00000000000145f4                startTimer
 .text.stopTimer
                0x00000000000146fa       0x76 ./Task/app_kernal.o
                0x00000000000146fa                stopTimer
 .text.kernalRun
                0x0000000000014770       0xbe ./Task/app_kernal.o
                0x0000000000014770                kernalRun
 .text.systemTaskSuspend
                0x000000000001482e       0x2c ./Task/app_kernal.o
                0x000000000001482e                systemTaskSuspend
 .text.systemTaskResume
                0x000000000001485a       0x2e ./Task/app_kernal.o
                0x000000000001485a                systemTaskResume
 .text.createSystemTask
                0x0000000000014888        0xc ./Task/app_kernal.o
                0x0000000000014888                createSystemTask
 .text.mir3da_register_read
                0x0000000000014894       0x24 ./Task/app_mir3da.o
                0x0000000000014894                mir3da_register_read
 .text.mir3da_register_write
                0x00000000000148b8       0x22 ./Task/app_mir3da.o
                0x00000000000148b8                mir3da_register_write
 .text.mir3da_init
                0x00000000000148da      0x10c ./Task/app_mir3da.o
                0x00000000000148da                mir3da_init
 .text.mir3da_set_enable
                0x00000000000149e6       0x10 ./Task/app_mir3da.o
                0x00000000000149e6                mir3da_set_enable
 .text.mir3da_open_interrupt
                0x00000000000149f6       0x34 ./Task/app_mir3da.o
                0x00000000000149f6                mir3da_open_interrupt
 .text.read_gsensor_id
                0x0000000000014a2a       0x80 ./Task/app_mir3da.o
                0x0000000000014a2a                read_gsensor_id
 .text.readInterruptConfig
                0x0000000000014aaa       0x50 ./Task/app_mir3da.o
                0x0000000000014aaa                readInterruptConfig
 .text.modulePowerOffProcess
                0x0000000000014afa       0x2a ./Task/app_net.o
 .text.modulePressPowerKey
                0x0000000000014b24       0x20 ./Task/app_net.o
 .text.modulePressReleaseKey
                0x0000000000014b44       0x2e ./Task/app_net.o
 .text.moduleInit
                0x0000000000014b72        0xe ./Task/app_net.o
 .text.modulePowerOn
                0x0000000000014b80       0x82 ./Task/app_net.o
                0x0000000000014b80                modulePowerOn
 .text.changeProcess
                0x0000000000014c02       0x14 ./Task/app_net.o
 .text.createNode
                0x0000000000014c16       0xca ./Task/app_net.o
                0x0000000000014c16                createNode
 .text.outputNode
                0x0000000000014ce0      0x112 ./Task/app_net.o
                0x0000000000014ce0                outputNode
 .text.sendModuleCmd
                0x0000000000014df2       0xd8 ./Task/app_net.o
                0x0000000000014df2                sendModuleCmd
 .text.moduleExitFly
                0x0000000000014eca        0xe ./Task/app_net.o
 .text.qirdCmdSend
                0x0000000000014ed8       0x2e ./Task/app_net.o
 .text.sendModuleDirect
                0x0000000000014f06       0x20 ./Task/app_net.o
                0x0000000000014f06                sendModuleDirect
 .text.modulePowerOff
                0x0000000000014f26       0x72 ./Task/app_net.o
                0x0000000000014f26                modulePowerOff
 .text.moduleReset
                0x0000000000014f98       0x3e ./Task/app_net.o
                0x0000000000014f98                moduleReset
 .text.openSocket
                0x0000000000014fd6       0x30 ./Task/app_net.o
                0x0000000000014fd6                openSocket
 .text.closeSocket
                0x0000000000015006       0x2c ./Task/app_net.o
                0x0000000000015006                closeSocket
 .text.netConnectTask
                0x0000000000015032      0x3f4 ./Task/app_net.o
                0x0000000000015032                netConnectTask
 .text.cbcParser
                0x0000000000015426       0x94 ./Task/app_net.o
                0x0000000000015426                cbcParser
 .text.cmtParser
                0x00000000000154ba       0xf2 ./Task/app_net.o
                0x00000000000154ba                cmtParser
 .text.cipstartRspParser
                0x00000000000155ac      0x180 ./Task/app_net.o
                0x00000000000155ac                cipstartRspParser
 .text.cipstartParser
                0x000000000001572c       0x42 ./Task/app_net.o
                0x000000000001572c                cipstartParser
 .text.isAgpsDataRecvComplete
                0x000000000001576e        0xc ./Task/app_net.o
                0x000000000001576e                isAgpsDataRecvComplete
 .text.ciprxgetParser
                0x000000000001577a      0x26c ./Task/app_net.o
                0x000000000001577a                ciprxgetParser
 .text.cipackParser
                0x00000000000159e6       0xd4 ./Task/app_net.o
                0x00000000000159e6                cipackParser
 .text.cipsendParser
                0x0000000000015aba       0x38 ./Task/app_net.o
                0x0000000000015aba                cipsendParser
 .text.cipstatusParser
                0x0000000000015af2      0x114 ./Task/app_net.o
                0x0000000000015af2                cipstatusParser
 .text.moduleRecvParser
                0x0000000000015c06      0x9d0 ./Task/app_net.o
                0x0000000000015c06                moduleRecvParser
 .text.netResetCsqSearch
                0x00000000000165d6        0xa ./Task/app_net.o
                0x00000000000165d6                netResetCsqSearch
 .text.socketSendData
                0x00000000000165e0       0x62 ./Task/app_net.o
                0x00000000000165e0                socketSendData
 .text.moduleSleepCtl
                0x0000000000016642       0x30 ./Task/app_net.o
                0x0000000000016642                moduleSleepCtl
 .text.moduleGetCsq
                0x0000000000016672        0x8 ./Task/app_net.o
                0x0000000000016672                moduleGetCsq
 .text.moduleGetLbs
                0x000000000001667a       0x24 ./Task/app_net.o
                0x000000000001667a                moduleGetLbs
 .text.moduleGetWifiScan
                0x000000000001669e       0x1a ./Task/app_net.o
                0x000000000001669e                moduleGetWifiScan
 .text.sendMessage
                0x00000000000166b8       0x54 ./Task/app_net.o
                0x00000000000166b8                sendMessage
 .text.deleteMessage
                0x000000000001670c        0xe ./Task/app_net.o
                0x000000000001670c                deleteMessage
 .text.querySendData
                0x000000000001671a       0x24 ./Task/app_net.o
                0x000000000001671a                querySendData
 .text.queryBatVoltage
                0x000000000001673e       0x1a ./Task/app_net.o
                0x000000000001673e                queryBatVoltage
 .text.getModuleRssi
                0x0000000000016758        0x6 ./Task/app_net.o
                0x0000000000016758                getModuleRssi
 .text.getModuleIMSI
                0x000000000001675e        0x6 ./Task/app_net.o
                0x000000000001675e                getModuleIMSI
 .text.getModuleIMEI
                0x0000000000016764        0x6 ./Task/app_net.o
                0x0000000000016764                getModuleIMEI
 .text.getModuleICCID
                0x000000000001676a        0x6 ./Task/app_net.o
                0x000000000001676a                getModuleICCID
 .text.getMCC   0x0000000000016770        0x6 ./Task/app_net.o
                0x0000000000016770                getMCC
 .text.getMNC   0x0000000000016776        0x6 ./Task/app_net.o
                0x0000000000016776                getMNC
 .text.getLac   0x000000000001677c        0x6 ./Task/app_net.o
                0x000000000001677c                getLac
 .text.getCid   0x0000000000016782        0xa ./Task/app_net.o
                0x0000000000016782                getCid
 .text.getTcpNack
                0x000000000001678c        0xa ./Task/app_net.o
                0x000000000001678c                getTcpNack
 .text.getQgmr  0x0000000000016796        0x6 ./Task/app_net.o
                0x0000000000016796                getQgmr
 .text.isModuleRunNormal
                0x000000000001679c        0xc ./Task/app_net.o
                0x000000000001679c                isModuleRunNormal
 .text.stopCall
                0x00000000000167a8        0xc ./Task/app_net.o
                0x00000000000167a8                stopCall
 .text.callPhone
                0x00000000000167b4       0x36 ./Task/app_net.o
                0x00000000000167b4                callPhone
 .text.bootParamSaveAll
                0x00000000000167ea       0x40 ./Task/app_param.o
                0x00000000000167ea                bootParamSaveAll
 .text.bootParamGetAll
                0x000000000001682a       0x18 ./Task/app_param.o
                0x000000000001682a                bootParamGetAll
 .text.paramSaveAll
                0x0000000000016842       0x36 ./Task/app_param.o
                0x0000000000016842                paramSaveAll
 .text.paramGetAll
                0x0000000000016878       0x1a ./Task/app_param.o
                0x0000000000016878                paramGetAll
 .text.dynamicParamSaveAll
                0x0000000000016892       0x3c ./Task/app_param.o
                0x0000000000016892                dynamicParamSaveAll
 .text.dynamicParamGetAll
                0x00000000000168ce       0x1c ./Task/app_param.o
                0x00000000000168ce                dynamicParamGetAll
 .text.paramDefaultInit
                0x00000000000168ea      0x298 ./Task/app_param.o
                0x00000000000168ea                paramDefaultInit
 .text.paramInit
                0x0000000000016b82       0x52 ./Task/app_param.o
                0x0000000000016b82                paramInit
 .text.postUartRxData
                0x0000000000016bd4       0x86 ./Task/app_port.o
 .text.portUpdateAlarmTime
                0x0000000000016c5a       0x28 ./Task/app_port.o
 .text.pushUartRxData
                0x0000000000016c82      0x11e ./Task/app_port.o
 .text.iicStart
                0x0000000000016da0       0x44 ./Task/app_port.o
 .text.iicStop  0x0000000000016de4       0x66 ./Task/app_port.o
 .text.pollUartData
                0x0000000000016e4a       0x28 ./Task/app_port.o
                0x0000000000016e4a                pollUartData
 .text.portUartCfg
                0x0000000000016e72      0x33c ./Task/app_port.o
                0x0000000000016e72                portUartCfg
 .text.portUartSend
                0x00000000000171ae       0x1c ./Task/app_port.o
                0x00000000000171ae                portUartSend
 .text.portModuleGpioCfg
                0x00000000000171ca       0x5a ./Task/app_port.o
                0x00000000000171ca                portModuleGpioCfg
 .text.portLedGpioCfg
                0x0000000000017224       0x24 ./Task/app_port.o
                0x0000000000017224                portLedGpioCfg
 .text.portGpsGpioCfg
                0x0000000000017248       0x22 ./Task/app_port.o
                0x0000000000017248                portGpsGpioCfg
 .text.portGpioSetDefCfg
                0x000000000001726a       0x18 ./Task/app_port.o
                0x000000000001726a                portGpioSetDefCfg
 .text.portSysReset
                0x0000000000017282       0x22 ./Task/app_port.o
                0x0000000000017282                portSysReset
 .text.portGsensorPwrCtl
                0x00000000000172a4       0x42 ./Task/app_port.o
                0x00000000000172a4                portGsensorPwrCtl
 .text.portIICCfg
                0x00000000000172e6       0x18 ./Task/app_port.o
                0x00000000000172e6                portIICCfg
 .text.sdaReadInput
                0x00000000000172fe       0x1e ./Task/app_port.o
                0x00000000000172fe                sdaReadInput
 .text.iicSendOneByte
                0x000000000001731c       0xec ./Task/app_port.o
 .text.iicReadOneByte
                0x0000000000017408      0x10c ./Task/app_port.o
 .text.iicReadData
                0x0000000000017514       0x78 ./Task/app_port.o
                0x0000000000017514                iicReadData
 .text.iicWriteData
                0x000000000001758c       0x3a ./Task/app_port.o
                0x000000000001758c                iicWriteData
 .text.portGsensorCtl
                0x00000000000175c6       0xbc ./Task/app_port.o
                0x00000000000175c6                portGsensorCtl
 .text.portGetRtcDateTime
                0x0000000000017682       0x74 ./Task/app_port.o
                0x0000000000017682                portGetRtcDateTime
 .text.portUpdateRtcDateTime
                0x00000000000176f6       0xfa ./Task/app_port.o
                0x00000000000176f6                portUpdateRtcDateTime
 .text.portSetNextAlarmTime
                0x00000000000177f0      0x102 ./Task/app_port.o
                0x00000000000177f0                portSetNextAlarmTime
 .text.portAdcCfg
                0x00000000000178f2        0xa ./Task/app_port.o
                0x00000000000178f2                portAdcCfg
 .text.portGetAdcVol
                0x00000000000178fc       0xaa ./Task/app_port.o
                0x00000000000178fc                portGetAdcVol
 .text.portSleepEn
                0x00000000000179a6        0x6 ./Task/app_port.o
                0x00000000000179a6                portSleepEn
 .text.portSleepDn
                0x00000000000179ac        0x6 ./Task/app_port.o
                0x00000000000179ac                portSleepDn
 .text.portGetSleepState
                0x00000000000179b2       0x1c ./Task/app_port.o
                0x00000000000179b2                portGetSleepState
 .text.portWdtCfg
                0x00000000000179ce        0xe ./Task/app_port.o
                0x00000000000179ce                portWdtCfg
 .text.portWdtFeed
                0x00000000000179dc        0xa ./Task/app_port.o
                0x00000000000179dc                portWdtFeed
 .text.createProtocolTail_7979
                0x00000000000179e6       0x68 ./Task/app_protocol.o
 .text.sendTcpDataDebugShow
                0x0000000000017a4e       0x7c ./Task/app_protocol.o
 .text.createProtocolTail
                0x0000000000017aca       0x64 ./Task/app_protocol.o
 .text.createProtocol01
                0x0000000000017b2e       0xd6 ./Task/app_protocol.o
                0x0000000000017b2e                createProtocol01
 .text.createProtocol12
                0x0000000000017c04      0x33e ./Task/app_protocol.o
                0x0000000000017c04                createProtocol12
 .text.getBatteryLevel
                0x0000000000017f42      0x138 ./Task/app_protocol.o
                0x0000000000017f42                getBatteryLevel
 .text.createProtocol13
                0x000000000001807a      0x108 ./Task/app_protocol.o
                0x000000000001807a                createProtocol13
 .text.createProtocol21
                0x0000000000018182       0x6e ./Task/app_protocol.o
                0x0000000000018182                createProtocol21
 .text.createProtocol16
                0x00000000000181f0      0x2a0 ./Task/app_protocol.o
                0x00000000000181f0                createProtocol16
 .text.createProtocol19
                0x0000000000018490       0xfc ./Task/app_protocol.o
                0x0000000000018490                createProtocol19
 .text.createProtocol8A
                0x000000000001858c       0x36 ./Task/app_protocol.o
                0x000000000001858c                createProtocol8A
 .text.createProtocolSerial
                0x00000000000185c2       0x12 ./Task/app_protocol.o
                0x00000000000185c2                createProtocolSerial
 .text.gpsRestoreDataSend
                0x00000000000185d4      0x10a ./Task/app_protocol.o
                0x00000000000185d4                gpsRestoreDataSend
 .text.createProtocol61
                0x00000000000186de       0xb2 ./Task/app_protocol.o
                0x00000000000186de                createProtocol61
 .text.createProtocol62
                0x0000000000018790       0x8e ./Task/app_protocol.o
                0x0000000000018790                createProtocol62
 .text.createProtocolF3
                0x000000000001881e      0x10c ./Task/app_protocol.o
                0x000000000001881e                createProtocolF3
 .text.createProtocolF1
                0x000000000001892a       0x70 ./Task/app_protocol.o
                0x000000000001892a                createProtocolF1
 .text.gpsRestoreSave
                0x000000000001899a       0x50 ./Task/app_protocol.o
                0x000000000001899a                gpsRestoreSave
 .text.gpsRestoreUpload
                0x00000000000189ea       0xd8 ./Task/app_protocol.o
                0x00000000000189ea                gpsRestoreUpload
 .text.protocolSend
                0x0000000000018ac2      0x194 ./Task/app_protocol.o
                0x0000000000018ac2                protocolSend
 .text.save123InstructionId
                0x0000000000018c56        0xc ./Task/app_protocol.o
                0x0000000000018c56                save123InstructionId
 .text.reCover123InstructionId
                0x0000000000018c62        0xc ./Task/app_protocol.o
                0x0000000000018c62                reCover123InstructionId
 .text.getInsid
                0x0000000000018c6e        0xc ./Task/app_protocol.o
                0x0000000000018c6e                getInsid
 .text.protoclparase80.isra.4
                0x0000000000018c7a       0xae ./Task/app_protocol.o
 .text.protocolRxParser
                0x0000000000018d28       0xe6 ./Task/app_protocol.o
                0x0000000000018d28                protocolRxParser
 .text.setInsId
                0x0000000000018e0e        0xc ./Task/app_protocol.o
                0x0000000000018e0e                setInsId
 .text.protocolSnRegister
                0x0000000000018e1a       0x2a ./Task/app_protocol.o
                0x0000000000018e1a                protocolSnRegister
 .text.protocolInfoResiter
                0x0000000000018e44       0x14 ./Task/app_protocol.o
                0x0000000000018e44                protocolInfoResiter
 .text.hbtRspTimeOut
                0x0000000000018e58       0x38 ./Task/app_server.o
 .text.moduleRspTimeout
                0x0000000000018e90       0x24 ./Task/app_server.o
 .text.privateServerSocketRecv
                0x0000000000018eb4       0xf4 ./Task/app_server.o
 .text.bleServerSocketRecv
                0x0000000000018fa8       0xf4 ./Task/app_server.o
 .text.hiddenServerSocketRecv
                0x000000000001909c        0xa ./Task/app_server.o
 .text.jt808ServerSocketRecv
                0x00000000000190a6        0x4 ./Task/app_server.o
 .text.jt808ServerSocketSend
                0x00000000000190aa       0x10 ./Task/app_server.o
 .text.agpsSocketRecv
                0x00000000000190ba       0x30 ./Task/app_server.o
 .text.moduleRspSuccess
                0x00000000000190ea       0x30 ./Task/app_server.o
                0x00000000000190ea                moduleRspSuccess
 .text.hbtRspSuccess
                0x000000000001911a       0x30 ./Task/app_server.o
                0x000000000001911a                hbtRspSuccess
 .text.privateServerReconnect
                0x000000000001914a       0x22 ./Task/app_server.o
                0x000000000001914a                privateServerReconnect
 .text.privateServerLoginSuccess
                0x000000000001916c       0x2c ./Task/app_server.o
                0x000000000001916c                privateServerLoginSuccess
 .text.privateServerConnTask
                0x0000000000019198      0x294 ./Task/app_server.o
                0x0000000000019198                privateServerConnTask
 .text.hiddenServerLoginSuccess
                0x000000000001942c       0x12 ./Task/app_server.o
                0x000000000001942c                hiddenServerLoginSuccess
 .text.hiddenServerCloseRequest
                0x000000000001943e       0x22 ./Task/app_server.o
                0x000000000001943e                hiddenServerCloseRequest
 .text.hiddenServerCloseClear
                0x0000000000019460       0x22 ./Task/app_server.o
                0x0000000000019460                hiddenServerCloseClear
 .text.jt808ServerReconnect
                0x0000000000019482       0x22 ./Task/app_server.o
                0x0000000000019482                jt808ServerReconnect
 .text.jt808ServerAuthSuccess
                0x00000000000194a4       0x2a ./Task/app_server.o
                0x00000000000194a4                jt808ServerAuthSuccess
 .text.jt808ServerConnTask
                0x00000000000194ce      0x2fa ./Task/app_server.o
                0x00000000000194ce                jt808ServerConnTask
 .text.bleServerAddInfo
                0x00000000000197c8       0x70 ./Task/app_server.o
                0x00000000000197c8                bleServerAddInfo
 .text.bleSerLoginReady
                0x0000000000019838        0xe ./Task/app_server.o
                0x0000000000019838                bleSerLoginReady
 .text.bleServerConnTask
                0x0000000000019846      0x1e2 ./Task/app_server.o
                0x0000000000019846                bleServerConnTask
 .text.agpsRequestSet
                0x0000000000019a28       0x22 ./Task/app_server.o
                0x0000000000019a28                agpsRequestSet
 .text.agpsRequestClear
                0x0000000000019a4a       0x22 ./Task/app_server.o
                0x0000000000019a4a                agpsRequestClear
 .text.serverManageTask
                0x0000000000019a6c      0x340 ./Task/app_server.o
                0x0000000000019a6c                serverManageTask
 .text.primaryServerIsReady
                0x0000000000019dac       0x48 ./Task/app_server.o
                0x0000000000019dac                primaryServerIsReady
 .text.hiddenServerIsReady
                0x0000000000019df4       0x2a ./Task/app_server.o
                0x0000000000019df4                hiddenServerIsReady
 .text.socketListInit
                0x0000000000019e1e       0x32 ./Task/app_socket.o
                0x0000000000019e1e                socketListInit
 .text.socketAdd
                0x0000000000019e50       0x98 ./Task/app_socket.o
                0x0000000000019e50                socketAdd
 .text.socketDel
                0x0000000000019ee8       0x66 ./Task/app_socket.o
                0x0000000000019ee8                socketDel
 .text.socketDelAll
                0x0000000000019f4e       0x38 ./Task/app_socket.o
                0x0000000000019f4e                socketDelAll
 .text.socketGetUsedFlag
                0x0000000000019f86       0x22 ./Task/app_socket.o
                0x0000000000019f86                socketGetUsedFlag
 .text.socketGetConnStatus
                0x0000000000019fa8       0x22 ./Task/app_socket.o
                0x0000000000019fa8                socketGetConnStatus
 .text.socketSetConnState
                0x0000000000019fca       0x1e ./Task/app_socket.o
                0x0000000000019fca                socketSetConnState
 .text.socketRecv
                0x0000000000019fe8       0x2a ./Task/app_socket.o
                0x0000000000019fe8                socketRecv
 .text.socketSchedule
                0x000000000001a012      0x1c6 ./Task/app_socket.o
                0x000000000001a012                socketSchedule
 .text.asciiToHex
                0x000000000001a1d8       0x40 ./Task/app_sys.o
 .text.GetCrc16
                0x000000000001a218       0x3c ./Task/app_sys.o
                0x000000000001a218                GetCrc16
 .text.LogMessage
                0x000000000001a254       0xa6 ./Task/app_sys.o
                0x000000000001a254                LogMessage
 .text.LogMessageWL
                0x000000000001a2fa       0xa6 ./Task/app_sys.o
                0x000000000001a2fa                LogMessageWL
 .text.LogPrintf
                0x000000000001a3a0       0x5e ./Task/app_sys.o
                0x000000000001a3a0                LogPrintf
 .text.LogWL    0x000000000001a3fe       0x16 ./Task/app_sys.o
                0x000000000001a3fe                LogWL
 .text.mycmdPatch
                0x000000000001a414       0x64 ./Task/app_sys.o
                0x000000000001a414                mycmdPatch
 .text.getCharIndex
                0x000000000001a478       0x1c ./Task/app_sys.o
                0x000000000001a478                getCharIndex
 .text.my_strpach
                0x000000000001a494       0x4c ./Task/app_sys.o
                0x000000000001a494                my_strpach
 .text.my_getstrindex
                0x000000000001a4e0       0x6e ./Task/app_sys.o
                0x000000000001a4e0                my_getstrindex
 .text.my_strstr
                0x000000000001a54e       0x50 ./Task/app_sys.o
                0x000000000001a54e                my_strstr
 .text.distinguishOK
                0x000000000001a59e       0x1a ./Task/app_sys.o
                0x000000000001a59e                distinguishOK
 .text.getCharIndexWithNum
                0x000000000001a5b8       0x2c ./Task/app_sys.o
                0x000000000001a5b8                getCharIndexWithNum
 .text.byteToHexString
                0x000000000001a5e4       0x48 ./Task/app_sys.o
                0x000000000001a5e4                byteToHexString
 .text.changeHexStringToByteArray
                0x000000000001a62c       0x64 ./Task/app_sys.o
                0x000000000001a62c                changeHexStringToByteArray
 .text.changeHexStringToByteArray_10in
                0x000000000001a690       0x6c ./Task/app_sys.o
                0x000000000001a690                changeHexStringToByteArray_10in
 .text.stringToItem
                0x000000000001a6fc       0xe6 ./Task/app_sys.o
                0x000000000001a6fc                stringToItem
 .text.strToUppper
                0x000000000001a7e2       0x2c ./Task/app_sys.o
                0x000000000001a7e2                strToUppper
 .text.updateRTCtimeRequest
                0x000000000001a80e       0x14 ./Task/app_sys.o
                0x000000000001a80e                updateRTCtimeRequest
 .text.stringToLowwer
                0x000000000001a822       0x30 ./Task/app_sys.o
                0x000000000001a822                stringToLowwer
 .text.gsensorRepair
                0x000000000001a852       0x1c ./Task/app_task.o
 .text.changeGPSBaudRate
                0x000000000001a86e       0x62 ./Task/app_task.o
 .text.gpsCfg   0x000000000001a8d0       0x3c ./Task/app_task.o
 .text.gpsUartRead
                0x000000000001a90c       0xf8 ./Task/app_task.o
 .text.doDebugRecvPoll
                0x000000000001aa04       0x96 ./Task/app_task.o
                0x000000000001aa04                doDebugRecvPoll
 .text.modeShutDownQuickly
                0x000000000001aa9a       0x5e ./Task/app_task.o
 .text.sendLbs  0x000000000001aaf8       0x50 ./Task/app_task.o
 .text.sysRunTimeCnt
                0x000000000001ab48       0x32 ./Task/app_task.o
 .text.myTaskEventProcess
                0x000000000001ab7a       0x56 ./Task/app_task.o
 .text.ledTask  0x000000000001abd0       0xb0 ./Task/app_task.o
 .text.terminalDefense
                0x000000000001ac80       0x16 ./Task/app_task.o
                0x000000000001ac80                terminalDefense
 .text.terminalDisarm
                0x000000000001ac96       0x14 ./Task/app_task.o
                0x000000000001ac96                terminalDisarm
 .text.getTerminalAccState
                0x000000000001acaa        0xc ./Task/app_task.o
                0x000000000001acaa                getTerminalAccState
 .text.terminalAccon
                0x000000000001acb6       0x1c ./Task/app_task.o
                0x000000000001acb6                terminalAccon
 .text.terminalAccoff
                0x000000000001acd2       0x1a ./Task/app_task.o
                0x000000000001acd2                terminalAccoff
 .text.terminalCharge
                0x000000000001acec       0x16 ./Task/app_task.o
                0x000000000001acec                terminalCharge
 .text.terminalunCharge
                0x000000000001ad02       0x14 ./Task/app_task.o
                0x000000000001ad02                terminalunCharge
 .text.getTerminalChargeState
                0x000000000001ad16        0xc ./Task/app_task.o
                0x000000000001ad16                getTerminalChargeState
 .text.terminalAlarmSet
                0x000000000001ad22       0x1a ./Task/app_task.o
                0x000000000001ad22                terminalAlarmSet
 .text.terminalGPSUnFixed
                0x000000000001ad3c       0x16 ./Task/app_task.o
                0x000000000001ad3c                terminalGPSUnFixed
 .text.ledStatusUpdate
                0x000000000001ad52       0x68 ./Task/app_task.o
                0x000000000001ad52                ledStatusUpdate
 .text.gpsRequestSet
                0x000000000001adba       0x56 ./Task/app_task.o
                0x000000000001adba                gpsRequestSet
 .text.gpsRequestClear
                0x000000000001ae10       0x32 ./Task/app_task.o
                0x000000000001ae10                gpsRequestClear
 .text.motionStateUpdate
                0x000000000001ae42      0x13c ./Task/app_task.o
 .text.gpsRequestGet
                0x000000000001af7e        0xe ./Task/app_task.o
                0x000000000001af7e                gpsRequestGet
 .text.gpsRequestOtherGet
                0x000000000001af8c       0x16 ./Task/app_task.o
                0x000000000001af8c                gpsRequestOtherGet
 .text.alarmRequestSet
                0x000000000001afa2       0x32 ./Task/app_task.o
                0x000000000001afa2                alarmRequestSet
 .text.alarmRequestClear
                0x000000000001afd4       0x36 ./Task/app_task.o
                0x000000000001afd4                alarmRequestClear
 .text.alarmRequestTask
                0x000000000001b00a      0x34e ./Task/app_task.o
                0x000000000001b00a                alarmRequestTask
 .text.motionOccur
                0x000000000001b358       0x14 ./Task/app_task.o
                0x000000000001b358                motionOccur
 .text.motionGetSize
                0x000000000001b36c        0x6 ./Task/app_task.o
                0x000000000001b36c                motionGetSize
 .text.modeTryToStop
                0x000000000001b372       0x14 ./Task/app_task.o
                0x000000000001b372                modeTryToStop
 .text.isModeRun
                0x000000000001b386       0x10 ./Task/app_task.o
                0x000000000001b386                isModeRun
 .text.lbsRequestSet
                0x000000000001b396       0x20 ./Task/app_task.o
                0x000000000001b396                lbsRequestSet
 .text.wifiRequestSet
                0x000000000001b3b6       0x20 ./Task/app_task.o
                0x000000000001b3b6                wifiRequestSet
 .text.wakeUpByInt
                0x000000000001b3d6       0x20 ./Task/app_task.o
                0x000000000001b3d6                wakeUpByInt
 .text.autoSleepTask
                0x000000000001b3f6       0xa6 ./Task/app_task.o
                0x000000000001b3f6                autoSleepTask
 .text.relayAutoCtrlTask
                0x000000000001b49c       0x82 ./Task/app_task.o
                0x000000000001b49c                relayAutoCtrlTask
 .text.taskRunInSecond
                0x000000000001b51e      0xca6 ./Task/app_task.o
                0x000000000001b51e                taskRunInSecond
 .text.myTaskPreInit
                0x000000000001c1c4       0x9e ./Task/app_task.o
                0x000000000001c1c4                myTaskPreInit
 .text.myTaskInit
                0x000000000001c262       0x74 ./Task/app_task.o
                0x000000000001c262                myTaskInit
 .text.ADC_ExtSingleChSampInit
                0x000000000001c2d6       0x24 ./StdPeriphDriver/CH58x_adc.o
                0x000000000001c2d6                ADC_ExtSingleChSampInit
 .text.ADC_InterTSSampInit
                0x000000000001c2fa       0x28 ./StdPeriphDriver/CH58x_adc.o
                0x000000000001c2fa                ADC_InterTSSampInit
 .text.ADC_ExcutSingleConver
                0x000000000001c322       0x20 ./StdPeriphDriver/CH58x_adc.o
                0x000000000001c322                ADC_ExcutSingleConver
 .text.HSECFG_Current
                0x000000000001c342       0x2e ./StdPeriphDriver/CH58x_clk.o
                0x000000000001c342                HSECFG_Current
 .text.RTC_InitTime
                0x000000000001c370      0x18e ./StdPeriphDriver/CH58x_clk.o
                0x000000000001c370                RTC_InitTime
 .text.RTC_GetTime
                0x000000000001c4fe      0x15c ./StdPeriphDriver/CH58x_clk.o
                0x000000000001c4fe                RTC_GetTime
 .text.RTC_GetCycle32k
                0x000000000001c65a       0x18 ./StdPeriphDriver/CH58x_clk.o
                0x000000000001c65a                RTC_GetCycle32k
 .text.Calibration_LSI
                0x000000000001c672      0x4e2 ./StdPeriphDriver/CH58x_clk.o
                0x000000000001c672                Calibration_LSI
 .text.GPIOA_ModeCfg
                0x000000000001cb54       0xa6 ./StdPeriphDriver/CH58x_gpio.o
                0x000000000001cb54                GPIOA_ModeCfg
 .text.GPIOB_ModeCfg
                0x000000000001cbfa       0xa6 ./StdPeriphDriver/CH58x_gpio.o
                0x000000000001cbfa                GPIOB_ModeCfg
 .text.GPIOA_ITModeCfg
                0x000000000001cca0       0x82 ./StdPeriphDriver/CH58x_gpio.o
                0x000000000001cca0                GPIOA_ITModeCfg
 .text.GPIOB_ITModeCfg
                0x000000000001cd22       0x8a ./StdPeriphDriver/CH58x_gpio.o
                0x000000000001cd22                GPIOB_ITModeCfg
 .text.GPIOPinRemap
                0x000000000001cdac       0x1a ./StdPeriphDriver/CH58x_gpio.o
                0x000000000001cdac                GPIOPinRemap
 .text.GetSysClock
                0x000000000001cdc6       0x42 ./StdPeriphDriver/CH58x_sys.o
                0x000000000001cdc6                GetSysClock
 .text.SYS_DisableAllIrq
                0x000000000001ce08       0x1c ./StdPeriphDriver/CH58x_sys.o
                0x000000000001ce08                SYS_DisableAllIrq
 .text.SYS_RecoverIrq
                0x000000000001ce24       0x14 ./StdPeriphDriver/CH58x_sys.o
                0x000000000001ce24                SYS_RecoverIrq
 .text.SYS_GetSysTickCnt
                0x000000000001ce38        0xa ./StdPeriphDriver/CH58x_sys.o
                0x000000000001ce38                SYS_GetSysTickCnt
 .text.WWDG_ResetCfg
                0x000000000001ce42       0x38 ./StdPeriphDriver/CH58x_sys.o
                0x000000000001ce42                WWDG_ResetCfg
 .text.UART0_BaudRateCfg
                0x000000000001ce7a       0x32 ./StdPeriphDriver/CH58x_uart0.o
                0x000000000001ce7a                UART0_BaudRateCfg
 .text.UART0_DefInit
                0x000000000001ceac       0x34 ./StdPeriphDriver/CH58x_uart0.o
                0x000000000001ceac                UART0_DefInit
 .text.UART0_ByteTrigCfg
                0x000000000001cee0       0x1a ./StdPeriphDriver/CH58x_uart0.o
                0x000000000001cee0                UART0_ByteTrigCfg
 .text.UART0_INTCfg
                0x000000000001cefa       0x2a ./StdPeriphDriver/CH58x_uart0.o
                0x000000000001cefa                UART0_INTCfg
 .text.UART0_Reset
                0x000000000001cf24        0xe ./StdPeriphDriver/CH58x_uart0.o
                0x000000000001cf24                UART0_Reset
 .text.UART0_SendString
                0x000000000001cf32       0x3a ./StdPeriphDriver/CH58x_uart0.o
                0x000000000001cf32                UART0_SendString
 .text.UART0_RecvString
                0x000000000001cf6c       0x2a ./StdPeriphDriver/CH58x_uart0.o
                0x000000000001cf6c                UART0_RecvString
 .text.UART1_BaudRateCfg
                0x000000000001cf96       0x32 ./StdPeriphDriver/CH58x_uart1.o
                0x000000000001cf96                UART1_BaudRateCfg
 .text.UART1_DefInit
                0x000000000001cfc8       0x34 ./StdPeriphDriver/CH58x_uart1.o
                0x000000000001cfc8                UART1_DefInit
 .text.UART1_ByteTrigCfg
                0x000000000001cffc       0x1a ./StdPeriphDriver/CH58x_uart1.o
                0x000000000001cffc                UART1_ByteTrigCfg
 .text.UART1_INTCfg
                0x000000000001d016       0x2a ./StdPeriphDriver/CH58x_uart1.o
                0x000000000001d016                UART1_INTCfg
 .text.UART1_Reset
                0x000000000001d040        0xe ./StdPeriphDriver/CH58x_uart1.o
                0x000000000001d040                UART1_Reset
 .text.UART1_SendString
                0x000000000001d04e       0x3a ./StdPeriphDriver/CH58x_uart1.o
                0x000000000001d04e                UART1_SendString
 .text.UART1_RecvString
                0x000000000001d088       0x2a ./StdPeriphDriver/CH58x_uart1.o
                0x000000000001d088                UART1_RecvString
 .text.UART2_BaudRateCfg
                0x000000000001d0b2       0x32 ./StdPeriphDriver/CH58x_uart2.o
                0x000000000001d0b2                UART2_BaudRateCfg
 .text.UART2_DefInit
                0x000000000001d0e4       0x34 ./StdPeriphDriver/CH58x_uart2.o
                0x000000000001d0e4                UART2_DefInit
 .text.UART2_ByteTrigCfg
                0x000000000001d118       0x1a ./StdPeriphDriver/CH58x_uart2.o
                0x000000000001d118                UART2_ByteTrigCfg
 .text.UART2_INTCfg
                0x000000000001d132       0x2a ./StdPeriphDriver/CH58x_uart2.o
                0x000000000001d132                UART2_INTCfg
 .text.UART2_Reset
                0x000000000001d15c        0xe ./StdPeriphDriver/CH58x_uart2.o
                0x000000000001d15c                UART2_Reset
 .text.UART2_SendString
                0x000000000001d16a       0x3a ./StdPeriphDriver/CH58x_uart2.o
                0x000000000001d16a                UART2_SendString
 .text.UART2_RecvString
                0x000000000001d1a4       0x2a ./StdPeriphDriver/CH58x_uart2.o
                0x000000000001d1a4                UART2_RecvString
 .text.UART3_BaudRateCfg
                0x000000000001d1ce       0x32 ./StdPeriphDriver/CH58x_uart3.o
                0x000000000001d1ce                UART3_BaudRateCfg
 .text.UART3_DefInit
                0x000000000001d200       0x34 ./StdPeriphDriver/CH58x_uart3.o
                0x000000000001d200                UART3_DefInit
 .text.UART3_ByteTrigCfg
                0x000000000001d234       0x1a ./StdPeriphDriver/CH58x_uart3.o
                0x000000000001d234                UART3_ByteTrigCfg
 .text.UART3_INTCfg
                0x000000000001d24e       0x2a ./StdPeriphDriver/CH58x_uart3.o
                0x000000000001d24e                UART3_INTCfg
 .text.UART3_Reset
                0x000000000001d278        0xe ./StdPeriphDriver/CH58x_uart3.o
                0x000000000001d278                UART3_Reset
 .text.UART3_SendString
                0x000000000001d286       0x3a ./StdPeriphDriver/CH58x_uart3.o
                0x000000000001d286                UART3_SendString
 .text.UART3_RecvString
                0x000000000001d2c0       0x2a ./StdPeriphDriver/CH58x_uart3.o
                0x000000000001d2c0                UART3_RecvString
 .text.Lib_Calibration_LSI
                0x000000000001d2ea        0x6 ./HAL/MCU.o
                0x000000000001d2ea                Lib_Calibration_LSI
 .text.Lib_Read_Flash
                0x000000000001d2f0       0x1c ./HAL/MCU.o
                0x000000000001d2f0                Lib_Read_Flash
 .text.Lib_Write_Flash
                0x000000000001d30c       0x42 ./HAL/MCU.o
                0x000000000001d30c                Lib_Write_Flash
 .text.HAL_GetInterTempValue
                0x000000000001d34e       0x72 ./HAL/MCU.o
                0x000000000001d34e                HAL_GetInterTempValue
 .text.HAL_ProcessEvent
                0x000000000001d3c0       0x8a ./HAL/MCU.o
                0x000000000001d3c0                HAL_ProcessEvent
 .text.CH58X_BLEInit
                0x000000000001d44a      0x138 ./HAL/MCU.o
                0x000000000001d44a                CH58X_BLEInit
 .text.HAL_Init
                0x000000000001d582       0x3a ./HAL/MCU.o
                0x000000000001d582                HAL_Init
 .text.RTC_SetTignTime
                0x000000000001d5bc       0x24 ./HAL/RTC.o
                0x000000000001d5bc                RTC_SetTignTime
 .text.HAL_TimeInit
                0x000000000001d5e0       0x3e ./HAL/RTC.o
                0x000000000001d5e0                HAL_TimeInit
 .text.sleepSetState
                0x000000000001d61e        0x6 ./HAL/SLEEP.o
                0x000000000001d61e                sleepSetState
 .text.getSleepState
                0x000000000001d624        0x6 ./HAL/SLEEP.o
                0x000000000001d624                getSleepState
 .text.CH58X_LowPower
                0x000000000001d62a       0x94 ./HAL/SLEEP.o
                0x000000000001d62a                CH58X_LowPower
 .text.HAL_SleepInit
                0x000000000001d6be       0x42 ./HAL/SLEEP.o
                0x000000000001d6be                HAL_SleepInit
 .text.startup.main
                0x000000000001d700       0x20 ./APP/app_main.o
                0x000000000001d700                main
 .text.appPeripheralGapRolesRssiRead
                0x000000000001d720       0x12 ./APP/app_peripheral.o
 .text.appPeripheralGapRolesParamUpdate
                0x000000000001d732       0xac ./APP/app_peripheral.o
 .text.appReadAttrCB
                0x000000000001d7de       0x82 ./APP/app_peripheral.o
 .text.appPeripheralGapRolesStateNotify
                0x000000000001d860      0x282 ./APP/app_peripheral.o
 .text.appHandleConnStatusCB
                0x000000000001dae2       0x50 ./APP/app_peripheral.o
 .text.appSendNotifyData
                0x000000000001db32       0x98 ./APP/app_peripheral.o
                0x000000000001db32                appSendNotifyData
 .text.bleRecvParser
                0x000000000001dbca      0x136 ./APP/app_peripheral.o
                0x000000000001dbca                bleRecvParser
 .text.appWriteAttrCB
                0x000000000001dd00       0xce ./APP/app_peripheral.o
 .text.appPeripheralBroadcastInfoCfg
                0x000000000001ddce       0x60 ./APP/app_peripheral.o
                0x000000000001ddce                appPeripheralBroadcastInfoCfg
 .text.appPeripheralCancel
                0x000000000001de2e       0x28 ./APP/app_peripheral.o
                0x000000000001de2e                appPeripheralCancel
 .text.appPeripheralInit
                0x000000000001de56      0x17e ./APP/app_peripheral.o
                0x000000000001de56                appPeripheralInit
 .text.appLocalNotifyAutoCtl
                0x000000000001dfd4       0x2e ./APP/app_peripheral.o
                0x000000000001dfd4                appLocalNotifyAutoCtl
 .text.appPeripheralEventProcess
                0x000000000001e002      0x2dc ./APP/app_peripheral.o
 .text.appPeripheralParamCallback
                0x000000000001e2de        0xa ./APP/app_peripheral.o
                0x000000000001e2de                appPeripheralParamCallback
 .text.cos      0x000000000001e2e8       0x92 d:/软件工具/mounriver_studio_setup_v142/mounriver_studio/toolchain/risc-v embedded gcc/bin/../lib/gcc/riscv-none-embed/8.2.0/../../../../riscv-none-embed/lib/rv32imac/ilp32\libm.a(lib_a-s_cos.o)
                0x000000000001e2e8                cos
 .text.sin      0x000000000001e37a       0x94 d:/软件工具/mounriver_studio_setup_v142/mounriver_studio/toolchain/risc-v embedded gcc/bin/../lib/gcc/riscv-none-embed/8.2.0/../../../../riscv-none-embed/lib/rv32imac/ilp32\libm.a(lib_a-s_sin.o)
                0x000000000001e37a                sin
 .text.asin     0x000000000001e40e       0xbe d:/软件工具/mounriver_studio_setup_v142/mounriver_studio/toolchain/risc-v embedded gcc/bin/../lib/gcc/riscv-none-embed/8.2.0/../../../../riscv-none-embed/lib/rv32imac/ilp32\libm.a(lib_a-w_asin.o)
                0x000000000001e40e                asin
 .text.pow      0x000000000001e4cc      0x326 d:/软件工具/mounriver_studio_setup_v142/mounriver_studio/toolchain/risc-v embedded gcc/bin/../lib/gcc/riscv-none-embed/8.2.0/../../../../riscv-none-embed/lib/rv32imac/ilp32\libm.a(lib_a-w_pow.o)
                0x000000000001e4cc                pow
 .text.sqrt     0x000000000001e7f2       0xba d:/软件工具/mounriver_studio_setup_v142/mounriver_studio/toolchain/risc-v embedded gcc/bin/../lib/gcc/riscv-none-embed/8.2.0/../../../../riscv-none-embed/lib/rv32imac/ilp32\libm.a(lib_a-w_sqrt.o)
                0x000000000001e7f2                sqrt
 .text.__ieee754_asin
                0x000000000001e8ac      0x468 d:/软件工具/mounriver_studio_setup_v142/mounriver_studio/toolchain/risc-v embedded gcc/bin/../lib/gcc/riscv-none-embed/8.2.0/../../../../riscv-none-embed/lib/rv32imac/ilp32\libm.a(lib_a-e_asin.o)
                0x000000000001e8ac                __ieee754_asin
 .text.__ieee754_pow
                0x000000000001ed14      0xad8 d:/软件工具/mounriver_studio_setup_v142/mounriver_studio/toolchain/risc-v embedded gcc/bin/../lib/gcc/riscv-none-embed/8.2.0/../../../../riscv-none-embed/lib/rv32imac/ilp32\libm.a(lib_a-e_pow.o)
                0x000000000001ed14                __ieee754_pow
 .text.__ieee754_rem_pio2
                0x000000000001f7ec      0x466 d:/软件工具/mounriver_studio_setup_v142/mounriver_studio/toolchain/risc-v embedded gcc/bin/../lib/gcc/riscv-none-embed/8.2.0/../../../../riscv-none-embed/lib/rv32imac/ilp32\libm.a(lib_a-e_rem_pio2.o)
                0x000000000001f7ec                __ieee754_rem_pio2
 .text.__ieee754_sqrt
                0x000000000001fc52      0x1d6 d:/软件工具/mounriver_studio_setup_v142/mounriver_studio/toolchain/risc-v embedded gcc/bin/../lib/gcc/riscv-none-embed/8.2.0/../../../../riscv-none-embed/lib/rv32imac/ilp32\libm.a(lib_a-e_sqrt.o)
                0x000000000001fc52                __ieee754_sqrt
 .text.__kernel_cos
                0x000000000001fe28      0x2b8 d:/软件工具/mounriver_studio_setup_v142/mounriver_studio/toolchain/risc-v embedded gcc/bin/../lib/gcc/riscv-none-embed/8.2.0/../../../../riscv-none-embed/lib/rv32imac/ilp32\libm.a(lib_a-k_cos.o)
                0x000000000001fe28                __kernel_cos
 .text.__kernel_rem_pio2
                0x00000000000200e0      0x952 d:/软件工具/mounriver_studio_setup_v142/mounriver_studio/toolchain/risc-v embedded gcc/bin/../lib/gcc/riscv-none-embed/8.2.0/../../../../riscv-none-embed/lib/rv32imac/ilp32\libm.a(lib_a-k_rem_pio2.o)
                0x00000000000200e0                __kernel_rem_pio2
 .text.__kernel_sin
                0x0000000000020a32      0x19a d:/软件工具/mounriver_studio_setup_v142/mounriver_studio/toolchain/risc-v embedded gcc/bin/../lib/gcc/riscv-none-embed/8.2.0/../../../../riscv-none-embed/lib/rv32imac/ilp32\libm.a(lib_a-k_sin.o)
                0x0000000000020a32                __kernel_sin
 .text.fabs     0x0000000000020bcc        0x6 d:/软件工具/mounriver_studio_setup_v142/mounriver_studio/toolchain/risc-v embedded gcc/bin/../lib/gcc/riscv-none-embed/8.2.0/../../../../riscv-none-embed/lib/rv32imac/ilp32\libm.a(lib_a-s_fabs.o)
                0x0000000000020bcc                fabs
 .text.finite   0x0000000000020bd2        0xe d:/软件工具/mounriver_studio_setup_v142/mounriver_studio/toolchain/risc-v embedded gcc/bin/../lib/gcc/riscv-none-embed/8.2.0/../../../../riscv-none-embed/lib/rv32imac/ilp32\libm.a(lib_a-s_finite.o)
                0x0000000000020bd2                finite
 .text.floor    0x0000000000020be0      0x158 d:/软件工具/mounriver_studio_setup_v142/mounriver_studio/toolchain/risc-v embedded gcc/bin/../lib/gcc/riscv-none-embed/8.2.0/../../../../riscv-none-embed/lib/rv32imac/ilp32\libm.a(lib_a-s_floor.o)
                0x0000000000020be0                floor
 .text.matherr  0x0000000000020d38        0x4 d:/软件工具/mounriver_studio_setup_v142/mounriver_studio/toolchain/risc-v embedded gcc/bin/../lib/gcc/riscv-none-embed/8.2.0/../../../../riscv-none-embed/lib/rv32imac/ilp32\libm.a(lib_a-s_matherr.o)
                0x0000000000020d38                matherr
 .text.nan      0x0000000000020d3c        0xe d:/软件工具/mounriver_studio_setup_v142/mounriver_studio/toolchain/risc-v embedded gcc/bin/../lib/gcc/riscv-none-embed/8.2.0/../../../../riscv-none-embed/lib/rv32imac/ilp32\libm.a(lib_a-s_nan.o)
                0x0000000000020d3c                nan
 .text.rint     0x0000000000020d4a      0x18c d:/软件工具/mounriver_studio_setup_v142/mounriver_studio/toolchain/risc-v embedded gcc/bin/../lib/gcc/riscv-none-embed/8.2.0/../../../../riscv-none-embed/lib/rv32imac/ilp32\libm.a(lib_a-s_rint.o)
                0x0000000000020d4a                rint
 .text.scalbn   0x0000000000020ed6      0x140 d:/软件工具/mounriver_studio_setup_v142/mounriver_studio/toolchain/risc-v embedded gcc/bin/../lib/gcc/riscv-none-embed/8.2.0/../../../../riscv-none-embed/lib/rv32imac/ilp32\libm.a(lib_a-s_scalbn.o)
                0x0000000000020ed6                scalbn
 .text.copysign
                0x0000000000021016       0x16 d:/软件工具/mounriver_studio_setup_v142/mounriver_studio/toolchain/risc-v embedded gcc/bin/../lib/gcc/riscv-none-embed/8.2.0/../../../../riscv-none-embed/lib/rv32imac/ilp32\libm.a(lib_a-s_copysign.o)
                0x0000000000021016                copysign
 .text.tmos_msg_enqueue
                0x000000000002102c       0x1e R:\CODE\CHcode\CH582\GS02N_Air780E\GS02N_Air780E_app\LIB\libCH58xBLE.a(message.o)
                0x000000000002102c                tmos_msg_enqueue
 .text.tmos_msg_deallocate
                0x000000000002104a       0x2c R:\CODE\CHcode\CH582\GS02N_Air780E\GS02N_Air780E_app\LIB\libCH58xBLE.a(message.o)
                0x000000000002104a                tmos_msg_deallocate
 .text.tmos_msg_allocate
                0x0000000000021076       0x46 R:\CODE\CHcode\CH582\GS02N_Air780E\GS02N_Air780E_app\LIB\libCH58xBLE.a(message.o)
                0x0000000000021076                tmos_msg_allocate
 .text.tmos_msg_receive
                0x00000000000210bc       0x72 R:\CODE\CHcode\CH582\GS02N_Air780E\GS02N_Air780E_app\LIB\libCH58xBLE.a(message.o)
                0x00000000000210bc                tmos_msg_receive
 .text.tmos_msg_send
                0x000000000002112e       0x66 R:\CODE\CHcode\CH582\GS02N_Air780E\GS02N_Air780E_app\LIB\libCH58xBLE.a(message.o)
                0x000000000002112e                tmos_msg_send
 .text.tmos_msg_init
                0x0000000000021194        0xa R:\CODE\CHcode\CH582\GS02N_Air780E\GS02N_Air780E_app\LIB\libCH58xBLE.a(message.o)
                0x0000000000021194                tmos_msg_init
 .text.tmosFindTask
                0x000000000002119e       0x24 R:\CODE\CHcode\CH582\GS02N_Air780E\GS02N_Air780E_app\LIB\libCH58xBLE.a(tmos.o)
 .text.TMOS_CB_PeriodicProcessEvent
                0x00000000000211c2       0x86 R:\CODE\CHcode\CH582\GS02N_Air780E\GS02N_Air780E_app\LIB\libCH58xBLE.a(tmos.o)
                0x00000000000211c2                TMOS_CB_PeriodicProcessEvent
 .text.TMOS_CB_ProcessEvent
                0x0000000000021248       0x84 R:\CODE\CHcode\CH582\GS02N_Air780E\GS02N_Air780E_app\LIB\libCH58xBLE.a(tmos.o)
                0x0000000000021248                TMOS_CB_ProcessEvent
 .text.tmos_rand
                0x00000000000212cc       0x52 R:\CODE\CHcode\CH582\GS02N_Air780E\GS02N_Air780E_app\LIB\libCH58xBLE.a(tmos.o)
                0x00000000000212cc                tmos_rand
 .text.tmos_proces_sleep
                0x000000000002131e      0x132 R:\CODE\CHcode\CH582\GS02N_Air780E\GS02N_Air780E_app\LIB\libCH58xBLE.a(tmos.o)
                0x000000000002131e                tmos_proces_sleep
 .text.tmos_start_periodic_callback_task
                0x0000000000021450       0xfc R:\CODE\CHcode\CH582\GS02N_Air780E\GS02N_Air780E_app\LIB\libCH58xBLE.a(tmos.o)
                0x0000000000021450                tmos_start_periodic_callback_task
 .text.tmos_set_event
                0x000000000002154c       0x2e R:\CODE\CHcode\CH582\GS02N_Air780E\GS02N_Air780E_app\LIB\libCH58xBLE.a(tmos.o)
                0x000000000002154c                tmos_set_event
 .text.tmos_clear_event
                0x000000000002157a       0x32 R:\CODE\CHcode\CH582\GS02N_Air780E\GS02N_Air780E_app\LIB\libCH58xBLE.a(tmos.o)
                0x000000000002157a                tmos_clear_event
 .text.tmos_update_callback_timer
                0x00000000000215ac       0xc4 R:\CODE\CHcode\CH582\GS02N_Air780E\GS02N_Air780E_app\LIB\libCH58xBLE.a(tmos.o)
                0x00000000000215ac                tmos_update_callback_timer
 .text.tmos_start_task
                0x0000000000021670      0x120 R:\CODE\CHcode\CH582\GS02N_Air780E\GS02N_Air780E_app\LIB\libCH58xBLE.a(tmos.o)
                0x0000000000021670                tmos_start_task
 .text.tmos_start_callback_task
                0x0000000000021790       0x9a R:\CODE\CHcode\CH582\GS02N_Air780E\GS02N_Air780E_app\LIB\libCH58xBLE.a(tmos.o)
                0x0000000000021790                tmos_start_callback_task
 .text.tmos_start_reload_task
                0x000000000002182a       0x58 R:\CODE\CHcode\CH582\GS02N_Air780E\GS02N_Air780E_app\LIB\libCH58xBLE.a(tmos.o)
                0x000000000002182a                tmos_start_reload_task
 .text.tmos_stop_task
                0x0000000000021882       0x52 R:\CODE\CHcode\CH582\GS02N_Air780E\GS02N_Air780E_app\LIB\libCH58xBLE.a(tmos.o)
                0x0000000000021882                tmos_stop_task
 .text.tmos_stop_callback_task
                0x00000000000218d4       0x5c R:\CODE\CHcode\CH582\GS02N_Air780E\GS02N_Air780E_app\LIB\libCH58xBLE.a(tmos.o)
                0x00000000000218d4                tmos_stop_callback_task
 .text.tmos_get_task_timer
                0x0000000000021930       0x6c R:\CODE\CHcode\CH582\GS02N_Air780E\GS02N_Air780E_app\LIB\libCH58xBLE.a(tmos.o)
                0x0000000000021930                tmos_get_task_timer
 .text.TMOS_TimerRegister
                0x000000000002199c       0x1e R:\CODE\CHcode\CH582\GS02N_Air780E\GS02N_Air780E_app\LIB\libCH58xBLE.a(tmos.o)
                0x000000000002199c                TMOS_TimerRegister
 .text.TMOS_ProcessRegister
                0x00000000000219ba       0x16 R:\CODE\CHcode\CH582\GS02N_Air780E\GS02N_Air780E_app\LIB\libCH58xBLE.a(tmos.o)
                0x00000000000219ba                TMOS_ProcessRegister
 .text.TMOS_Init
                0x00000000000219d0      0x12e R:\CODE\CHcode\CH582\GS02N_Air780E\GS02N_Air780E_app\LIB\libCH58xBLE.a(tmos.o)
                0x00000000000219d0                TMOS_Init
 .text.TMOS_ProcessEventRegister
                0x0000000000021afe       0x3c R:\CODE\CHcode\CH582\GS02N_Air780E\GS02N_Air780E_app\LIB\libCH58xBLE.a(tmos.o)
                0x0000000000021afe                TMOS_ProcessEventRegister
 .text.BLE_LibInit
                0x0000000000021b3a      0x174 R:\CODE\CHcode\CH582\GS02N_Air780E\GS02N_Air780E_app\LIB\libCH58xBLE.a(tmos.o)
                0x0000000000021b3a                BLE_LibInit
 .text.clockGetTickValve
                0x0000000000021cae       0x70 R:\CODE\CHcode\CH582\GS02N_Air780E\GS02N_Air780E_app\LIB\libCH58xBLE.a(tmos_hw.o)
 .text.ll_get_sca_divisor
                0x0000000000021d1e       0x40 R:\CODE\CHcode\CH582\GS02N_Air780E\GS02N_Air780E_app\LIB\libCH58xBLE.a(tmos_hw.o)
                0x0000000000021d1e                ll_get_sca_divisor
 .text.ll_get_sca_own
                0x0000000000021d5e       0x46 R:\CODE\CHcode\CH582\GS02N_Air780E\GS02N_Air780E_app\LIB\libCH58xBLE.a(tmos_hw.o)
                0x0000000000021d5e                ll_get_sca_own
 .text.ble_ll_common_rand8
                0x0000000000021da4       0x24 R:\CODE\CHcode\CH582\GS02N_Air780E\GS02N_Air780E_app\LIB\libCH58xBLE.a(tmos_hw.o)
                0x0000000000021da4                ble_ll_common_rand8
 .text.ble_ll_common_rand16
                0x0000000000021dc8       0x24 R:\CODE\CHcode\CH582\GS02N_Air780E\GS02N_Air780E_app\LIB\libCH58xBLE.a(tmos_hw.o)
                0x0000000000021dc8                ble_ll_common_rand16
 .text.ble_ll_common_rand32
                0x0000000000021dec       0x20 R:\CODE\CHcode\CH582\GS02N_Air780E\GS02N_Air780E_app\LIB\libCH58xBLE.a(tmos_hw.o)
                0x0000000000021dec                ble_ll_common_rand32
 .text.TMOS_TempSample
                0x0000000000021e0c       0x62 R:\CODE\CHcode\CH582\GS02N_Air780E\GS02N_Air780E_app\LIB\libCH58xBLE.a(tmos_hw.o)
                0x0000000000021e0c                TMOS_TempSample
 .text.TMOS_TimerInit
                0x0000000000021e6e       0xca R:\CODE\CHcode\CH582\GS02N_Air780E\GS02N_Air780E_app\LIB\libCH58xBLE.a(tmos_hw.o)
                0x0000000000021e6e                TMOS_TimerInit
 .text.tmos_snv_init
                0x0000000000021f38       0xc0 R:\CODE\CHcode\CH582\GS02N_Air780E\GS02N_Air780E_app\LIB\libCH58xBLE.a(tmos_snv.o)
                0x0000000000021f38                tmos_snv_init
 .text.tmos_snv_clear
                0x0000000000021ff8       0xb2 R:\CODE\CHcode\CH582\GS02N_Air780E\GS02N_Air780E_app\LIB\libCH58xBLE.a(tmos_snv.o)
                0x0000000000021ff8                tmos_snv_clear
 .text.tmos_snv_read
                0x00000000000220aa      0x292 R:\CODE\CHcode\CH582\GS02N_Air780E\GS02N_Air780E_app\LIB\libCH58xBLE.a(tmos_snv.o)
                0x00000000000220aa                tmos_snv_read
 .text.tmos_snv_notify
                0x000000000002233c       0x5a R:\CODE\CHcode\CH582\GS02N_Air780E\GS02N_Air780E_app\LIB\libCH58xBLE.a(tmos_snv.o)
                0x000000000002233c                tmos_snv_notify
 .text.tmos_snv_write
                0x0000000000022396      0x2ce R:\CODE\CHcode\CH582\GS02N_Air780E\GS02N_Air780E_app\LIB\libCH58xBLE.a(tmos_snv.o)
                0x0000000000022396                tmos_snv_write
 .text.tmos_snv_compact
                0x0000000000022664        0x4 R:\CODE\CHcode\CH582\GS02N_Air780E\GS02N_Air780E_app\LIB\libCH58xBLE.a(tmos_snv.o)
                0x0000000000022664                tmos_snv_compact
 .text.disconnectNext
                0x0000000000022668       0x22 R:\CODE\CHcode\CH582\GS02N_Air780E\GS02N_Air780E_app\LIB\libCH58xBLE.a(gap.o)
 .text.GAP_ParamInit
                0x000000000002268a      0x160 R:\CODE\CHcode\CH582\GS02N_Air780E\GS02N_Air780E_app\LIB\libCH58xBLE.a(gap.o)
                0x000000000002268a                GAP_ParamInit
 .text.sendTerminateEvent
                0x00000000000227ea       0x58 R:\CODE\CHcode\CH582\GS02N_Air780E\GS02N_Air780E_app\LIB\libCH58xBLE.a(gap.o)
                0x00000000000227ea                sendTerminateEvent
 .text.gapRegisterCentral
                0x0000000000022842        0x6 R:\CODE\CHcode\CH582\GS02N_Air780E\GS02N_Air780E_app\LIB\libCH58xBLE.a(gap.o)
                0x0000000000022842                gapRegisterCentral
 .text.gapRegisterCentralConn
                0x0000000000022848        0x6 R:\CODE\CHcode\CH582\GS02N_Air780E\GS02N_Air780E_app\LIB\libCH58xBLE.a(gap.o)
                0x0000000000022848                gapRegisterCentralConn
 .text.gapRegisterPeripheral
                0x000000000002284e        0x6 R:\CODE\CHcode\CH582\GS02N_Air780E\GS02N_Air780E_app\LIB\libCH58xBLE.a(gap.o)
                0x000000000002284e                gapRegisterPeripheral
 .text.gapRegisterPeripheralConn
                0x0000000000022854        0x6 R:\CODE\CHcode\CH582\GS02N_Air780E\GS02N_Air780E_app\LIB\libCH58xBLE.a(gap.o)
                0x0000000000022854                gapRegisterPeripheralConn
 .text.smGenerateRandBuf
                0x000000000002285a       0x56 R:\CODE\CHcode\CH582\GS02N_Air780E\GS02N_Air780E_app\LIB\libCH58xBLE.a(gap.o)
                0x000000000002285a                smGenerateRandBuf
 .text.gapL2capConnParamUpdateReq
                0x00000000000228b0       0x36 R:\CODE\CHcode\CH582\GS02N_Air780E\GS02N_Air780E_app\LIB\libCH58xBLE.a(gap.o)
                0x00000000000228b0                gapL2capConnParamUpdateReq
 .text.gapValidADType
                0x00000000000228e6       0x16 R:\CODE\CHcode\CH582\GS02N_Air780E\GS02N_Air780E_app\LIB\libCH58xBLE.a(gap.o)
                0x00000000000228e6                gapValidADType
 .text.gapFindADType
                0x00000000000228fc       0x94 R:\CODE\CHcode\CH582\GS02N_Air780E\GS02N_Air780E_app\LIB\libCH58xBLE.a(gap.o)
                0x00000000000228fc                gapFindADType
 .text.GAP_SecParamsInit
                0x0000000000022990       0xae R:\CODE\CHcode\CH582\GS02N_Air780E\GS02N_Air780E_app\LIB\libCH58xBLE.a(gap.o)
                0x0000000000022990                GAP_SecParamsInit
 .text.GAP_ParamsInit
                0x0000000000022a3e       0x50 R:\CODE\CHcode\CH582\GS02N_Air780E\GS02N_Air780E_app\LIB\libCH58xBLE.a(gap.o)
                0x0000000000022a3e                GAP_ParamsInit
 .text.gapAddAddrAdj
                0x0000000000022a8e       0x48 R:\CODE\CHcode\CH582\GS02N_Air780E\GS02N_Air780E_app\LIB\libCH58xBLE.a(gap.o)
                0x0000000000022a8e                gapAddAddrAdj
 .text.gapDetermineAddrType
                0x0000000000022ad6       0x28 R:\CODE\CHcode\CH582\GS02N_Air780E\GS02N_Air780E_app\LIB\libCH58xBLE.a(gap.o)
                0x0000000000022ad6                gapDetermineAddrType
 .text.gapFreeAuthLink
                0x0000000000022afe       0x4a R:\CODE\CHcode\CH582\GS02N_Air780E\GS02N_Air780E_app\LIB\libCH58xBLE.a(gap.o)
                0x0000000000022afe                gapFreeAuthLink
 .text.gapGetDevAddress
                0x0000000000022b48       0x24 R:\CODE\CHcode\CH582\GS02N_Air780E\GS02N_Air780E_app\LIB\libCH58xBLE.a(gap.o)
                0x0000000000022b48                gapGetDevAddress
 .text.gapGetDevAddressMode
                0x0000000000022b6c        0xa R:\CODE\CHcode\CH582\GS02N_Air780E\GS02N_Air780E_app\LIB\libCH58xBLE.a(gap.o)
                0x0000000000022b6c                gapGetDevAddressMode
 .text.gapGetIRK
                0x0000000000022b76        0xc R:\CODE\CHcode\CH582\GS02N_Air780E\GS02N_Air780E_app\LIB\libCH58xBLE.a(gap.o)
                0x0000000000022b76                gapGetIRK
 .text.gapGetSRK
                0x0000000000022b82        0xc R:\CODE\CHcode\CH582\GS02N_Air780E\GS02N_Air780E_app\LIB\libCH58xBLE.a(gap.o)
                0x0000000000022b82                gapGetSRK
 .text.gapGetSignCounter
                0x0000000000022b8e        0xe R:\CODE\CHcode\CH582\GS02N_Air780E\GS02N_Air780E_app\LIB\libCH58xBLE.a(gap.o)
                0x0000000000022b8e                gapGetSignCounter
 .text.gapIncSignCounter
                0x0000000000022b9c       0x28 R:\CODE\CHcode\CH582\GS02N_Air780E\GS02N_Air780E_app\LIB\libCH58xBLE.a(gap.o)
                0x0000000000022b9c                gapIncSignCounter
 .text.gapProcessConnEvt
                0x0000000000022bc4       0x48 R:\CODE\CHcode\CH582\GS02N_Air780E\GS02N_Air780E_app\LIB\libCH58xBLE.a(gap.o)
                0x0000000000022bc4                gapProcessConnEvt
 .text.gapProcessDisconnectCompleteEvt
                0x0000000000022c0c       0xaa R:\CODE\CHcode\CH582\GS02N_Air780E\GS02N_Air780E_app\LIB\libCH58xBLE.a(gap.o)
                0x0000000000022c0c                gapProcessDisconnectCompleteEvt
 .text.sendAuthEvent
                0x0000000000022cb6      0x120 R:\CODE\CHcode\CH582\GS02N_Air780E\GS02N_Air780E_app\LIB\libCH58xBLE.a(gap.o)
                0x0000000000022cb6                sendAuthEvent
 .text.gapSendBondCompleteEvent
                0x0000000000022dd6       0x74 R:\CODE\CHcode\CH582\GS02N_Air780E\GS02N_Air780E_app\LIB\libCH58xBLE.a(gap.o)
                0x0000000000022dd6                gapSendBondCompleteEvent
 .text.gapSendPairingReqEvent
                0x0000000000022e4a       0x96 R:\CODE\CHcode\CH582\GS02N_Air780E\GS02N_Air780E_app\LIB\libCH58xBLE.a(gap.o)
                0x0000000000022e4a                gapSendPairingReqEvent
 .text.gapSendSlaveSecurityReqEvent
                0x0000000000022ee0       0x68 R:\CODE\CHcode\CH582\GS02N_Air780E\GS02N_Air780E_app\LIB\libCH58xBLE.a(gap.o)
                0x0000000000022ee0                gapSendSlaveSecurityReqEvent
 .text.gapSendDeviceInitDoneEvent
                0x0000000000022f48       0x88 R:\CODE\CHcode\CH582\GS02N_Air780E\GS02N_Air780E_app\LIB\libCH58xBLE.a(gap.o)
                0x0000000000022f48                gapSendDeviceInitDoneEvent
 .text.gapSendLinkUpdateEvent
                0x0000000000022fd0       0xb2 R:\CODE\CHcode\CH582\GS02N_Air780E\GS02N_Air780E_app\LIB\libCH58xBLE.a(gap.o)
                0x0000000000022fd0                gapSendLinkUpdateEvent
 .text.gapSendPhyUpdateEvent
                0x0000000000023082       0x58 R:\CODE\CHcode\CH582\GS02N_Air780E\GS02N_Air780E_app\LIB\libCH58xBLE.a(gap.o)
                0x0000000000023082                gapSendPhyUpdateEvent
 .text.gapSendEstLinkEvent
                0x00000000000230da       0xbc R:\CODE\CHcode\CH582\GS02N_Air780E\GS02N_Air780E_app\LIB\libCH58xBLE.a(gap.o)
                0x00000000000230da                gapSendEstLinkEvent
 .text.gapProcessNewAddr
                0x0000000000023196       0x3e R:\CODE\CHcode\CH582\GS02N_Air780E\GS02N_Air780E_app\LIB\libCH58xBLE.a(gap.o)
                0x0000000000023196                gapProcessNewAddr
 .text.gapProcessRandomAddrComplete
                0x00000000000231d4       0xb6 R:\CODE\CHcode\CH582\GS02N_Air780E\GS02N_Air780E_app\LIB\libCH58xBLE.a(gap.o)
                0x00000000000231d4                gapProcessRandomAddrComplete
 .text.GAP_Authenticate
                0x000000000002328a       0xde R:\CODE\CHcode\CH582\GS02N_Air780E\GS02N_Air780E_app\LIB\libCH58xBLE.a(gap.o)
                0x000000000002328a                GAP_Authenticate
 .text.GAP_Bond
                0x0000000000023368       0xaa R:\CODE\CHcode\CH582\GS02N_Air780E\GS02N_Air780E_app\LIB\libCH58xBLE.a(gap.o)
                0x0000000000023368                GAP_Bond
 .text.GAP_GetParamValue
                0x0000000000023412       0x20 R:\CODE\CHcode\CH582\GS02N_Air780E\GS02N_Air780E_app\LIB\libCH58xBLE.a(gap.o)
                0x0000000000023412                GAP_GetParamValue
 .text.GAP_PasscodeUpdate
                0x0000000000023432       0x54 R:\CODE\CHcode\CH582\GS02N_Air780E\GS02N_Air780E_app\LIB\libCH58xBLE.a(gap.o)
                0x0000000000023432                GAP_PasscodeUpdate
 .text.GAP_RegisterForMsgs
                0x0000000000023486        0xa R:\CODE\CHcode\CH582\GS02N_Air780E\GS02N_Air780E_app\LIB\libCH58xBLE.a(gap.o)
                0x0000000000023486                GAP_RegisterForMsgs
 .text.GAP_ResolvePrivateAddr
                0x0000000000023490        0x4 R:\CODE\CHcode\CH582\GS02N_Air780E\GS02N_Air780E_app\LIB\libCH58xBLE.a(gap.o)
                0x0000000000023490                GAP_ResolvePrivateAddr
 .text.gapPairingCompleteCB
                0x0000000000023494      0x18c R:\CODE\CHcode\CH582\GS02N_Air780E\GS02N_Air780E_app\LIB\libCH58xBLE.a(gap.o)
                0x0000000000023494                gapPairingCompleteCB
 .text.gapPasskeyNeededCB
                0x0000000000023620       0x8e R:\CODE\CHcode\CH582\GS02N_Air780E\GS02N_Air780E_app\LIB\libCH58xBLE.a(gap.o)
                0x0000000000023620                gapPasskeyNeededCB
 .text.gapOobNeededCB